Archive member included because of file (symbol)

c:/program files (x86)/atmel/avr studio 5.0/avr toolchain/bin/../lib/gcc/avr/4.5.1/avrxmega2\libgcc.a(_umulhisi3.o)
                              AniBike2V7BT_FileSystem.o (__umulhisi3)
c:/program files (x86)/atmel/avr studio 5.0/avr toolchain/bin/../lib/gcc/avr/4.5.1/avrxmega2\libgcc.a(_exit.o)
                              c:/program files (x86)/atmel/avr studio 5.0/avr toolchain/bin/../lib/gcc/avr/4.5.1/../../../../avr/lib/avrxmega2/crtx32d4.o (exit)
c:/program files (x86)/atmel/avr studio 5.0/avr toolchain/bin/../lib/gcc/avr/4.5.1/avrxmega2\libgcc.a(_copy_data.o)
                              AniBike2V7BT_FileSystem.o (__do_copy_data)
c:/program files (x86)/atmel/avr studio 5.0/avr toolchain/bin/../lib/gcc/avr/4.5.1/avrxmega2\libgcc.a(_clear_bss.o)
                              AniBike2V7BT_DataLink.o (__do_clear_bss)
c:/program files (x86)/atmel/avr studio 5.0/avr toolchain/bin/../lib/gcc/avr/4.5.1/../../../../avr/lib/avrxmega2\libc.a(atoi.o)
                              AniBike2V7BT_TransferProtocol.o (atoi)
c:/program files (x86)/atmel/avr studio 5.0/avr toolchain/bin/../lib/gcc/avr/4.5.1/../../../../avr/lib/avrxmega2\libc.a(atol.o)
                              AniBike2V7BT_TransferProtocol.o (atol)
c:/program files (x86)/atmel/avr studio 5.0/avr toolchain/bin/../lib/gcc/avr/4.5.1/../../../../avr/lib/avrxmega2\libc.a(strtok.o)
                              AniBike2V7BT_TransferProtocol.o (strtok)
c:/program files (x86)/atmel/avr studio 5.0/avr toolchain/bin/../lib/gcc/avr/4.5.1/../../../../avr/lib/avrxmega2\libc.a(strcmp.o)
                              AniBike2V7BT_FileSystem.o (strcmp)
c:/program files (x86)/atmel/avr studio 5.0/avr toolchain/bin/../lib/gcc/avr/4.5.1/../../../../avr/lib/avrxmega2\libc.a(strcpy.o)
                              AniBike2V7BT_TransferProtocol.o (strcpy)
c:/program files (x86)/atmel/avr studio 5.0/avr toolchain/bin/../lib/gcc/avr/4.5.1/../../../../avr/lib/avrxmega2\libc.a(strstr.o)
                              AniBike2V7BT_TransferProtocol.o (strstr)
c:/program files (x86)/atmel/avr studio 5.0/avr toolchain/bin/../lib/gcc/avr/4.5.1/../../../../avr/lib/avrxmega2\libc.a(strtok_r.o)
                              c:/program files (x86)/atmel/avr studio 5.0/avr toolchain/bin/../lib/gcc/avr/4.5.1/../../../../avr/lib/avrxmega2\libc.a(strtok.o) (strtok_r)
c:/program files (x86)/atmel/avr studio 5.0/avr toolchain/bin/../lib/gcc/avr/4.5.1/../../../../avr/lib/avrxmega2\libc.a(mulsi10.o)
                              c:/program files (x86)/atmel/avr studio 5.0/avr toolchain/bin/../lib/gcc/avr/4.5.1/../../../../avr/lib/avrxmega2\libc.a(atol.o) (__mulsi_const_10)
c:/program files (x86)/atmel/avr studio 5.0/avr toolchain/bin/../lib/gcc/avr/4.5.1/../../../../avr/lib/avrxmega2\libc.a(mul10.o)
                              c:/program files (x86)/atmel/avr studio 5.0/avr toolchain/bin/../lib/gcc/avr/4.5.1/../../../../avr/lib/avrxmega2\libc.a(atoi.o) (__mulhi_const_10)
c:/program files (x86)/atmel/avr studio 5.0/avr toolchain/bin/../lib/gcc/avr/4.5.1/../../../../avr/lib/avrxmega2\libc.a(fgetc.o)
                              AniBike2V7BT_TransferProtocol.o (fgetc)
c:/program files (x86)/atmel/avr studio 5.0/avr toolchain/bin/../lib/gcc/avr/4.5.1/../../../../avr/lib/avrxmega2\libc.a(fputc.o)
                              AniBike2V7BT_FileSystem.o (fputc)
c:/program files (x86)/atmel/avr studio 5.0/avr toolchain/bin/../lib/gcc/avr/4.5.1/../../../../avr/lib/avrxmega2\libc.a(gets.o)
                              AniBike2V7BT_TransferProtocol.o (gets)
c:/program files (x86)/atmel/avr studio 5.0/avr toolchain/bin/../lib/gcc/avr/4.5.1/../../../../avr/lib/avrxmega2\libc.a(iob.o)
                              AniBike2V7BT_FileSystem.o (__iob)
c:/program files (x86)/atmel/avr studio 5.0/avr toolchain/bin/../lib/gcc/avr/4.5.1/../../../../avr/lib/avrxmega2\libc.a(printf_p.o)
                              AniBike2V7BT_DataLink.o (printf_P)
c:/program files (x86)/atmel/avr studio 5.0/avr toolchain/bin/../lib/gcc/avr/4.5.1/../../../../avr/lib/avrxmega2\libc.a(vfprintf_std.o)
                              c:/program files (x86)/atmel/avr studio 5.0/avr toolchain/bin/../lib/gcc/avr/4.5.1/../../../../avr/lib/avrxmega2\libc.a(printf_p.o) (vfprintf)
c:/program files (x86)/atmel/avr studio 5.0/avr toolchain/bin/../lib/gcc/avr/4.5.1/../../../../avr/lib/avrxmega2\libc.a(strnlen_P.o)
                              c:/program files (x86)/atmel/avr studio 5.0/avr toolchain/bin/../lib/gcc/avr/4.5.1/../../../../avr/lib/avrxmega2\libc.a(vfprintf_std.o) (strnlen_P)
c:/program files (x86)/atmel/avr studio 5.0/avr toolchain/bin/../lib/gcc/avr/4.5.1/../../../../avr/lib/avrxmega2\libc.a(strnlen.o)
                              c:/program files (x86)/atmel/avr studio 5.0/avr toolchain/bin/../lib/gcc/avr/4.5.1/../../../../avr/lib/avrxmega2\libc.a(vfprintf_std.o) (strnlen)
c:/program files (x86)/atmel/avr studio 5.0/avr toolchain/bin/../lib/gcc/avr/4.5.1/../../../../avr/lib/avrxmega2\libc.a(ultoa_invert.o)
                              c:/program files (x86)/atmel/avr studio 5.0/avr toolchain/bin/../lib/gcc/avr/4.5.1/../../../../avr/lib/avrxmega2\libc.a(vfprintf_std.o) (__ultoa_invert)
c:/program files (x86)/atmel/avr studio 5.0/avr toolchain/bin/../lib/gcc/avr/4.5.1/avrxmega2\libgcc.a(_prologue.o)
                              c:/program files (x86)/atmel/avr studio 5.0/avr toolchain/bin/../lib/gcc/avr/4.5.1/../../../../avr/lib/avrxmega2\libc.a(printf_p.o) (__prologue_saves__)
c:/program files (x86)/atmel/avr studio 5.0/avr toolchain/bin/../lib/gcc/avr/4.5.1/avrxmega2\libgcc.a(_epilogue.o)
                              c:/program files (x86)/atmel/avr studio 5.0/avr toolchain/bin/../lib/gcc/avr/4.5.1/../../../../avr/lib/avrxmega2\libc.a(gets.o) (__epilogue_restores__)

Allocating common symbols
Common symbol       size              file

spiMasterC          0x7               AniBike2V7BT_DataLink.o
spiMasterD          0x7               DataFlash.o
rxBuffer            0x80              AniBike2V7BT_DataLink.o
__iob               0x6               c:/program files (x86)/atmel/avr studio 5.0/avr toolchain/bin/../lib/gcc/avr/4.5.1/../../../../avr/lib/avrxmega2\libc.a(iob.o)

Memory Configuration

Name             Origin             Length             Attributes
text             0x00000000         0x00100000         xr
data             0x00802000         0x0000ffa0         rw !x
eeprom           0x00810000         0x00010000         rw !x
fuse             0x00820000         0x00000400         rw !x
lock             0x00830000         0x00000400         rw !x
signature        0x00840000         0x00000400         rw !x
*default*        0x00000000         0xffffffff

Linker script and memory map

LOAD c:/program files (x86)/atmel/avr studio 5.0/avr toolchain/bin/../lib/gcc/avr/4.5.1/../../../../avr/lib/avrxmega2/crtx32d4.o
LOAD AniBike2V7BT_Clock.o
LOAD AniBike2V7BT_DataLink.o
LOAD AniBike2V7BT_FileSystem.o
LOAD AniBike2V7BT_HallSensor.o
LOAD AniBike2V7BT_LightingSystem.o
LOAD AniBike2V7BT_master.o
LOAD AniBike2V7BT_TransferProtocol.o
LOAD clksys_driver.o
LOAD DataFlash.o
LOAD eeprom_driver.o
LOAD port_driver.o
LOAD spi_driver.o
LOAD swUART.o
LOAD tc_driver.o
LOAD c:/program files (x86)/atmel/avr studio 5.0/avr toolchain/bin/../lib/gcc/avr/4.5.1/avrxmega2\libgcc.a
LOAD c:/program files (x86)/atmel/avr studio 5.0/avr toolchain/bin/../lib/gcc/avr/4.5.1/../../../../avr/lib/avrxmega2\libc.a
LOAD c:/program files (x86)/atmel/avr studio 5.0/avr toolchain/bin/../lib/gcc/avr/4.5.1/avrxmega2\libgcc.a

.hash
 *(.hash)

.dynsym
 *(.dynsym)

.dynstr
 *(.dynstr)

.gnu.version
 *(.gnu.version)

.gnu.version_d
 *(.gnu.version_d)

.gnu.version_r
 *(.gnu.version_r)

.rel.init
 *(.rel.init)

.rela.init
 *(.rela.init)

.rel.text
 *(.rel.text)
 *(.rel.text.*)
 *(.rel.gnu.linkonce.t*)

.rela.text
 *(.rela.text)
 *(.rela.text.*)
 *(.rela.gnu.linkonce.t*)

.rel.fini
 *(.rel.fini)

.rela.fini
 *(.rela.fini)

.rel.rodata
 *(.rel.rodata)
 *(.rel.rodata.*)
 *(.rel.gnu.linkonce.r*)

.rela.rodata
 *(.rela.rodata)
 *(.rela.rodata.*)
 *(.rela.gnu.linkonce.r*)

.rel.data
 *(.rel.data)
 *(.rel.data.*)
 *(.rel.gnu.linkonce.d*)

.rela.data
 *(.rela.data)
 *(.rela.data.*)
 *(.rela.gnu.linkonce.d*)

.rel.ctors
 *(.rel.ctors)

.rela.ctors
 *(.rela.ctors)

.rel.dtors
 *(.rel.dtors)

.rela.dtors
 *(.rela.dtors)

.rel.got
 *(.rel.got)

.rela.got
 *(.rela.got)

.rel.bss
 *(.rel.bss)

.rela.bss
 *(.rela.bss)

.rel.plt
 *(.rel.plt)

.rela.plt
 *(.rela.plt)

.text           0x00000000     0x4ef4
 *(.vectors)
 .vectors       0x00000000      0x16c c:/program files (x86)/atmel/avr studio 5.0/avr toolchain/bin/../lib/gcc/avr/4.5.1/../../../../avr/lib/avrxmega2/crtx32d4.o
                0x00000000                __vector_default
                0x00000000                __vectors
 *(.vectors)
 *(.progmem.gcc*)
 *(.progmem*)
 .progmem.data  0x0000016c        0xf AniBike2V7BT_DataLink.o
 .progmem.data  0x0000017b       0xa0 AniBike2V7BT_FileSystem.o
 .progmem.data  0x0000021b        0xe AniBike2V7BT_master.o
 .progmem.data  0x00000229      0x711 AniBike2V7BT_TransferProtocol.o
                0x0000093a                . = ALIGN (0x2)
                0x0000093a                __trampolines_start = .
 *(.trampolines)
 .trampolines   0x0000093a        0x0 linker stubs
 *(.trampolines*)
                0x0000093a                __trampolines_end = .
 *(.jumptables)
 *(.jumptables*)
 *(.lowtext)
 *(.lowtext*)
                0x0000093a                __ctors_start = .
 *(.ctors)
                0x0000093a                __ctors_end = .
                0x0000093a                __dtors_start = .
 *(.dtors)
                0x0000093a                __dtors_end = .
 SORT(*)(.ctors)
 SORT(*)(.dtors)
 *(.init0)
 .init0         0x0000093a        0x0 c:/program files (x86)/atmel/avr studio 5.0/avr toolchain/bin/../lib/gcc/avr/4.5.1/../../../../avr/lib/avrxmega2/crtx32d4.o
                0x0000093a                __init
 *(.init0)
 *(.init1)
 *(.init1)
 *(.init2)
 .init2         0x0000093a        0xc c:/program files (x86)/atmel/avr studio 5.0/avr toolchain/bin/../lib/gcc/avr/4.5.1/../../../../avr/lib/avrxmega2/crtx32d4.o
 *(.init2)
 *(.init3)
 *(.init3)
 *(.init4)
 .init4         0x00000946       0x16 c:/program files (x86)/atmel/avr studio 5.0/avr toolchain/bin/../lib/gcc/avr/4.5.1/avrxmega2\libgcc.a(_copy_data.o)
                0x00000946                __do_copy_data
 .init4         0x0000095c       0x10 c:/program files (x86)/atmel/avr studio 5.0/avr toolchain/bin/../lib/gcc/avr/4.5.1/avrxmega2\libgcc.a(_clear_bss.o)
                0x0000095c                __do_clear_bss
 *(.init4)
 *(.init5)
 *(.init5)
 *(.init6)
 *(.init6)
 *(.init7)
 *(.init7)
 *(.init8)
 *(.init8)
 *(.init9)
 .init9         0x0000096c        0x8 c:/program files (x86)/atmel/avr studio 5.0/avr toolchain/bin/../lib/gcc/avr/4.5.1/../../../../avr/lib/avrxmega2/crtx32d4.o
 *(.init9)
 *(.text)
 .text          0x00000974        0x4 c:/program files (x86)/atmel/avr studio 5.0/avr toolchain/bin/../lib/gcc/avr/4.5.1/../../../../avr/lib/avrxmega2/crtx32d4.o
                0x00000974                __vector_38
                0x00000974                __vector_22
                0x00000974                __vector_63
                0x00000974                __vector_28
                0x00000974                __vector_67
                0x00000974                __vector_1
                0x00000974                __vector_32
                0x00000974                __vector_75
                0x00000974                __vector_71
                0x00000974                __vector_62
                0x00000974                __vector_77
                0x00000974                __vector_24
                0x00000974                __vector_12
                0x00000974                __vector_55
                0x00000974                __vector_69
                0x00000974                __vector_81
                0x00000974                __vector_90
                0x00000974                __vector_46
                0x00000974                __bad_interrupt
                0x00000974                __vector_72
                0x00000974                __vector_6
                0x00000974                __vector_31
                0x00000974                __vector_35
                0x00000974                __vector_78
                0x00000974                __vector_74
                0x00000974                __vector_39
                0x00000974                __vector_3
                0x00000974                __vector_23
                0x00000974                __vector_68
                0x00000974                __vector_30
                0x00000974                __vector_73
                0x00000974                __vector_45
                0x00000974                __vector_25
                0x00000974                __vector_61
                0x00000974                __vector_11
                0x00000974                __vector_54
                0x00000974                __vector_13
                0x00000974                __vector_17
                0x00000974                __vector_19
                0x00000974                __vector_56
                0x00000974                __vector_7
                0x00000974                __vector_49
                0x00000974                __vector_41
                0x00000974                __vector_86
                0x00000974                __vector_64
                0x00000974                __vector_88
                0x00000974                __vector_43
                0x00000974                __vector_27
                0x00000974                __vector_5
                0x00000974                __vector_33
                0x00000974                __vector_76
                0x00000974                __vector_47
                0x00000974                __vector_52
                0x00000974                __vector_37
                0x00000974                __vector_89
                0x00000974                __vector_4
                0x00000974                __vector_44
                0x00000974                __vector_82
                0x00000974                __vector_51
                0x00000974                __vector_9
                0x00000974                __vector_21
                0x00000974                __vector_15
                0x00000974                __vector_36
                0x00000974                __vector_79
                0x00000974                __vector_58
                0x00000974                __vector_70
                0x00000974                __vector_83
                0x00000974                __vector_29
                0x00000974                __vector_60
                0x00000974                __vector_40
                0x00000974                __vector_85
                0x00000974                __vector_8
                0x00000974                __vector_26
                0x00000974                __vector_48
                0x00000974                __vector_80
                0x00000974                __vector_14
                0x00000974                __vector_84
                0x00000974                __vector_57
                0x00000974                __vector_53
                0x00000974                __vector_10
                0x00000974                __vector_50
                0x00000974                __vector_16
                0x00000974                __vector_59
                0x00000974                __vector_18
                0x00000974                __vector_20
                0x00000974                __vector_42
                0x00000974                __vector_87
                0x00000974                __vector_65
 .text          0x00000978       0x90 AniBike2V7BT_Clock.o
                0x00000978                SetClockFreq
 .text          0x00000a08      0x426 AniBike2V7BT_DataLink.o
                0x00000a08                anibike_dl_initialize
                0x00000ad4                anibike_dl_send_data
                0x00000be4                anibike_dl_receive_byte
                0x00000c66                anibike_dl_receive_data
                0x00000dd6                __vector_2
 .text          0x00000e2e      0xb88 AniBike2V7BT_FileSystem.o
                0x00000e2e                transfer_word
                0x00000e92                FS_ReadEntry
                0x00001086                FS_ReadNextEntry
                0x000010e2                FS_ReadFrame
                0x00001172                FS_ReadEntry_FileMatch
                0x00001398                FS_ReadFileContents
                0x00001616                FS_ShowFileInformation
                0x000017f4                FS_SearchFile
                0x000019aa                FS_StopReadingFrame
                0x000019b4                FS_WriteNewEntryTable
 .text          0x000019b6       0x8e AniBike2V7BT_HallSensor.o
                0x000019b6                initialize_hall_sensor
                0x000019e8                set_hall_interrupt_handler
                0x000019f2                __vector_66
 .text          0x00001a44      0x2f6 AniBike2V7BT_LightingSystem.o
                0x00001a44                initialize_lighting_system
                0x00001c1a                read_period_calibrations
                0x00001cb6                write_period_calibrations
 .text          0x00001d3a       0x54 AniBike2V7BT_master.o
                0x00001d3a                hall_sensor_handler
                0x00001d52                main
 .text          0x00001d8e     0x17d4 AniBike2V7BT_TransferProtocol.o
                0x00001d8e                tm_cmd_software_reset
                0x00001d9c                tm_cmd_write_dl
                0x00001e34                tm_cmd_cs_high
                0x00001e54                tm_cmd_cs_low
                0x00001e74                tm_cmd_repa
                0x00001ec4                tm_cmd_echo_on
                0x00001ee2                tm_cmd_start_all
                0x00001f08                tm_cmd_stop_all
                0x00001f2c                tm_cmd_echo_off
                0x00001f48                tm_cmd_write_led_cal
                0x00002006                tm_cmd_read_led_cal
                0x0000206a                tm_cmd_configure_bt
                0x000021fc                tm_cmd_help
                0x00002384                tm_cmd_test_memory
                0x0000258e                tm_cmd_read
                0x000026c2                tm_cmd_test_led
                0x000027e6                tm_cmd_write
                0x000028b4                tm_cmd_read_block
                0x00002960                tm_cmd_get_fs
                0x00002a1c                tm_cmd_dir
                0x00002a22                tm_cmd_flash_status
                0x00002b8c                tm_cmd_unprotect_flash
                0x00002c02                tm_cmd_erase_flash
                0x00002c8a                tm_cmd_protect_flash
                0x00002d00                tm_cmd_spi_transfer
                0x00002da2                tm_cmd_write_block
                0x0000301e                tm_cmd_idn
                0x00003104                rx_handler
                0x000033e8                cmd_menu
                0x00003422                cmd_parse
 .text          0x00003562      0x182 clksys_driver.o
                0x00003562                CCPWrite
                0x0000358c                CLKSYS_XOSC_Config
                0x000035ac                CLKSYS_PLL_Config
                0x000035b8                CLKSYS_Disable
                0x000035cc                CLKSYS_Prescalers_Config
                0x000035fc                CLKSYS_Main_ClockSource_Select
                0x00003638                CLKSYS_RTC_ClockSource_Enable
                0x00003648                CLKSYS_AutoCalibration_Enable
                0x00003684                CLKSYS_XOSC_FailureDetection_Enable
                0x000036b4                CLKSYS_Configuration_Lock
 .text          0x000036e4      0x694 DataFlash.o
                0x000036e4                dataflash_spi_init
                0x00003730                dataflash_spi_idn
                0x000037ba                dataflash_write
                0x00003858                dataflash_read
                0x000038d0                dataflash_unprotect_all
                0x00003988                dataflash_protect_all
                0x00003a40                dataflash_erase_all
                0x00003b5c                dataflash_erase_block4
                0x00003bfe                dataflash_unprotect_block4
                0x00003ca0                dataflash_protect_block4
                0x00003d42                dataflash_read_status
 .text          0x00003d78      0x288 eeprom_driver.o
                0x00003d78                EEPROM_WriteByte
                0x00003e00                EEPROM_ReadByte
                0x00003e5a                EEPROM_WaitForNVM
                0x00003e64                EEPROM_FlushBuffer
                0x00003e9a                EEPROM_LoadByte
                0x00003eb6                EEPROM_LoadPage
                0x00003eee                EEPROM_AtomicWritePage
                0x00003f3a                EEPROM_ErasePage
                0x00003f86                EEPROM_SplitWritePage
                0x00003fd2                EEPROM_EraseAll
 .text          0x00004000       0x8a port_driver.o
                0x00004000                PORT_ConfigureInterrupt0
                0x0000400e                PORT_ConfigureInterrupt1
                0x0000401c                PORT_ConfigurePins
                0x00004052                PORT_MapVirtualPort0
                0x00004060                PORT_MapVirtualPort1
                0x0000406e                PORT_MapVirtualPort2
                0x0000407c                PORT_MapVirtualPort3
 .text          0x0000408a      0x2da spi_driver.o
                0x0000408a                SPI_MasterInit
                0x0000410a                SPI_MasterEnable
                0x0000412e                SPI_SlaveInit
                0x00004166                SPI_MasterCreateDataPacket
                0x0000418a                SPI_MasterInterruptHandler
                0x00004222                SPI_MasterInterruptTransceivePacket
                0x0000429a                SPI_MasterTransceiveByte
                0x000042b6                SPI_MasterTransceivePacket
 .text          0x00004364      0x258 swUART.o
                0x00004364                swUART_PutChar
                0x00004390                swUART_ReadChar
                0x000043b8                swUART_ConfigureDevice
                0x0000448c                swUART_SetRxInterruptLevel
                0x00004540                swUART_SetInterruptHandler
                0x0000454a                __vector_34
                0x000045a0                swUART_Delay_Tx
                0x000045ae                swUART_Delay_Rx
 .text          0x000045bc      0x114 tc_driver.o
                0x000045bc                TC0_ConfigClockSource
                0x000045c8                TC1_ConfigClockSource
                0x000045d4                TC0_ConfigWGM
                0x000045e0                TC1_ConfigWGM
                0x000045ec                TC0_ConfigInputCapture
                0x000045fa                TC1_ConfigInputCapture
                0x00004608                TC0_EnableCCChannels
                0x00004614                TC1_EnableCCChannels
                0x00004620                TC0_DisableCCChannels
                0x0000462e                TC1_DisableCCChannels
                0x0000463c                TC0_SetOverflowIntLevel
                0x00004648                TC1_SetOverflowIntLevel
                0x00004654                TC0_SetErrorIntLevel
                0x00004660                TC1_SetErrorIntLevel
                0x0000466c                TC0_SetCCAIntLevel
                0x00004678                TC1_SetCCAIntLevel
                0x00004684                TC0_SetCCBIntLevel
                0x00004690                TC1_SetCCBIntLevel
                0x0000469c                TC0_SetCCCIntLevel
                0x000046a8                TC0_SetCCDIntLevel
                0x000046b4                TC0_Reset
                0x000046c2                TC1_Reset
 .text          0x000046d0        0x0 c:/program files (x86)/atmel/avr studio 5.0/avr toolchain/bin/../lib/gcc/avr/4.5.1/avrxmega2\libgcc.a(_umulhisi3.o)
 .text          0x000046d0        0x0 c:/program files (x86)/atmel/avr studio 5.0/avr toolchain/bin/../lib/gcc/avr/4.5.1/avrxmega2\libgcc.a(_exit.o)
 .text          0x000046d0        0x0 c:/program files (x86)/atmel/avr studio 5.0/avr toolchain/bin/../lib/gcc/avr/4.5.1/avrxmega2\libgcc.a(_copy_data.o)
 .text          0x000046d0        0x0 c:/program files (x86)/atmel/avr studio 5.0/avr toolchain/bin/../lib/gcc/avr/4.5.1/avrxmega2\libgcc.a(_clear_bss.o)
 .text          0x000046d0        0x0 c:/program files (x86)/atmel/avr studio 5.0/avr toolchain/bin/../lib/gcc/avr/4.5.1/../../../../avr/lib/avrxmega2\libc.a(atoi.o)
 .text          0x000046d0        0x0 c:/program files (x86)/atmel/avr studio 5.0/avr toolchain/bin/../lib/gcc/avr/4.5.1/../../../../avr/lib/avrxmega2\libc.a(atol.o)
 .text          0x000046d0        0x0 c:/program files (x86)/atmel/avr studio 5.0/avr toolchain/bin/../lib/gcc/avr/4.5.1/../../../../avr/lib/avrxmega2\libc.a(strtok.o)
 .text          0x000046d0        0x0 c:/program files (x86)/atmel/avr studio 5.0/avr toolchain/bin/../lib/gcc/avr/4.5.1/../../../../avr/lib/avrxmega2\libc.a(strcmp.o)
 .text          0x000046d0        0x0 c:/program files (x86)/atmel/avr studio 5.0/avr toolchain/bin/../lib/gcc/avr/4.5.1/../../../../avr/lib/avrxmega2\libc.a(strcpy.o)
 .text          0x000046d0        0x0 c:/program files (x86)/atmel/avr studio 5.0/avr toolchain/bin/../lib/gcc/avr/4.5.1/../../../../avr/lib/avrxmega2\libc.a(strstr.o)
 .text          0x000046d0        0x0 c:/program files (x86)/atmel/avr studio 5.0/avr toolchain/bin/../lib/gcc/avr/4.5.1/../../../../avr/lib/avrxmega2\libc.a(strtok_r.o)
 .text          0x000046d0        0x0 c:/program files (x86)/atmel/avr studio 5.0/avr toolchain/bin/../lib/gcc/avr/4.5.1/../../../../avr/lib/avrxmega2\libc.a(mulsi10.o)
 .text          0x000046d0        0x0 c:/program files (x86)/atmel/avr studio 5.0/avr toolchain/bin/../lib/gcc/avr/4.5.1/../../../../avr/lib/avrxmega2\libc.a(mul10.o)
 .text          0x000046d0        0x0 c:/program files (x86)/atmel/avr studio 5.0/avr toolchain/bin/../lib/gcc/avr/4.5.1/../../../../avr/lib/avrxmega2\libc.a(fgetc.o)
 .text          0x000046d0        0x0 c:/program files (x86)/atmel/avr studio 5.0/avr toolchain/bin/../lib/gcc/avr/4.5.1/../../../../avr/lib/avrxmega2\libc.a(fputc.o)
 .text          0x000046d0        0x0 c:/program files (x86)/atmel/avr studio 5.0/avr toolchain/bin/../lib/gcc/avr/4.5.1/../../../../avr/lib/avrxmega2\libc.a(gets.o)
 .text          0x000046d0        0x0 c:/program files (x86)/atmel/avr studio 5.0/avr toolchain/bin/../lib/gcc/avr/4.5.1/../../../../avr/lib/avrxmega2\libc.a(iob.o)
 .text          0x000046d0        0x0 c:/program files (x86)/atmel/avr studio 5.0/avr toolchain/bin/../lib/gcc/avr/4.5.1/../../../../avr/lib/avrxmega2\libc.a(printf_p.o)
 .text          0x000046d0        0x0 c:/program files (x86)/atmel/avr studio 5.0/avr toolchain/bin/../lib/gcc/avr/4.5.1/../../../../avr/lib/avrxmega2\libc.a(vfprintf_std.o)
 .text          0x000046d0        0x0 c:/program files (x86)/atmel/avr studio 5.0/avr toolchain/bin/../lib/gcc/avr/4.5.1/../../../../avr/lib/avrxmega2\libc.a(strnlen_P.o)
 .text          0x000046d0        0x0 c:/program files (x86)/atmel/avr studio 5.0/avr toolchain/bin/../lib/gcc/avr/4.5.1/../../../../avr/lib/avrxmega2\libc.a(strnlen.o)
 .text          0x000046d0        0x0 c:/program files (x86)/atmel/avr studio 5.0/avr toolchain/bin/../lib/gcc/avr/4.5.1/../../../../avr/lib/avrxmega2\libc.a(ultoa_invert.o)
 .text          0x000046d0        0x0 c:/program files (x86)/atmel/avr studio 5.0/avr toolchain/bin/../lib/gcc/avr/4.5.1/avrxmega2\libgcc.a(_prologue.o)
 .text          0x000046d0        0x0 c:/program files (x86)/atmel/avr studio 5.0/avr toolchain/bin/../lib/gcc/avr/4.5.1/avrxmega2\libgcc.a(_epilogue.o)
                0x000046d0                . = ALIGN (0x2)
 *(.text.*)
 .text.libgcc   0x000046d0       0x1e c:/program files (x86)/atmel/avr studio 5.0/avr toolchain/bin/../lib/gcc/avr/4.5.1/avrxmega2\libgcc.a(_umulhisi3.o)
                0x000046d0                __umulhisi3
 .text.libgcc   0x000046ee        0x0 c:/program files (x86)/atmel/avr studio 5.0/avr toolchain/bin/../lib/gcc/avr/4.5.1/avrxmega2\libgcc.a(_exit.o)
 .text.libgcc   0x000046ee        0x0 c:/program files (x86)/atmel/avr studio 5.0/avr toolchain/bin/../lib/gcc/avr/4.5.1/avrxmega2\libgcc.a(_copy_data.o)
 .text.libgcc   0x000046ee        0x0 c:/program files (x86)/atmel/avr studio 5.0/avr toolchain/bin/../lib/gcc/avr/4.5.1/avrxmega2\libgcc.a(_clear_bss.o)
 .text.avr-libc
                0x000046ee       0x3c c:/program files (x86)/atmel/avr studio 5.0/avr toolchain/bin/../lib/gcc/avr/4.5.1/../../../../avr/lib/avrxmega2\libc.a(atoi.o)
                0x000046ee                atoi
 .text.avr-libc
                0x0000472a       0x4e c:/program files (x86)/atmel/avr studio 5.0/avr toolchain/bin/../lib/gcc/avr/4.5.1/../../../../avr/lib/avrxmega2\libc.a(atol.o)
                0x0000472a                atol
 .text.avr-libc
                0x00004778        0xa c:/program files (x86)/atmel/avr studio 5.0/avr toolchain/bin/../lib/gcc/avr/4.5.1/../../../../avr/lib/avrxmega2\libc.a(strtok.o)
                0x00004778                strtok
 .text.avr-libc
                0x00004782       0x12 c:/program files (x86)/atmel/avr studio 5.0/avr toolchain/bin/../lib/gcc/avr/4.5.1/../../../../avr/lib/avrxmega2\libc.a(strcmp.o)
                0x00004782                strcmp
 .text.avr-libc
                0x00004794        0xe c:/program files (x86)/atmel/avr studio 5.0/avr toolchain/bin/../lib/gcc/avr/4.5.1/../../../../avr/lib/avrxmega2\libc.a(strcpy.o)
                0x00004794                strcpy
 .text.avr-libc
                0x000047a2       0x34 c:/program files (x86)/atmel/avr studio 5.0/avr toolchain/bin/../lib/gcc/avr/4.5.1/../../../../avr/lib/avrxmega2\libc.a(strstr.o)
                0x000047a2                strstr
 .text.avr-libc
                0x000047d6       0x4e c:/program files (x86)/atmel/avr studio 5.0/avr toolchain/bin/../lib/gcc/avr/4.5.1/../../../../avr/lib/avrxmega2\libc.a(strtok_r.o)
                0x000047d6                strtok_r
 .text.avr-libc
                0x00004824       0x2a c:/program files (x86)/atmel/avr studio 5.0/avr toolchain/bin/../lib/gcc/avr/4.5.1/../../../../avr/lib/avrxmega2\libc.a(mulsi10.o)
                0x00004824                __mulsi_const_10
 .text.avr-libc
                0x0000484e       0x10 c:/program files (x86)/atmel/avr studio 5.0/avr toolchain/bin/../lib/gcc/avr/4.5.1/../../../../avr/lib/avrxmega2\libc.a(mul10.o)
                0x0000484e                __mulhi_const_10
 .text.avr-libc
                0x0000485e       0x84 c:/program files (x86)/atmel/avr studio 5.0/avr toolchain/bin/../lib/gcc/avr/4.5.1/../../../../avr/lib/avrxmega2\libc.a(fgetc.o)
                0x0000485e                fgetc
 .text.avr-libc
                0x000048e2       0x58 c:/program files (x86)/atmel/avr studio 5.0/avr toolchain/bin/../lib/gcc/avr/4.5.1/../../../../avr/lib/avrxmega2\libc.a(fputc.o)
                0x000048e2                fputc
 .text.avr-libc
                0x0000493a       0x58 c:/program files (x86)/atmel/avr studio 5.0/avr toolchain/bin/../lib/gcc/avr/4.5.1/../../../../avr/lib/avrxmega2\libc.a(gets.o)
                0x0000493a                gets
 .text.avr-libc
                0x00004992       0x46 c:/program files (x86)/atmel/avr studio 5.0/avr toolchain/bin/../lib/gcc/avr/4.5.1/../../../../avr/lib/avrxmega2\libc.a(printf_p.o)
                0x00004992                printf_P
 .text.avr-libc
                0x000049d8      0x3ce c:/program files (x86)/atmel/avr studio 5.0/avr toolchain/bin/../lib/gcc/avr/4.5.1/../../../../avr/lib/avrxmega2\libc.a(vfprintf_std.o)
                0x000049d8                vfprintf
 .text.avr-libc
                0x00004da6       0x16 c:/program files (x86)/atmel/avr studio 5.0/avr toolchain/bin/../lib/gcc/avr/4.5.1/../../../../avr/lib/avrxmega2\libc.a(strnlen_P.o)
                0x00004da6                strnlen_P
 .text.avr-libc
                0x00004dbc       0x16 c:/program files (x86)/atmel/avr studio 5.0/avr toolchain/bin/../lib/gcc/avr/4.5.1/../../../../avr/lib/avrxmega2\libc.a(strnlen.o)
                0x00004dbc                strnlen
 .text.avr-libc
                0x00004dd2       0xbc c:/program files (x86)/atmel/avr studio 5.0/avr toolchain/bin/../lib/gcc/avr/4.5.1/../../../../avr/lib/avrxmega2\libc.a(ultoa_invert.o)
                0x00004dd2                __ultoa_invert
 .text.libgcc   0x00004e8e       0x32 c:/program files (x86)/atmel/avr studio 5.0/avr toolchain/bin/../lib/gcc/avr/4.5.1/avrxmega2\libgcc.a(_prologue.o)
                0x00004e8e                __prologue_saves__
 .text.libgcc   0x00004ec0       0x30 c:/program files (x86)/atmel/avr studio 5.0/avr toolchain/bin/../lib/gcc/avr/4.5.1/avrxmega2\libgcc.a(_epilogue.o)
                0x00004ec0                __epilogue_restores__
                0x00004ef0                . = ALIGN (0x2)
 *(.fini9)
 .fini9         0x00004ef0        0x0 c:/program files (x86)/atmel/avr studio 5.0/avr toolchain/bin/../lib/gcc/avr/4.5.1/avrxmega2\libgcc.a(_exit.o)
                0x00004ef0                _exit
                0x00004ef0                exit
 *(.fini9)
 *(.fini8)
 *(.fini8)
 *(.fini7)
 *(.fini7)
 *(.fini6)
 *(.fini6)
 *(.fini5)
 *(.fini5)
 *(.fini4)
 *(.fini4)
 *(.fini3)
 *(.fini3)
 *(.fini2)
 *(.fini2)
 *(.fini1)
 *(.fini1)
 *(.fini0)
 .fini0         0x00004ef0        0x4 c:/program files (x86)/atmel/avr studio 5.0/avr toolchain/bin/../lib/gcc/avr/4.5.1/avrxmega2\libgcc.a(_exit.o)
 *(.fini0)
                0x00004ef4                _etext = .

.data           0x00802000      0x220 load address 0x00004ef4
                0x00802000                PROVIDE (__data_start, .)
 *(.data)
 .data          0x00802000        0x0 c:/program files (x86)/atmel/avr studio 5.0/avr toolchain/bin/../lib/gcc/avr/4.5.1/../../../../avr/lib/avrxmega2/crtx32d4.o
 .data          0x00802000        0x0 AniBike2V7BT_Clock.o
 .data          0x00802000        0x0 AniBike2V7BT_DataLink.o
 .data          0x00802000        0x6 AniBike2V7BT_FileSystem.o
                0x00802000                iCurrentAddress
                0x00802004                iNumOfFiles
 .data          0x00802006        0x0 AniBike2V7BT_HallSensor.o
 .data          0x00802006        0x6 AniBike2V7BT_LightingSystem.o
                0x00802006                g_iRedCalibrationPeriod
                0x00802008                g_iGreenCalibrationPeriod
                0x0080200a                g_iBlueCalibrationPeriod
 .data          0x0080200c        0x0 AniBike2V7BT_master.o
 .data          0x0080200c      0x206 AniBike2V7BT_TransferProtocol.o
                0x00802030                g_EchoOnOff
 .data          0x00802212        0x0 clksys_driver.o
 .data          0x00802212        0x0 DataFlash.o
 .data          0x00802212        0x0 eeprom_driver.o
 .data          0x00802212        0x0 port_driver.o
 .data          0x00802212        0x0 spi_driver.o
 .data          0x00802212        0xe swUART.o
                0x00802212                file_str
 .data          0x00802220        0x0 tc_driver.o
 .data          0x00802220        0x0 c:/program files (x86)/atmel/avr studio 5.0/avr toolchain/bin/../lib/gcc/avr/4.5.1/avrxmega2\libgcc.a(_umulhisi3.o)
 .data          0x00802220        0x0 c:/program files (x86)/atmel/avr studio 5.0/avr toolchain/bin/../lib/gcc/avr/4.5.1/avrxmega2\libgcc.a(_exit.o)
 .data          0x00802220        0x0 c:/program files (x86)/atmel/avr studio 5.0/avr toolchain/bin/../lib/gcc/avr/4.5.1/avrxmega2\libgcc.a(_copy_data.o)
 .data          0x00802220        0x0 c:/program files (x86)/atmel/avr studio 5.0/avr toolchain/bin/../lib/gcc/avr/4.5.1/avrxmega2\libgcc.a(_clear_bss.o)
 .data          0x00802220        0x0 c:/program files (x86)/atmel/avr studio 5.0/avr toolchain/bin/../lib/gcc/avr/4.5.1/../../../../avr/lib/avrxmega2\libc.a(atoi.o)
 .data          0x00802220        0x0 c:/program files (x86)/atmel/avr studio 5.0/avr toolchain/bin/../lib/gcc/avr/4.5.1/../../../../avr/lib/avrxmega2\libc.a(atol.o)
 .data          0x00802220        0x0 c:/program files (x86)/atmel/avr studio 5.0/avr toolchain/bin/../lib/gcc/avr/4.5.1/../../../../avr/lib/avrxmega2\libc.a(strtok.o)
 .data          0x00802220        0x0 c:/program files (x86)/atmel/avr studio 5.0/avr toolchain/bin/../lib/gcc/avr/4.5.1/../../../../avr/lib/avrxmega2\libc.a(strcmp.o)
 .data          0x00802220        0x0 c:/program files (x86)/atmel/avr studio 5.0/avr toolchain/bin/../lib/gcc/avr/4.5.1/../../../../avr/lib/avrxmega2\libc.a(strcpy.o)
 .data          0x00802220        0x0 c:/program files (x86)/atmel/avr studio 5.0/avr toolchain/bin/../lib/gcc/avr/4.5.1/../../../../avr/lib/avrxmega2\libc.a(strstr.o)
 .data          0x00802220        0x0 c:/program files (x86)/atmel/avr studio 5.0/avr toolchain/bin/../lib/gcc/avr/4.5.1/../../../../avr/lib/avrxmega2\libc.a(strtok_r.o)
 .data          0x00802220        0x0 c:/program files (x86)/atmel/avr studio 5.0/avr toolchain/bin/../lib/gcc/avr/4.5.1/../../../../avr/lib/avrxmega2\libc.a(mulsi10.o)
 .data          0x00802220        0x0 c:/program files (x86)/atmel/avr studio 5.0/avr toolchain/bin/../lib/gcc/avr/4.5.1/../../../../avr/lib/avrxmega2\libc.a(mul10.o)
 .data          0x00802220        0x0 c:/program files (x86)/atmel/avr studio 5.0/avr toolchain/bin/../lib/gcc/avr/4.5.1/../../../../avr/lib/avrxmega2\libc.a(fgetc.o)
 .data          0x00802220        0x0 c:/program files (x86)/atmel/avr studio 5.0/avr toolchain/bin/../lib/gcc/avr/4.5.1/../../../../avr/lib/avrxmega2\libc.a(fputc.o)
 .data          0x00802220        0x0 c:/program files (x86)/atmel/avr studio 5.0/avr toolchain/bin/../lib/gcc/avr/4.5.1/../../../../avr/lib/avrxmega2\libc.a(gets.o)
 .data          0x00802220        0x0 c:/program files (x86)/atmel/avr studio 5.0/avr toolchain/bin/../lib/gcc/avr/4.5.1/../../../../avr/lib/avrxmega2\libc.a(iob.o)
 .data          0x00802220        0x0 c:/program files (x86)/atmel/avr studio 5.0/avr toolchain/bin/../lib/gcc/avr/4.5.1/../../../../avr/lib/avrxmega2\libc.a(printf_p.o)
 .data          0x00802220        0x0 c:/program files (x86)/atmel/avr studio 5.0/avr toolchain/bin/../lib/gcc/avr/4.5.1/../../../../avr/lib/avrxmega2\libc.a(vfprintf_std.o)
 .data          0x00802220        0x0 c:/program files (x86)/atmel/avr studio 5.0/avr toolchain/bin/../lib/gcc/avr/4.5.1/../../../../avr/lib/avrxmega2\libc.a(strnlen_P.o)
 .data          0x00802220        0x0 c:/program files (x86)/atmel/avr studio 5.0/avr toolchain/bin/../lib/gcc/avr/4.5.1/../../../../avr/lib/avrxmega2\libc.a(strnlen.o)
 .data          0x00802220        0x0 c:/program files (x86)/atmel/avr studio 5.0/avr toolchain/bin/../lib/gcc/avr/4.5.1/../../../../avr/lib/avrxmega2\libc.a(ultoa_invert.o)
 .data          0x00802220        0x0 c:/program files (x86)/atmel/avr studio 5.0/avr toolchain/bin/../lib/gcc/avr/4.5.1/avrxmega2\libgcc.a(_prologue.o)
 .data          0x00802220        0x0 c:/program files (x86)/atmel/avr studio 5.0/avr toolchain/bin/../lib/gcc/avr/4.5.1/avrxmega2\libgcc.a(_epilogue.o)
 *(.data*)
 *(.rodata)
 *(.rodata*)
 *(.gnu.linkonce.d*)
                0x00802220                . = ALIGN (0x2)
                0x00802220                _edata = .
                0x00802220                PROVIDE (__data_end, .)

.bss            0x00802220      0x10b
                0x00802220                PROVIDE (__bss_start, .)
 *(.bss)
 .bss           0x00802220        0x0 c:/program files (x86)/atmel/avr studio 5.0/avr toolchain/bin/../lib/gcc/avr/4.5.1/../../../../avr/lib/avrxmega2/crtx32d4.o
 .bss           0x00802220        0x0 AniBike2V7BT_Clock.o
 .bss           0x00802220        0x1 AniBike2V7BT_DataLink.o
                0x00802220                rxLength
 .bss           0x00802221        0x3 AniBike2V7BT_FileSystem.o
                0x00802221                iCurrentFileNum
                0x00802223                bFS_Empty
 .bss           0x00802224        0x2 AniBike2V7BT_HallSensor.o
                0x00802224                hall_handler
 .bss           0x00802226        0x0 AniBike2V7BT_LightingSystem.o
 .bss           0x00802226        0x0 AniBike2V7BT_master.o
 .bss           0x00802226       0x6c AniBike2V7BT_TransferProtocol.o
                0x00802226                g_leftDataToGet
                0x00802227                g_dataStartAddress
                0x0080222b                g_isOperating
 .bss           0x00802292        0x0 clksys_driver.o
 .bss           0x00802292        0x0 DataFlash.o
 .bss           0x00802292        0x0 eeprom_driver.o
 .bss           0x00802292        0x0 port_driver.o
 .bss           0x00802292        0x0 spi_driver.o
 .bss           0x00802292        0x3 swUART.o
                0x00802292                swUART_RxHandler
                0x00802294                bInterruptEnabled
 .bss           0x00802295        0x0 tc_driver.o
 .bss           0x00802295        0x0 c:/program files (x86)/atmel/avr studio 5.0/avr toolchain/bin/../lib/gcc/avr/4.5.1/avrxmega2\libgcc.a(_umulhisi3.o)
 .bss           0x00802295        0x0 c:/program files (x86)/atmel/avr studio 5.0/avr toolchain/bin/../lib/gcc/avr/4.5.1/avrxmega2\libgcc.a(_exit.o)
 .bss           0x00802295        0x0 c:/program files (x86)/atmel/avr studio 5.0/avr toolchain/bin/../lib/gcc/avr/4.5.1/avrxmega2\libgcc.a(_copy_data.o)
 .bss           0x00802295        0x0 c:/program files (x86)/atmel/avr studio 5.0/avr toolchain/bin/../lib/gcc/avr/4.5.1/avrxmega2\libgcc.a(_clear_bss.o)
 .bss           0x00802295        0x0 c:/program files (x86)/atmel/avr studio 5.0/avr toolchain/bin/../lib/gcc/avr/4.5.1/../../../../avr/lib/avrxmega2\libc.a(atoi.o)
 .bss           0x00802295        0x0 c:/program files (x86)/atmel/avr studio 5.0/avr toolchain/bin/../lib/gcc/avr/4.5.1/../../../../avr/lib/avrxmega2\libc.a(atol.o)
 .bss           0x00802295        0x2 c:/program files (x86)/atmel/avr studio 5.0/avr toolchain/bin/../lib/gcc/avr/4.5.1/../../../../avr/lib/avrxmega2\libc.a(strtok.o)
 .bss           0x00802297        0x0 c:/program files (x86)/atmel/avr studio 5.0/avr toolchain/bin/../lib/gcc/avr/4.5.1/../../../../avr/lib/avrxmega2\libc.a(strcmp.o)
 .bss           0x00802297        0x0 c:/program files (x86)/atmel/avr studio 5.0/avr toolchain/bin/../lib/gcc/avr/4.5.1/../../../../avr/lib/avrxmega2\libc.a(strcpy.o)
 .bss           0x00802297        0x0 c:/program files (x86)/atmel/avr studio 5.0/avr toolchain/bin/../lib/gcc/avr/4.5.1/../../../../avr/lib/avrxmega2\libc.a(strstr.o)
 .bss           0x00802297        0x0 c:/program files (x86)/atmel/avr studio 5.0/avr toolchain/bin/../lib/gcc/avr/4.5.1/../../../../avr/lib/avrxmega2\libc.a(strtok_r.o)
 .bss           0x00802297        0x0 c:/program files (x86)/atmel/avr studio 5.0/avr toolchain/bin/../lib/gcc/avr/4.5.1/../../../../avr/lib/avrxmega2\libc.a(mulsi10.o)
 .bss           0x00802297        0x0 c:/program files (x86)/atmel/avr studio 5.0/avr toolchain/bin/../lib/gcc/avr/4.5.1/../../../../avr/lib/avrxmega2\libc.a(mul10.o)
 .bss           0x00802297        0x0 c:/program files (x86)/atmel/avr studio 5.0/avr toolchain/bin/../lib/gcc/avr/4.5.1/../../../../avr/lib/avrxmega2\libc.a(fgetc.o)
 .bss           0x00802297        0x0 c:/program files (x86)/atmel/avr studio 5.0/avr toolchain/bin/../lib/gcc/avr/4.5.1/../../../../avr/lib/avrxmega2\libc.a(fputc.o)
 .bss           0x00802297        0x0 c:/program files (x86)/atmel/avr studio 5.0/avr toolchain/bin/../lib/gcc/avr/4.5.1/../../../../avr/lib/avrxmega2\libc.a(gets.o)
 .bss           0x00802297        0x0 c:/program files (x86)/atmel/avr studio 5.0/avr toolchain/bin/../lib/gcc/avr/4.5.1/../../../../avr/lib/avrxmega2\libc.a(iob.o)
 .bss           0x00802297        0x0 c:/program files (x86)/atmel/avr studio 5.0/avr toolchain/bin/../lib/gcc/avr/4.5.1/../../../../avr/lib/avrxmega2\libc.a(printf_p.o)
 .bss           0x00802297        0x0 c:/program files (x86)/atmel/avr studio 5.0/avr toolchain/bin/../lib/gcc/avr/4.5.1/../../../../avr/lib/avrxmega2\libc.a(vfprintf_std.o)
 .bss           0x00802297        0x0 c:/program files (x86)/atmel/avr studio 5.0/avr toolchain/bin/../lib/gcc/avr/4.5.1/../../../../avr/lib/avrxmega2\libc.a(strnlen_P.o)
 .bss           0x00802297        0x0 c:/program files (x86)/atmel/avr studio 5.0/avr toolchain/bin/../lib/gcc/avr/4.5.1/../../../../avr/lib/avrxmega2\libc.a(strnlen.o)
 .bss           0x00802297        0x0 c:/program files (x86)/atmel/avr studio 5.0/avr toolchain/bin/../lib/gcc/avr/4.5.1/../../../../avr/lib/avrxmega2\libc.a(ultoa_invert.o)
 .bss           0x00802297        0x0 c:/program files (x86)/atmel/avr studio 5.0/avr toolchain/bin/../lib/gcc/avr/4.5.1/avrxmega2\libgcc.a(_prologue.o)
 .bss           0x00802297        0x0 c:/program files (x86)/atmel/avr studio 5.0/avr toolchain/bin/../lib/gcc/avr/4.5.1/avrxmega2\libgcc.a(_epilogue.o)
 *(.bss*)
 *(COMMON)
 COMMON         0x00802297       0x87 AniBike2V7BT_DataLink.o
                0x00802297                spiMasterC
                0x0080229e                rxBuffer
 COMMON         0x0080231e        0x7 DataFlash.o
                0x0080231e                spiMasterD
 COMMON         0x00802325        0x6 c:/program files (x86)/atmel/avr studio 5.0/avr toolchain/bin/../lib/gcc/avr/4.5.1/../../../../avr/lib/avrxmega2\libc.a(iob.o)
                0x00802325                __iob
                0x0080232b                PROVIDE (__bss_end, .)
                0x00004ef4                __data_load_start = LOADADDR (.data)
                0x00005114                __data_load_end = (__data_load_start + SIZEOF (.data))

.noinit         0x0080232b        0x0
                0x0080232b                PROVIDE (__noinit_start, .)
 *(.noinit*)
                0x0080232b                PROVIDE (__noinit_end, .)
                0x0080232b                _end = .
                0x0080232b                PROVIDE (__heap_start, .)

.eeprom         0x00810000        0x0
 *(.eeprom*)
                0x00810000                __eeprom_end = .

.fuse
 *(.fuse)
 *(.lfuse)
 *(.hfuse)
 *(.efuse)

.lock
 *(.lock*)

.signature
 *(.signature*)

.stab           0x00000000     0x15a8
 *(.stab)
 .stab          0x00000000      0x6cc c:/program files (x86)/atmel/avr studio 5.0/avr toolchain/bin/../lib/gcc/avr/4.5.1/../../../../avr/lib/avrxmega2/crtx32d4.o
 .stab          0x000006cc      0x174 c:/program files (x86)/atmel/avr studio 5.0/avr toolchain/bin/../lib/gcc/avr/4.5.1/../../../../avr/lib/avrxmega2\libc.a(atoi.o)
                                0x180 (size before relaxing)
 .stab          0x00000840      0x1e0 c:/program files (x86)/atmel/avr studio 5.0/avr toolchain/bin/../lib/gcc/avr/4.5.1/../../../../avr/lib/avrxmega2\libc.a(atol.o)
                                0x1ec (size before relaxing)
 .stab          0x00000a20       0x84 c:/program files (x86)/atmel/avr studio 5.0/avr toolchain/bin/../lib/gcc/avr/4.5.1/../../../../avr/lib/avrxmega2\libc.a(strcmp.o)
                                 0x90 (size before relaxing)
 .stab          0x00000aa4       0x6c c:/program files (x86)/atmel/avr studio 5.0/avr toolchain/bin/../lib/gcc/avr/4.5.1/../../../../avr/lib/avrxmega2\libc.a(strcpy.o)
                                 0x78 (size before relaxing)
 .stab          0x00000b10      0x150 c:/program files (x86)/atmel/avr studio 5.0/avr toolchain/bin/../lib/gcc/avr/4.5.1/../../../../avr/lib/avrxmega2\libc.a(strstr.o)
                                0x15c (size before relaxing)
 .stab          0x00000c60      0x204 c:/program files (x86)/atmel/avr studio 5.0/avr toolchain/bin/../lib/gcc/avr/4.5.1/../../../../avr/lib/avrxmega2\libc.a(strtok_r.o)
                                0x210 (size before relaxing)
 .stab          0x00000e64      0x114 c:/program files (x86)/atmel/avr studio 5.0/avr toolchain/bin/../lib/gcc/avr/4.5.1/../../../../avr/lib/avrxmega2\libc.a(mulsi10.o)
                                0x120 (size before relaxing)
 .stab          0x00000f78       0x78 c:/program files (x86)/atmel/avr studio 5.0/avr toolchain/bin/../lib/gcc/avr/4.5.1/../../../../avr/lib/avrxmega2\libc.a(mul10.o)
                                 0x84 (size before relaxing)
 .stab          0x00000ff0       0x9c c:/program files (x86)/atmel/avr studio 5.0/avr toolchain/bin/../lib/gcc/avr/4.5.1/../../../../avr/lib/avrxmega2\libc.a(strnlen_P.o)
                                 0xa8 (size before relaxing)
 .stab          0x0000108c       0x9c c:/program files (x86)/atmel/avr studio 5.0/avr toolchain/bin/../lib/gcc/avr/4.5.1/../../../../avr/lib/avrxmega2\libc.a(strnlen.o)
                                 0xa8 (size before relaxing)
 .stab          0x00001128      0x480 c:/program files (x86)/atmel/avr studio 5.0/avr toolchain/bin/../lib/gcc/avr/4.5.1/../../../../avr/lib/avrxmega2\libc.a(ultoa_invert.o)
                                0x48c (size before relaxing)

.stabstr        0x00000000      0x4c0
 *(.stabstr)
 .stabstr       0x00000000      0x4c0 c:/program files (x86)/atmel/avr studio 5.0/avr toolchain/bin/../lib/gcc/avr/4.5.1/../../../../avr/lib/avrxmega2/crtx32d4.o

.stab.excl
 *(.stab.excl)

.stab.exclstr
 *(.stab.exclstr)

.stab.index
 *(.stab.index)

.stab.indexstr
 *(.stab.indexstr)

.comment
 *(.comment)

.debug
 *(.debug)

.line
 *(.line)

.debug_srcinfo
 *(.debug_srcinfo)

.debug_sfnames
 *(.debug_sfnames)

.debug_aranges  0x00000000      0x280
 *(.debug_aranges)
 .debug_aranges
                0x00000000       0x20 AniBike2V7BT_Clock.o
 .debug_aranges
                0x00000020       0x20 AniBike2V7BT_DataLink.o
 .debug_aranges
                0x00000040       0x20 AniBike2V7BT_FileSystem.o
 .debug_aranges
                0x00000060       0x20 AniBike2V7BT_HallSensor.o
 .debug_aranges
                0x00000080       0x20 AniBike2V7BT_LightingSystem.o
 .debug_aranges
                0x000000a0       0x20 AniBike2V7BT_master.o
 .debug_aranges
                0x000000c0       0x20 AniBike2V7BT_TransferProtocol.o
 .debug_aranges
                0x000000e0       0x20 clksys_driver.o
 .debug_aranges
                0x00000100       0x20 DataFlash.o
 .debug_aranges
                0x00000120       0x20 eeprom_driver.o
 .debug_aranges
                0x00000140       0x20 port_driver.o
 .debug_aranges
                0x00000160       0x20 spi_driver.o
 .debug_aranges
                0x00000180       0x20 swUART.o
 .debug_aranges
                0x000001a0       0x20 tc_driver.o
 .debug_aranges
                0x000001c0       0x20 c:/program files (x86)/atmel/avr studio 5.0/avr toolchain/bin/../lib/gcc/avr/4.5.1/../../../../avr/lib/avrxmega2\libc.a(strtok.o)
 .debug_aranges
                0x000001e0       0x20 c:/program files (x86)/atmel/avr studio 5.0/avr toolchain/bin/../lib/gcc/avr/4.5.1/../../../../avr/lib/avrxmega2\libc.a(fgetc.o)
 .debug_aranges
                0x00000200       0x20 c:/program files (x86)/atmel/avr studio 5.0/avr toolchain/bin/../lib/gcc/avr/4.5.1/../../../../avr/lib/avrxmega2\libc.a(fputc.o)
 .debug_aranges
                0x00000220       0x20 c:/program files (x86)/atmel/avr studio 5.0/avr toolchain/bin/../lib/gcc/avr/4.5.1/../../../../avr/lib/avrxmega2\libc.a(gets.o)
 .debug_aranges
                0x00000240       0x20 c:/program files (x86)/atmel/avr studio 5.0/avr toolchain/bin/../lib/gcc/avr/4.5.1/../../../../avr/lib/avrxmega2\libc.a(printf_p.o)
 .debug_aranges
                0x00000260       0x20 c:/program files (x86)/atmel/avr studio 5.0/avr toolchain/bin/../lib/gcc/avr/4.5.1/../../../../avr/lib/avrxmega2\libc.a(vfprintf_std.o)

.debug_pubnames
                0x00000000      0xf09
 *(.debug_pubnames)
 .debug_pubnames
                0x00000000       0x23 AniBike2V7BT_Clock.o
 .debug_pubnames
                0x00000023       0xb5 AniBike2V7BT_DataLink.o
 .debug_pubnames
                0x000000d8      0x133 AniBike2V7BT_FileSystem.o
 .debug_pubnames
                0x0000020b       0x6d AniBike2V7BT_HallSensor.o
 .debug_pubnames
                0x00000278       0xc3 AniBike2V7BT_LightingSystem.o
 .debug_pubnames
                0x0000033b       0x33 AniBike2V7BT_master.o
 .debug_pubnames
                0x0000036e      0x2b9 AniBike2V7BT_TransferProtocol.o
 .debug_pubnames
                0x00000627      0x129 clksys_driver.o
 .debug_pubnames
                0x00000750      0x134 DataFlash.o
 .debug_pubnames
                0x00000884       0xee eeprom_driver.o
 .debug_pubnames
                0x00000972       0xc7 port_driver.o
 .debug_pubnames
                0x00000a39       0xee spi_driver.o
 .debug_pubnames
                0x00000b27      0x102 swUART.o
 .debug_pubnames
                0x00000c29      0x216 tc_driver.o
 .debug_pubnames
                0x00000e3f       0x1d c:/program files (x86)/atmel/avr studio 5.0/avr toolchain/bin/../lib/gcc/avr/4.5.1/../../../../avr/lib/avrxmega2\libc.a(strtok.o)
 .debug_pubnames
                0x00000e5c       0x1c c:/program files (x86)/atmel/avr studio 5.0/avr toolchain/bin/../lib/gcc/avr/4.5.1/../../../../avr/lib/avrxmega2\libc.a(fgetc.o)
 .debug_pubnames
                0x00000e78       0x1c c:/program files (x86)/atmel/avr studio 5.0/avr toolchain/bin/../lib/gcc/avr/4.5.1/../../../../avr/lib/avrxmega2\libc.a(fputc.o)
 .debug_pubnames
                0x00000e94       0x1b c:/program files (x86)/atmel/avr studio 5.0/avr toolchain/bin/../lib/gcc/avr/4.5.1/../../../../avr/lib/avrxmega2\libc.a(gets.o)
 .debug_pubnames
                0x00000eaf       0x1c c:/program files (x86)/atmel/avr studio 5.0/avr toolchain/bin/../lib/gcc/avr/4.5.1/../../../../avr/lib/avrxmega2\libc.a(iob.o)
 .debug_pubnames
                0x00000ecb       0x1f c:/program files (x86)/atmel/avr studio 5.0/avr toolchain/bin/../lib/gcc/avr/4.5.1/../../../../avr/lib/avrxmega2\libc.a(printf_p.o)
 .debug_pubnames
                0x00000eea       0x1f c:/program files (x86)/atmel/avr studio 5.0/avr toolchain/bin/../lib/gcc/avr/4.5.1/../../../../avr/lib/avrxmega2\libc.a(vfprintf_std.o)

.debug_info     0x00000000     0x86a4
 *(.debug_info)
 .debug_info    0x00000000      0x1ee AniBike2V7BT_Clock.o
 .debug_info    0x000001ee      0x6f7 AniBike2V7BT_DataLink.o
 .debug_info    0x000008e5      0xbf5 AniBike2V7BT_FileSystem.o
 .debug_info    0x000014da      0x30d AniBike2V7BT_HallSensor.o
 .debug_info    0x000017e7      0xa4a AniBike2V7BT_LightingSystem.o
 .debug_info    0x00002231       0xbd AniBike2V7BT_master.o
 .debug_info    0x000022ee     0x1c48 AniBike2V7BT_TransferProtocol.o
 .debug_info    0x00003f36      0x69f clksys_driver.o
 .debug_info    0x000045d5      0x952 DataFlash.o
 .debug_info    0x00004f27      0x508 eeprom_driver.o
 .debug_info    0x0000542f      0x701 port_driver.o
 .debug_info    0x00005b30      0x7a0 spi_driver.o
 .debug_info    0x000062d0      0x5e9 swUART.o
 .debug_info    0x000068b9     0x1289 tc_driver.o
 .debug_info    0x00007b42       0x8e c:/program files (x86)/atmel/avr studio 5.0/avr toolchain/bin/../lib/gcc/avr/4.5.1/../../../../avr/lib/avrxmega2\libc.a(strtok.o)
 .debug_info    0x00007bd0      0x168 c:/program files (x86)/atmel/avr studio 5.0/avr toolchain/bin/../lib/gcc/avr/4.5.1/../../../../avr/lib/avrxmega2\libc.a(fgetc.o)
 .debug_info    0x00007d38      0x167 c:/program files (x86)/atmel/avr studio 5.0/avr toolchain/bin/../lib/gcc/avr/4.5.1/../../../../avr/lib/avrxmega2\libc.a(fputc.o)
 .debug_info    0x00007e9f      0x1a0 c:/program files (x86)/atmel/avr studio 5.0/avr toolchain/bin/../lib/gcc/avr/4.5.1/../../../../avr/lib/avrxmega2\libc.a(gets.o)
 .debug_info    0x0000803f      0x14f c:/program files (x86)/atmel/avr studio 5.0/avr toolchain/bin/../lib/gcc/avr/4.5.1/../../../../avr/lib/avrxmega2\libc.a(iob.o)
 .debug_info    0x0000818e      0x1c6 c:/program files (x86)/atmel/avr studio 5.0/avr toolchain/bin/../lib/gcc/avr/4.5.1/../../../../avr/lib/avrxmega2\libc.a(printf_p.o)
 .debug_info    0x00008354      0x350 c:/program files (x86)/atmel/avr studio 5.0/avr toolchain/bin/../lib/gcc/avr/4.5.1/../../../../avr/lib/avrxmega2\libc.a(vfprintf_std.o)
 *(.gnu.linkonce.wi.*)

.debug_abbrev   0x00000000     0x1f1d
 *(.debug_abbrev)
 .debug_abbrev  0x00000000       0xb4 AniBike2V7BT_Clock.o
 .debug_abbrev  0x000000b4      0x1d9 AniBike2V7BT_DataLink.o
 .debug_abbrev  0x0000028d      0x338 AniBike2V7BT_FileSystem.o
 .debug_abbrev  0x000005c5       0xf0 AniBike2V7BT_HallSensor.o
 .debug_abbrev  0x000006b5      0x17e AniBike2V7BT_LightingSystem.o
 .debug_abbrev  0x00000833       0x6c AniBike2V7BT_master.o
 .debug_abbrev  0x0000089f      0x483 AniBike2V7BT_TransferProtocol.o
 .debug_abbrev  0x00000d22      0x1fe clksys_driver.o
 .debug_abbrev  0x00000f20      0x222 DataFlash.o
 .debug_abbrev  0x00001142      0x1c8 eeprom_driver.o
 .debug_abbrev  0x0000130a      0x101 port_driver.o
 .debug_abbrev  0x0000140b      0x186 spi_driver.o
 .debug_abbrev  0x00001591      0x1cf swUART.o
 .debug_abbrev  0x00001760      0x15c tc_driver.o
 .debug_abbrev  0x000018bc       0x75 c:/program files (x86)/atmel/avr studio 5.0/avr toolchain/bin/../lib/gcc/avr/4.5.1/../../../../avr/lib/avrxmega2\libc.a(strtok.o)
 .debug_abbrev  0x00001931       0xd9 c:/program files (x86)/atmel/avr studio 5.0/avr toolchain/bin/../lib/gcc/avr/4.5.1/../../../../avr/lib/avrxmega2\libc.a(fgetc.o)
 .debug_abbrev  0x00001a0a       0xd9 c:/program files (x86)/atmel/avr studio 5.0/avr toolchain/bin/../lib/gcc/avr/4.5.1/../../../../avr/lib/avrxmega2\libc.a(fputc.o)
 .debug_abbrev  0x00001ae3       0xfa c:/program files (x86)/atmel/avr studio 5.0/avr toolchain/bin/../lib/gcc/avr/4.5.1/../../../../avr/lib/avrxmega2\libc.a(gets.o)
 .debug_abbrev  0x00001bdd       0xc5 c:/program files (x86)/atmel/avr studio 5.0/avr toolchain/bin/../lib/gcc/avr/4.5.1/../../../../avr/lib/avrxmega2\libc.a(iob.o)
 .debug_abbrev  0x00001ca2      0x11c c:/program files (x86)/atmel/avr studio 5.0/avr toolchain/bin/../lib/gcc/avr/4.5.1/../../../../avr/lib/avrxmega2\libc.a(printf_p.o)
 .debug_abbrev  0x00001dbe      0x15f c:/program files (x86)/atmel/avr studio 5.0/avr toolchain/bin/../lib/gcc/avr/4.5.1/../../../../avr/lib/avrxmega2\libc.a(vfprintf_std.o)

.debug_line     0x00000000     0x4e0a
 *(.debug_line)
 .debug_line    0x00000000      0x1f6 AniBike2V7BT_Clock.o
 .debug_line    0x000001f6      0x506 AniBike2V7BT_DataLink.o
 .debug_line    0x000006fc      0x85d AniBike2V7BT_FileSystem.o
 .debug_line    0x00000f59      0x13c AniBike2V7BT_HallSensor.o
 .debug_line    0x00001095      0x345 AniBike2V7BT_LightingSystem.o
 .debug_line    0x000013da       0xe7 AniBike2V7BT_master.o
 .debug_line    0x000014c1      0xf65 AniBike2V7BT_TransferProtocol.o
 .debug_line    0x00002426      0x327 clksys_driver.o
 .debug_line    0x0000274d      0x763 DataFlash.o
 .debug_line    0x00002eb0      0x405 eeprom_driver.o
 .debug_line    0x000032b5      0x23d port_driver.o
 .debug_line    0x000034f2      0x490 spi_driver.o
 .debug_line    0x00003982      0x33c swUART.o
 .debug_line    0x00003cbe      0x3a9 tc_driver.o
 .debug_line    0x00004067       0xb5 c:/program files (x86)/atmel/avr studio 5.0/avr toolchain/bin/../lib/gcc/avr/4.5.1/../../../../avr/lib/avrxmega2\libc.a(strtok.o)
 .debug_line    0x0000411c      0x191 c:/program files (x86)/atmel/avr studio 5.0/avr toolchain/bin/../lib/gcc/avr/4.5.1/../../../../avr/lib/avrxmega2\libc.a(fgetc.o)
 .debug_line    0x000042ad      0x147 c:/program files (x86)/atmel/avr studio 5.0/avr toolchain/bin/../lib/gcc/avr/4.5.1/../../../../avr/lib/avrxmega2\libc.a(fputc.o)
 .debug_line    0x000043f4      0x146 c:/program files (x86)/atmel/avr studio 5.0/avr toolchain/bin/../lib/gcc/avr/4.5.1/../../../../avr/lib/avrxmega2\libc.a(gets.o)
 .debug_line    0x0000453a       0xeb c:/program files (x86)/atmel/avr studio 5.0/avr toolchain/bin/../lib/gcc/avr/4.5.1/../../../../avr/lib/avrxmega2\libc.a(iob.o)
 .debug_line    0x00004625      0x198 c:/program files (x86)/atmel/avr studio 5.0/avr toolchain/bin/../lib/gcc/avr/4.5.1/../../../../avr/lib/avrxmega2\libc.a(printf_p.o)
 .debug_line    0x000047bd      0x64d c:/program files (x86)/atmel/avr studio 5.0/avr toolchain/bin/../lib/gcc/avr/4.5.1/../../../../avr/lib/avrxmega2\libc.a(vfprintf_std.o)

.debug_frame    0x00000000      0x9c0
 *(.debug_frame)
 .debug_frame   0x00000000       0x20 AniBike2V7BT_Clock.o
 .debug_frame   0x00000020       0x60 AniBike2V7BT_DataLink.o
 .debug_frame   0x00000080       0xb0 AniBike2V7BT_FileSystem.o
 .debug_frame   0x00000130       0x40 AniBike2V7BT_HallSensor.o
 .debug_frame   0x00000170       0x40 AniBike2V7BT_LightingSystem.o
 .debug_frame   0x000001b0       0x30 AniBike2V7BT_master.o
 .debug_frame   0x000001e0      0x1f0 AniBike2V7BT_TransferProtocol.o
 .debug_frame   0x000003d0       0xb0 clksys_driver.o
 .debug_frame   0x00000480       0xc0 DataFlash.o
 .debug_frame   0x00000540       0xb0 eeprom_driver.o
 .debug_frame   0x000005f0       0x80 port_driver.o
 .debug_frame   0x00000670       0x90 spi_driver.o
 .debug_frame   0x00000700       0x90 swUART.o
 .debug_frame   0x00000790      0x170 tc_driver.o
 .debug_frame   0x00000900       0x20 c:/program files (x86)/atmel/avr studio 5.0/avr toolchain/bin/../lib/gcc/avr/4.5.1/../../../../avr/lib/avrxmega2\libc.a(strtok.o)
 .debug_frame   0x00000920       0x20 c:/program files (x86)/atmel/avr studio 5.0/avr toolchain/bin/../lib/gcc/avr/4.5.1/../../../../avr/lib/avrxmega2\libc.a(fgetc.o)
 .debug_frame   0x00000940       0x20 c:/program files (x86)/atmel/avr studio 5.0/avr toolchain/bin/../lib/gcc/avr/4.5.1/../../../../avr/lib/avrxmega2\libc.a(fputc.o)
 .debug_frame   0x00000960       0x20 c:/program files (x86)/atmel/avr studio 5.0/avr toolchain/bin/../lib/gcc/avr/4.5.1/../../../../avr/lib/avrxmega2\libc.a(gets.o)
 .debug_frame   0x00000980       0x20 c:/program files (x86)/atmel/avr studio 5.0/avr toolchain/bin/../lib/gcc/avr/4.5.1/../../../../avr/lib/avrxmega2\libc.a(printf_p.o)
 .debug_frame   0x000009a0       0x20 c:/program files (x86)/atmel/avr studio 5.0/avr toolchain/bin/../lib/gcc/avr/4.5.1/../../../../avr/lib/avrxmega2\libc.a(vfprintf_std.o)

.debug_str      0x00000000     0x3136
 *(.debug_str)
 .debug_str     0x00000000      0x301 AniBike2V7BT_Clock.o
                                0x33f (size before relaxing)
 .debug_str     0x00000301      0x6e1 AniBike2V7BT_DataLink.o
                                0x7e1 (size before relaxing)
 .debug_str     0x000009e2      0x247 AniBike2V7BT_FileSystem.o
                                0x4f1 (size before relaxing)
 .debug_str     0x00000c29       0x6a AniBike2V7BT_HallSensor.o
                                0x3bf (size before relaxing)
 .debug_str     0x00000c93      0x4fa AniBike2V7BT_LightingSystem.o
                                0x804 (size before relaxing)
 .debug_str     0x0000118d       0x34 AniBike2V7BT_master.o
                                0x143 (size before relaxing)
 .debug_str     0x000011c1      0x484 AniBike2V7BT_TransferProtocol.o
                                0xa9c (size before relaxing)
 .debug_str     0x00001645      0x3ce clksys_driver.o
                                0x704 (size before relaxing)
 .debug_str     0x00001a13      0x107 DataFlash.o
                                0x511 (size before relaxing)
 .debug_str     0x00001b1a      0x419 eeprom_driver.o
                                0x550 (size before relaxing)
 .debug_str     0x00001f33      0x6b5 port_driver.o
                                0xbab (size before relaxing)
 .debug_str     0x000025e8      0x144 spi_driver.o
                                0x4f8 (size before relaxing)
 .debug_str     0x0000272c       0xe3 swUART.o
                                0x67e (size before relaxing)
 .debug_str     0x0000280f      0x667 tc_driver.o
                                0xbc8 (size before relaxing)
 .debug_str     0x00002e76       0x58 c:/program files (x86)/atmel/avr studio 5.0/avr toolchain/bin/../lib/gcc/avr/4.5.1/../../../../avr/lib/avrxmega2\libc.a(strtok.o)
                                 0x7d (size before relaxing)
 .debug_str     0x00002ece       0x56 c:/program files (x86)/atmel/avr studio 5.0/avr toolchain/bin/../lib/gcc/avr/4.5.1/../../../../avr/lib/avrxmega2\libc.a(fgetc.o)
                                 0xfb (size before relaxing)
 .debug_str     0x00002f24       0x56 c:/program files (x86)/atmel/avr studio 5.0/avr toolchain/bin/../lib/gcc/avr/4.5.1/../../../../avr/lib/avrxmega2\libc.a(fputc.o)
                                 0xfb (size before relaxing)
 .debug_str     0x00002f7a       0x54 c:/program files (x86)/atmel/avr studio 5.0/avr toolchain/bin/../lib/gcc/avr/4.5.1/../../../../avr/lib/avrxmega2\libc.a(gets.o)
                                 0xf8 (size before relaxing)
 .debug_str     0x00002fce       0x4e c:/program files (x86)/atmel/avr studio 5.0/avr toolchain/bin/../lib/gcc/avr/4.5.1/../../../../avr/lib/avrxmega2\libc.a(iob.o)
                                 0xf2 (size before relaxing)
 .debug_str     0x0000301c       0x7d c:/program files (x86)/atmel/avr studio 5.0/avr toolchain/bin/../lib/gcc/avr/4.5.1/../../../../avr/lib/avrxmega2\libc.a(printf_p.o)
                                0x129 (size before relaxing)
 .debug_str     0x00003099       0x9d c:/program files (x86)/atmel/avr studio 5.0/avr toolchain/bin/../lib/gcc/avr/4.5.1/../../../../avr/lib/avrxmega2\libc.a(vfprintf_std.o)
                                0x177 (size before relaxing)

.debug_loc      0x00000000     0x373c
 *(.debug_loc)
 .debug_loc     0x00000000       0x29 AniBike2V7BT_Clock.o
 .debug_loc     0x00000029      0x269 AniBike2V7BT_DataLink.o
 .debug_loc     0x00000292      0xbad AniBike2V7BT_FileSystem.o
 .debug_loc     0x00000e3f      0x126 AniBike2V7BT_LightingSystem.o
 .debug_loc     0x00000f65      0xd43 AniBike2V7BT_TransferProtocol.o
 .debug_loc     0x00001ca8      0x1c0 clksys_driver.o
 .debug_loc     0x00001e68      0x469 DataFlash.o
 .debug_loc     0x000022d1      0x131 eeprom_driver.o
 .debug_loc     0x00002402      0x104 port_driver.o
 .debug_loc     0x00002506      0x407 spi_driver.o
 .debug_loc     0x0000290d       0xd8 swUART.o
 .debug_loc     0x000029e5      0x54e tc_driver.o
 .debug_loc     0x00002f33       0x30 c:/program files (x86)/atmel/avr studio 5.0/avr toolchain/bin/../lib/gcc/avr/4.5.1/../../../../avr/lib/avrxmega2\libc.a(strtok.o)
 .debug_loc     0x00002f63       0x60 c:/program files (x86)/atmel/avr studio 5.0/avr toolchain/bin/../lib/gcc/avr/4.5.1/../../../../avr/lib/avrxmega2\libc.a(fgetc.o)
 .debug_loc     0x00002fc3       0x50 c:/program files (x86)/atmel/avr studio 5.0/avr toolchain/bin/../lib/gcc/avr/4.5.1/../../../../avr/lib/avrxmega2\libc.a(fputc.o)
 .debug_loc     0x00003013       0x88 c:/program files (x86)/atmel/avr studio 5.0/avr toolchain/bin/../lib/gcc/avr/4.5.1/../../../../avr/lib/avrxmega2\libc.a(gets.o)
 .debug_loc     0x0000309b      0x6a1 c:/program files (x86)/atmel/avr studio 5.0/avr toolchain/bin/../lib/gcc/avr/4.5.1/../../../../avr/lib/avrxmega2\libc.a(vfprintf_std.o)

.debug_macinfo
 *(.debug_macinfo)
OUTPUT(AniBike2V7BT_master.elf elf32-avr)
LOAD linker stubs

.debug_pubtypes
                0x00000000      0xe73
 .debug_pubtypes
                0x00000000       0x89 AniBike2V7BT_Clock.o
 .debug_pubtypes
                0x00000089      0x15b AniBike2V7BT_DataLink.o
 .debug_pubtypes
                0x000001e4       0xd0 AniBike2V7BT_FileSystem.o
 .debug_pubtypes
                0x000002b4       0x67 AniBike2V7BT_HallSensor.o
 .debug_pubtypes
                0x0000031b       0xa9 AniBike2V7BT_LightingSystem.o
 .debug_pubtypes
                0x000003c4       0x12 AniBike2V7BT_master.o
 .debug_pubtypes
                0x000003d6      0x120 AniBike2V7BT_TransferProtocol.o
 .debug_pubtypes
                0x000004f6      0x185 clksys_driver.o
 .debug_pubtypes
                0x0000067b       0xf1 DataFlash.o
 .debug_pubtypes
                0x0000076c       0x55 eeprom_driver.o
 .debug_pubtypes
                0x000007c1      0x1a2 port_driver.o
 .debug_pubtypes
                0x00000963      0x129 spi_driver.o
 .debug_pubtypes
                0x00000a8c       0xc7 swUART.o
 .debug_pubtypes
                0x00000b53      0x1cf tc_driver.o
 .debug_pubtypes
                0x00000d22       0x12 c:/program files (x86)/atmel/avr studio 5.0/avr toolchain/bin/../lib/gcc/avr/4.5.1/../../../../avr/lib/avrxmega2\libc.a(strtok.o)
 .debug_pubtypes
                0x00000d34       0x29 c:/program files (x86)/atmel/avr studio 5.0/avr toolchain/bin/../lib/gcc/avr/4.5.1/../../../../avr/lib/avrxmega2\libc.a(fgetc.o)
 .debug_pubtypes
                0x00000d5d       0x29 c:/program files (x86)/atmel/avr studio 5.0/avr toolchain/bin/../lib/gcc/avr/4.5.1/../../../../avr/lib/avrxmega2\libc.a(fputc.o)
 .debug_pubtypes
                0x00000d86       0x29 c:/program files (x86)/atmel/avr studio 5.0/avr toolchain/bin/../lib/gcc/avr/4.5.1/../../../../avr/lib/avrxmega2\libc.a(gets.o)
 .debug_pubtypes
                0x00000daf       0x29 c:/program files (x86)/atmel/avr studio 5.0/avr toolchain/bin/../lib/gcc/avr/4.5.1/../../../../avr/lib/avrxmega2\libc.a(iob.o)
 .debug_pubtypes
                0x00000dd8       0x48 c:/program files (x86)/atmel/avr studio 5.0/avr toolchain/bin/../lib/gcc/avr/4.5.1/../../../../avr/lib/avrxmega2\libc.a(printf_p.o)
 .debug_pubtypes
                0x00000e20       0x53 c:/program files (x86)/atmel/avr studio 5.0/avr toolchain/bin/../lib/gcc/avr/4.5.1/../../../../avr/lib/avrxmega2\libc.a(vfprintf_std.o)

.debug_ranges   0x00000000      0x2a8
 .debug_ranges  0x00000000       0x88 AniBike2V7BT_FileSystem.o
 .debug_ranges  0x00000088      0x128 AniBike2V7BT_TransferProtocol.o
 .debug_ranges  0x000001b0       0x60 clksys_driver.o
 .debug_ranges  0x00000210       0x20 swUART.o
 .debug_ranges  0x00000230       0x10 c:/program files (x86)/atmel/avr studio 5.0/avr toolchain/bin/../lib/gcc/avr/4.5.1/../../../../avr/lib/avrxmega2\libc.a(strtok.o)
 .debug_ranges  0x00000240       0x10 c:/program files (x86)/atmel/avr studio 5.0/avr toolchain/bin/../lib/gcc/avr/4.5.1/../../../../avr/lib/avrxmega2\libc.a(fgetc.o)
 .debug_ranges  0x00000250       0x10 c:/program files (x86)/atmel/avr studio 5.0/avr toolchain/bin/../lib/gcc/avr/4.5.1/../../../../avr/lib/avrxmega2\libc.a(fputc.o)
 .debug_ranges  0x00000260       0x10 c:/program files (x86)/atmel/avr studio 5.0/avr toolchain/bin/../lib/gcc/avr/4.5.1/../../../../avr/lib/avrxmega2\libc.a(gets.o)
 .debug_ranges  0x00000270       0x10 c:/program files (x86)/atmel/avr studio 5.0/avr toolchain/bin/../lib/gcc/avr/4.5.1/../../../../avr/lib/avrxmega2\libc.a(printf_p.o)
 .debug_ranges  0x00000280       0x28 c:/program files (x86)/atmel/avr studio 5.0/avr toolchain/bin/../lib/gcc/avr/4.5.1/../../../../avr/lib/avrxmega2\libc.a(vfprintf_std.o)
