Archive member included because of file (symbol)

c:/program files (x86)/atmel/avr studio 5.0/avr toolchain/bin/../lib/gcc/avr/4.5.1/avrxmega2\libgcc.a(_umulhisi3.o)
                              AniBike2V7BT_FileSystem.o (__umulhisi3)
c:/program files (x86)/atmel/avr studio 5.0/avr toolchain/bin/../lib/gcc/avr/4.5.1/avrxmega2\libgcc.a(_exit.o)
                              c:/program files (x86)/atmel/avr studio 5.0/avr toolchain/bin/../lib/gcc/avr/4.5.1/../../../../avr/lib/avrxmega2/crtx32d4.o (exit)
c:/program files (x86)/atmel/avr studio 5.0/avr toolchain/bin/../lib/gcc/avr/4.5.1/avrxmega2\libgcc.a(_copy_data.o)
                              AniBike2V7BT_FileSystem.o (__do_copy_data)
c:/program files (x86)/atmel/avr studio 5.0/avr toolchain/bin/../lib/gcc/avr/4.5.1/avrxmega2\libgcc.a(_clear_bss.o)
                              AniBike2V7BT_DataLink.o (__do_clear_bss)
c:/program files (x86)/atmel/avr studio 5.0/avr toolchain/bin/../lib/gcc/avr/4.5.1/../../../../avr/lib/avrxmega2\libc.a(atoi.o)
                              AniBike2V7BT_TransferProtocol.o (atoi)
c:/program files (x86)/atmel/avr studio 5.0/avr toolchain/bin/../lib/gcc/avr/4.5.1/../../../../avr/lib/avrxmega2\libc.a(atol.o)
                              AniBike2V7BT_TransferProtocol.o (atol)
c:/program files (x86)/atmel/avr studio 5.0/avr toolchain/bin/../lib/gcc/avr/4.5.1/../../../../avr/lib/avrxmega2\libc.a(strtok.o)
                              AniBike2V7BT_TransferProtocol.o (strtok)
c:/program files (x86)/atmel/avr studio 5.0/avr toolchain/bin/../lib/gcc/avr/4.5.1/../../../../avr/lib/avrxmega2\libc.a(strcmp.o)
                              AniBike2V7BT_FileSystem.o (strcmp)
c:/program files (x86)/atmel/avr studio 5.0/avr toolchain/bin/../lib/gcc/avr/4.5.1/../../../../avr/lib/avrxmega2\libc.a(strcpy.o)
                              AniBike2V7BT_TransferProtocol.o (strcpy)
c:/program files (x86)/atmel/avr studio 5.0/avr toolchain/bin/../lib/gcc/avr/4.5.1/../../../../avr/lib/avrxmega2\libc.a(strstr.o)
                              AniBike2V7BT_TransferProtocol.o (strstr)
c:/program files (x86)/atmel/avr studio 5.0/avr toolchain/bin/../lib/gcc/avr/4.5.1/../../../../avr/lib/avrxmega2\libc.a(strtok_r.o)
                              c:/program files (x86)/atmel/avr studio 5.0/avr toolchain/bin/../lib/gcc/avr/4.5.1/../../../../avr/lib/avrxmega2\libc.a(strtok.o) (strtok_r)
c:/program files (x86)/atmel/avr studio 5.0/avr toolchain/bin/../lib/gcc/avr/4.5.1/../../../../avr/lib/avrxmega2\libc.a(mulsi10.o)
                              c:/program files (x86)/atmel/avr studio 5.0/avr toolchain/bin/../lib/gcc/avr/4.5.1/../../../../avr/lib/avrxmega2\libc.a(atol.o) (__mulsi_const_10)
c:/program files (x86)/atmel/avr studio 5.0/avr toolchain/bin/../lib/gcc/avr/4.5.1/../../../../avr/lib/avrxmega2\libc.a(mul10.o)
                              c:/program files (x86)/atmel/avr studio 5.0/avr toolchain/bin/../lib/gcc/avr/4.5.1/../../../../avr/lib/avrxmega2\libc.a(atoi.o) (__mulhi_const_10)
c:/program files (x86)/atmel/avr studio 5.0/avr toolchain/bin/../lib/gcc/avr/4.5.1/../../../../avr/lib/avrxmega2\libc.a(fgetc.o)
                              AniBike2V7BT_TransferProtocol.o (fgetc)
c:/program files (x86)/atmel/avr studio 5.0/avr toolchain/bin/../lib/gcc/avr/4.5.1/../../../../avr/lib/avrxmega2\libc.a(fputc.o)
                              AniBike2V7BT_FileSystem.o (fputc)
c:/program files (x86)/atmel/avr studio 5.0/avr toolchain/bin/../lib/gcc/avr/4.5.1/../../../../avr/lib/avrxmega2\libc.a(gets.o)
                              AniBike2V7BT_TransferProtocol.o (gets)
c:/program files (x86)/atmel/avr studio 5.0/avr toolchain/bin/../lib/gcc/avr/4.5.1/../../../../avr/lib/avrxmega2\libc.a(iob.o)
                              AniBike2V7BT_FileSystem.o (__iob)
c:/program files (x86)/atmel/avr studio 5.0/avr toolchain/bin/../lib/gcc/avr/4.5.1/../../../../avr/lib/avrxmega2\libc.a(printf_p.o)
                              AniBike2V7BT_DataLink.o (printf_P)
c:/program files (x86)/atmel/avr studio 5.0/avr toolchain/bin/../lib/gcc/avr/4.5.1/../../../../avr/lib/avrxmega2\libc.a(vfprintf_std.o)
                              c:/program files (x86)/atmel/avr studio 5.0/avr toolchain/bin/../lib/gcc/avr/4.5.1/../../../../avr/lib/avrxmega2\libc.a(printf_p.o) (vfprintf)
c:/program files (x86)/atmel/avr studio 5.0/avr toolchain/bin/../lib/gcc/avr/4.5.1/../../../../avr/lib/avrxmega2\libc.a(strnlen_P.o)
                              c:/program files (x86)/atmel/avr studio 5.0/avr toolchain/bin/../lib/gcc/avr/4.5.1/../../../../avr/lib/avrxmega2\libc.a(vfprintf_std.o) (strnlen_P)
c:/program files (x86)/atmel/avr studio 5.0/avr toolchain/bin/../lib/gcc/avr/4.5.1/../../../../avr/lib/avrxmega2\libc.a(strnlen.o)
                              c:/program files (x86)/atmel/avr studio 5.0/avr toolchain/bin/../lib/gcc/avr/4.5.1/../../../../avr/lib/avrxmega2\libc.a(vfprintf_std.o) (strnlen)
c:/program files (x86)/atmel/avr studio 5.0/avr toolchain/bin/../lib/gcc/avr/4.5.1/../../../../avr/lib/avrxmega2\libc.a(ultoa_invert.o)
                              c:/program files (x86)/atmel/avr studio 5.0/avr toolchain/bin/../lib/gcc/avr/4.5.1/../../../../avr/lib/avrxmega2\libc.a(vfprintf_std.o) (__ultoa_invert)
c:/program files (x86)/atmel/avr studio 5.0/avr toolchain/bin/../lib/gcc/avr/4.5.1/avrxmega2\libgcc.a(_prologue.o)
                              c:/program files (x86)/atmel/avr studio 5.0/avr toolchain/bin/../lib/gcc/avr/4.5.1/../../../../avr/lib/avrxmega2\libc.a(printf_p.o) (__prologue_saves__)
c:/program files (x86)/atmel/avr studio 5.0/avr toolchain/bin/../lib/gcc/avr/4.5.1/avrxmega2\libgcc.a(_epilogue.o)
                              c:/program files (x86)/atmel/avr studio 5.0/avr toolchain/bin/../lib/gcc/avr/4.5.1/../../../../avr/lib/avrxmega2\libc.a(gets.o) (__epilogue_restores__)

Allocating common symbols
Common symbol       size              file

spiMasterC          0x7               AniBike2V7BT_DataLink.o
spiMasterD          0x7               DataFlash.o
rxBuffer            0x80              AniBike2V7BT_DataLink.o
__iob               0x6               c:/program files (x86)/atmel/avr studio 5.0/avr toolchain/bin/../lib/gcc/avr/4.5.1/../../../../avr/lib/avrxmega2\libc.a(iob.o)

Memory Configuration

Name             Origin             Length             Attributes
text             0x00000000         0x00100000         xr
data             0x00802000         0x0000ffa0         rw !x
eeprom           0x00810000         0x00010000         rw !x
fuse             0x00820000         0x00000400         rw !x
lock             0x00830000         0x00000400         rw !x
signature        0x00840000         0x00000400         rw !x
*default*        0x00000000         0xffffffff

Linker script and memory map

LOAD c:/program files (x86)/atmel/avr studio 5.0/avr toolchain/bin/../lib/gcc/avr/4.5.1/../../../../avr/lib/avrxmega2/crtx32d4.o
LOAD AniBike2V7BT_Clock.o
LOAD AniBike2V7BT_DataLink.o
LOAD AniBike2V7BT_FileSystem.o
LOAD AniBike2V7BT_HallSensor.o
LOAD AniBike2V7BT_LightingSystem.o
LOAD AniBike2V7BT_master.o
LOAD AniBike2V7BT_TransferProtocol.o
LOAD clksys_driver.o
LOAD DataFlash.o
LOAD eeprom_driver.o
LOAD port_driver.o
LOAD spi_driver.o
LOAD swUART.o
LOAD tc_driver.o
LOAD c:/program files (x86)/atmel/avr studio 5.0/avr toolchain/bin/../lib/gcc/avr/4.5.1/avrxmega2\libgcc.a
LOAD c:/program files (x86)/atmel/avr studio 5.0/avr toolchain/bin/../lib/gcc/avr/4.5.1/../../../../avr/lib/avrxmega2\libc.a
LOAD c:/program files (x86)/atmel/avr studio 5.0/avr toolchain/bin/../lib/gcc/avr/4.5.1/avrxmega2\libgcc.a

.hash
 *(.hash)

.dynsym
 *(.dynsym)

.dynstr
 *(.dynstr)

.gnu.version
 *(.gnu.version)

.gnu.version_d
 *(.gnu.version_d)

.gnu.version_r
 *(.gnu.version_r)

.rel.init
 *(.rel.init)

.rela.init
 *(.rela.init)

.rel.text
 *(.rel.text)
 *(.rel.text.*)
 *(.rel.gnu.linkonce.t*)

.rela.text
 *(.rela.text)
 *(.rela.text.*)
 *(.rela.gnu.linkonce.t*)

.rel.fini
 *(.rel.fini)

.rela.fini
 *(.rela.fini)

.rel.rodata
 *(.rel.rodata)
 *(.rel.rodata.*)
 *(.rel.gnu.linkonce.r*)

.rela.rodata
 *(.rela.rodata)
 *(.rela.rodata.*)
 *(.rela.gnu.linkonce.r*)

.rel.data
 *(.rel.data)
 *(.rel.data.*)
 *(.rel.gnu.linkonce.d*)

.rela.data
 *(.rela.data)
 *(.rela.data.*)
 *(.rela.gnu.linkonce.d*)

.rel.ctors
 *(.rel.ctors)

.rela.ctors
 *(.rela.ctors)

.rel.dtors
 *(.rel.dtors)

.rela.dtors
 *(.rela.dtors)

.rel.got
 *(.rel.got)

.rela.got
 *(.rela.got)

.rel.bss
 *(.rel.bss)

.rela.bss
 *(.rela.bss)

.rel.plt
 *(.rel.plt)

.rela.plt
 *(.rela.plt)

.text           0x00000000     0x4f5e
 *(.vectors)
 .vectors       0x00000000      0x16c c:/program files (x86)/atmel/avr studio 5.0/avr toolchain/bin/../lib/gcc/avr/4.5.1/../../../../avr/lib/avrxmega2/crtx32d4.o
                0x00000000                __vector_default
                0x00000000                __vectors
 *(.vectors)
 *(.progmem.gcc*)
 *(.progmem*)
 .progmem.data  0x0000016c        0xf AniBike2V7BT_DataLink.o
 .progmem.data  0x0000017b       0xa0 AniBike2V7BT_FileSystem.o
 .progmem.data  0x0000021b        0xe AniBike2V7BT_master.o
 .progmem.data  0x00000229      0x744 AniBike2V7BT_TransferProtocol.o
                0x0000096e                . = ALIGN (0x2)
 *fill*         0x0000096d        0x1 00
                0x0000096e                __trampolines_start = .
 *(.trampolines)
 .trampolines   0x0000096e        0x0 linker stubs
 *(.trampolines*)
                0x0000096e                __trampolines_end = .
 *(.jumptables)
 *(.jumptables*)
 *(.lowtext)
 *(.lowtext*)
                0x0000096e                __ctors_start = .
 *(.ctors)
                0x0000096e                __ctors_end = .
                0x0000096e                __dtors_start = .
 *(.dtors)
                0x0000096e                __dtors_end = .
 SORT(*)(.ctors)
 SORT(*)(.dtors)
 *(.init0)
 .init0         0x0000096e        0x0 c:/program files (x86)/atmel/avr studio 5.0/avr toolchain/bin/../lib/gcc/avr/4.5.1/../../../../avr/lib/avrxmega2/crtx32d4.o
                0x0000096e                __init
 *(.init0)
 *(.init1)
 *(.init1)
 *(.init2)
 .init2         0x0000096e        0xc c:/program files (x86)/atmel/avr studio 5.0/avr toolchain/bin/../lib/gcc/avr/4.5.1/../../../../avr/lib/avrxmega2/crtx32d4.o
 *(.init2)
 *(.init3)
 *(.init3)
 *(.init4)
 .init4         0x0000097a       0x16 c:/program files (x86)/atmel/avr studio 5.0/avr toolchain/bin/../lib/gcc/avr/4.5.1/avrxmega2\libgcc.a(_copy_data.o)
                0x0000097a                __do_copy_data
 .init4         0x00000990       0x10 c:/program files (x86)/atmel/avr studio 5.0/avr toolchain/bin/../lib/gcc/avr/4.5.1/avrxmega2\libgcc.a(_clear_bss.o)
                0x00000990                __do_clear_bss
 *(.init4)
 *(.init5)
 *(.init5)
 *(.init6)
 *(.init6)
 *(.init7)
 *(.init7)
 *(.init8)
 *(.init8)
 *(.init9)
 .init9         0x000009a0        0x8 c:/program files (x86)/atmel/avr studio 5.0/avr toolchain/bin/../lib/gcc/avr/4.5.1/../../../../avr/lib/avrxmega2/crtx32d4.o
 *(.init9)
 *(.text)
 .text          0x000009a8        0x4 c:/program files (x86)/atmel/avr studio 5.0/avr toolchain/bin/../lib/gcc/avr/4.5.1/../../../../avr/lib/avrxmega2/crtx32d4.o
                0x000009a8                __vector_38
                0x000009a8                __vector_22
                0x000009a8                __vector_63
                0x000009a8                __vector_28
                0x000009a8                __vector_67
                0x000009a8                __vector_1
                0x000009a8                __vector_32
                0x000009a8                __vector_75
                0x000009a8                __vector_71
                0x000009a8                __vector_62
                0x000009a8                __vector_77
                0x000009a8                __vector_24
                0x000009a8                __vector_12
                0x000009a8                __vector_55
                0x000009a8                __vector_69
                0x000009a8                __vector_81
                0x000009a8                __vector_90
                0x000009a8                __vector_46
                0x000009a8                __bad_interrupt
                0x000009a8                __vector_72
                0x000009a8                __vector_6
                0x000009a8                __vector_31
                0x000009a8                __vector_35
                0x000009a8                __vector_78
                0x000009a8                __vector_74
                0x000009a8                __vector_39
                0x000009a8                __vector_3
                0x000009a8                __vector_23
                0x000009a8                __vector_68
                0x000009a8                __vector_30
                0x000009a8                __vector_73
                0x000009a8                __vector_45
                0x000009a8                __vector_25
                0x000009a8                __vector_61
                0x000009a8                __vector_11
                0x000009a8                __vector_54
                0x000009a8                __vector_13
                0x000009a8                __vector_17
                0x000009a8                __vector_19
                0x000009a8                __vector_56
                0x000009a8                __vector_7
                0x000009a8                __vector_49
                0x000009a8                __vector_41
                0x000009a8                __vector_86
                0x000009a8                __vector_64
                0x000009a8                __vector_88
                0x000009a8                __vector_43
                0x000009a8                __vector_27
                0x000009a8                __vector_5
                0x000009a8                __vector_33
                0x000009a8                __vector_76
                0x000009a8                __vector_47
                0x000009a8                __vector_52
                0x000009a8                __vector_37
                0x000009a8                __vector_89
                0x000009a8                __vector_4
                0x000009a8                __vector_44
                0x000009a8                __vector_82
                0x000009a8                __vector_51
                0x000009a8                __vector_9
                0x000009a8                __vector_21
                0x000009a8                __vector_15
                0x000009a8                __vector_36
                0x000009a8                __vector_79
                0x000009a8                __vector_58
                0x000009a8                __vector_70
                0x000009a8                __vector_83
                0x000009a8                __vector_29
                0x000009a8                __vector_60
                0x000009a8                __vector_40
                0x000009a8                __vector_85
                0x000009a8                __vector_8
                0x000009a8                __vector_26
                0x000009a8                __vector_48
                0x000009a8                __vector_80
                0x000009a8                __vector_14
                0x000009a8                __vector_84
                0x000009a8                __vector_57
                0x000009a8                __vector_53
                0x000009a8                __vector_10
                0x000009a8                __vector_50
                0x000009a8                __vector_16
                0x000009a8                __vector_59
                0x000009a8                __vector_18
                0x000009a8                __vector_20
                0x000009a8                __vector_42
                0x000009a8                __vector_87
                0x000009a8                __vector_65
 .text          0x000009ac       0x90 AniBike2V7BT_Clock.o
                0x000009ac                SetClockFreq
 .text          0x00000a3c      0x426 AniBike2V7BT_DataLink.o
                0x00000a3c                anibike_dl_initialize
                0x00000b08                anibike_dl_send_data
                0x00000c18                anibike_dl_receive_byte
                0x00000c9a                anibike_dl_receive_data
                0x00000e0a                __vector_2
 .text          0x00000e62      0xb88 AniBike2V7BT_FileSystem.o
                0x00000e62                transfer_word
                0x00000ec6                FS_ReadEntry
                0x000010ba                FS_ReadNextEntry
                0x00001116                FS_ReadFrame
                0x000011a6                FS_ReadEntry_FileMatch
                0x000013cc                FS_ReadFileContents
                0x0000164a                FS_ShowFileInformation
                0x00001828                FS_SearchFile
                0x000019de                FS_StopReadingFrame
                0x000019e8                FS_WriteNewEntryTable
 .text          0x000019ea       0x8e AniBike2V7BT_HallSensor.o
                0x000019ea                initialize_hall_sensor
                0x00001a1c                set_hall_interrupt_handler
                0x00001a26                __vector_66
 .text          0x00001a78      0x2f6 AniBike2V7BT_LightingSystem.o
                0x00001a78                initialize_lighting_system
                0x00001c4e                read_period_calibrations
                0x00001cea                write_period_calibrations
 .text          0x00001d6e       0x54 AniBike2V7BT_master.o
                0x00001d6e                hall_sensor_handler
                0x00001d86                main
 .text          0x00001dc2     0x180a AniBike2V7BT_TransferProtocol.o
                0x00001dc2                tm_cmd_software_reset
                0x00001dd0                tm_cmd_write_dl
                0x00001e68                tm_cmd_cs_high
                0x00001e88                tm_cmd_cs_low
                0x00001ea8                tm_cmd_repa
                0x00001ef8                tm_cmd_echo_on
                0x00001f16                tm_cmd_start_all
                0x00001f3c                tm_cmd_stop_all
                0x00001f60                tm_cmd_echo_off
                0x00001f7c                tm_cmd_write_led_cal
                0x0000203a                tm_cmd_read_led_cal
                0x0000209e                tm_cmd_configure_bt
                0x00002230                tm_cmd_help
                0x000023b8                tm_cmd_test_memory
                0x000025c2                tm_cmd_read
                0x000026f6                tm_cmd_test_led
                0x0000281a                tm_cmd_write
                0x000028e8                tm_cmd_read_block
                0x00002994                tm_cmd_get_fs
                0x00002a68                tm_cmd_dir
                0x00002a6e                tm_cmd_flash_status
                0x00002bd8                tm_cmd_unprotect_flash
                0x00002c4e                tm_cmd_erase_flash
                0x00002cd6                tm_cmd_protect_flash
                0x00002d4c                tm_cmd_spi_transfer
                0x00002dee                tm_cmd_write_block
                0x0000306a                tm_cmd_idn
                0x00003150                rx_handler
                0x0000343e                cmd_menu
                0x00003478                cmd_parse
 .text          0x000035cc      0x182 clksys_driver.o
                0x000035cc                CCPWrite
                0x000035f6                CLKSYS_XOSC_Config
                0x00003616                CLKSYS_PLL_Config
                0x00003622                CLKSYS_Disable
                0x00003636                CLKSYS_Prescalers_Config
                0x00003666                CLKSYS_Main_ClockSource_Select
                0x000036a2                CLKSYS_RTC_ClockSource_Enable
                0x000036b2                CLKSYS_AutoCalibration_Enable
                0x000036ee                CLKSYS_XOSC_FailureDetection_Enable
                0x0000371e                CLKSYS_Configuration_Lock
 .text          0x0000374e      0x694 DataFlash.o
                0x0000374e                dataflash_spi_init
                0x0000379a                dataflash_spi_idn
                0x00003824                dataflash_write
                0x000038c2                dataflash_read
                0x0000393a                dataflash_unprotect_all
                0x000039f2                dataflash_protect_all
                0x00003aaa                dataflash_erase_all
                0x00003bc6                dataflash_erase_block4
                0x00003c68                dataflash_unprotect_block4
                0x00003d0a                dataflash_protect_block4
                0x00003dac                dataflash_read_status
 .text          0x00003de2      0x288 eeprom_driver.o
                0x00003de2                EEPROM_WriteByte
                0x00003e6a                EEPROM_ReadByte
                0x00003ec4                EEPROM_WaitForNVM
                0x00003ece                EEPROM_FlushBuffer
                0x00003f04                EEPROM_LoadByte
                0x00003f20                EEPROM_LoadPage
                0x00003f58                EEPROM_AtomicWritePage
                0x00003fa4                EEPROM_ErasePage
                0x00003ff0                EEPROM_SplitWritePage
                0x0000403c                EEPROM_EraseAll
 .text          0x0000406a       0x8a port_driver.o
                0x0000406a                PORT_ConfigureInterrupt0
                0x00004078                PORT_ConfigureInterrupt1
                0x00004086                PORT_ConfigurePins
                0x000040bc                PORT_MapVirtualPort0
                0x000040ca                PORT_MapVirtualPort1
                0x000040d8                PORT_MapVirtualPort2
                0x000040e6                PORT_MapVirtualPort3
 .text          0x000040f4      0x2da spi_driver.o
                0x000040f4                SPI_MasterInit
                0x00004174                SPI_MasterEnable
                0x00004198                SPI_SlaveInit
                0x000041d0                SPI_MasterCreateDataPacket
                0x000041f4                SPI_MasterInterruptHandler
                0x0000428c                SPI_MasterInterruptTransceivePacket
                0x00004304                SPI_MasterTransceiveByte
                0x00004320                SPI_MasterTransceivePacket
 .text          0x000043ce      0x258 swUART.o
                0x000043ce                swUART_PutChar
                0x000043fa                swUART_ReadChar
                0x00004422                swUART_ConfigureDevice
                0x000044f6                swUART_SetRxInterruptLevel
                0x000045aa                swUART_SetInterruptHandler
                0x000045b4                __vector_34
                0x0000460a                swUART_Delay_Tx
                0x00004618                swUART_Delay_Rx
 .text          0x00004626      0x114 tc_driver.o
                0x00004626                TC0_ConfigClockSource
                0x00004632                TC1_ConfigClockSource
                0x0000463e                TC0_ConfigWGM
                0x0000464a                TC1_ConfigWGM
                0x00004656                TC0_ConfigInputCapture
                0x00004664                TC1_ConfigInputCapture
                0x00004672                TC0_EnableCCChannels
                0x0000467e                TC1_EnableCCChannels
                0x0000468a                TC0_DisableCCChannels
                0x00004698                TC1_DisableCCChannels
                0x000046a6                TC0_SetOverflowIntLevel
                0x000046b2                TC1_SetOverflowIntLevel
                0x000046be                TC0_SetErrorIntLevel
                0x000046ca                TC1_SetErrorIntLevel
                0x000046d6                TC0_SetCCAIntLevel
                0x000046e2                TC1_SetCCAIntLevel
                0x000046ee                TC0_SetCCBIntLevel
                0x000046fa                TC1_SetCCBIntLevel
                0x00004706                TC0_SetCCCIntLevel
                0x00004712                TC0_SetCCDIntLevel
                0x0000471e                TC0_Reset
                0x0000472c                TC1_Reset
 .text          0x0000473a        0x0 c:/program files (x86)/atmel/avr studio 5.0/avr toolchain/bin/../lib/gcc/avr/4.5.1/avrxmega2\libgcc.a(_umulhisi3.o)
 .text          0x0000473a        0x0 c:/program files (x86)/atmel/avr studio 5.0/avr toolchain/bin/../lib/gcc/avr/4.5.1/avrxmega2\libgcc.a(_exit.o)
 .text          0x0000473a        0x0 c:/program files (x86)/atmel/avr studio 5.0/avr toolchain/bin/../lib/gcc/avr/4.5.1/avrxmega2\libgcc.a(_copy_data.o)
 .text          0x0000473a        0x0 c:/program files (x86)/atmel/avr studio 5.0/avr toolchain/bin/../lib/gcc/avr/4.5.1/avrxmega2\libgcc.a(_clear_bss.o)
 .text          0x0000473a        0x0 c:/program files (x86)/atmel/avr studio 5.0/avr toolchain/bin/../lib/gcc/avr/4.5.1/../../../../avr/lib/avrxmega2\libc.a(atoi.o)
 .text          0x0000473a        0x0 c:/program files (x86)/atmel/avr studio 5.0/avr toolchain/bin/../lib/gcc/avr/4.5.1/../../../../avr/lib/avrxmega2\libc.a(atol.o)
 .text          0x0000473a        0x0 c:/program files (x86)/atmel/avr studio 5.0/avr toolchain/bin/../lib/gcc/avr/4.5.1/../../../../avr/lib/avrxmega2\libc.a(strtok.o)
 .text          0x0000473a        0x0 c:/program files (x86)/atmel/avr studio 5.0/avr toolchain/bin/../lib/gcc/avr/4.5.1/../../../../avr/lib/avrxmega2\libc.a(strcmp.o)
 .text          0x0000473a        0x0 c:/program files (x86)/atmel/avr studio 5.0/avr toolchain/bin/../lib/gcc/avr/4.5.1/../../../../avr/lib/avrxmega2\libc.a(strcpy.o)
 .text          0x0000473a        0x0 c:/program files (x86)/atmel/avr studio 5.0/avr toolchain/bin/../lib/gcc/avr/4.5.1/../../../../avr/lib/avrxmega2\libc.a(strstr.o)
 .text          0x0000473a        0x0 c:/program files (x86)/atmel/avr studio 5.0/avr toolchain/bin/../lib/gcc/avr/4.5.1/../../../../avr/lib/avrxmega2\libc.a(strtok_r.o)
 .text          0x0000473a        0x0 c:/program files (x86)/atmel/avr studio 5.0/avr toolchain/bin/../lib/gcc/avr/4.5.1/../../../../avr/lib/avrxmega2\libc.a(mulsi10.o)
 .text          0x0000473a        0x0 c:/program files (x86)/atmel/avr studio 5.0/avr toolchain/bin/../lib/gcc/avr/4.5.1/../../../../avr/lib/avrxmega2\libc.a(mul10.o)
 .text          0x0000473a        0x0 c:/program files (x86)/atmel/avr studio 5.0/avr toolchain/bin/../lib/gcc/avr/4.5.1/../../../../avr/lib/avrxmega2\libc.a(fgetc.o)
 .text          0x0000473a        0x0 c:/program files (x86)/atmel/avr studio 5.0/avr toolchain/bin/../lib/gcc/avr/4.5.1/../../../../avr/lib/avrxmega2\libc.a(fputc.o)
 .text          0x0000473a        0x0 c:/program files (x86)/atmel/avr studio 5.0/avr toolchain/bin/../lib/gcc/avr/4.5.1/../../../../avr/lib/avrxmega2\libc.a(gets.o)
 .text          0x0000473a        0x0 c:/program files (x86)/atmel/avr studio 5.0/avr toolchain/bin/../lib/gcc/avr/4.5.1/../../../../avr/lib/avrxmega2\libc.a(iob.o)
 .text          0x0000473a        0x0 c:/program files (x86)/atmel/avr studio 5.0/avr toolchain/bin/../lib/gcc/avr/4.5.1/../../../../avr/lib/avrxmega2\libc.a(printf_p.o)
 .text          0x0000473a        0x0 c:/program files (x86)/atmel/avr studio 5.0/avr toolchain/bin/../lib/gcc/avr/4.5.1/../../../../avr/lib/avrxmega2\libc.a(vfprintf_std.o)
 .text          0x0000473a        0x0 c:/program files (x86)/atmel/avr studio 5.0/avr toolchain/bin/../lib/gcc/avr/4.5.1/../../../../avr/lib/avrxmega2\libc.a(strnlen_P.o)
 .text          0x0000473a        0x0 c:/program files (x86)/atmel/avr studio 5.0/avr toolchain/bin/../lib/gcc/avr/4.5.1/../../../../avr/lib/avrxmega2\libc.a(strnlen.o)
 .text          0x0000473a        0x0 c:/program files (x86)/atmel/avr studio 5.0/avr toolchain/bin/../lib/gcc/avr/4.5.1/../../../../avr/lib/avrxmega2\libc.a(ultoa_invert.o)
 .text          0x0000473a        0x0 c:/program files (x86)/atmel/avr studio 5.0/avr toolchain/bin/../lib/gcc/avr/4.5.1/avrxmega2\libgcc.a(_prologue.o)
 .text          0x0000473a        0x0 c:/program files (x86)/atmel/avr studio 5.0/avr toolchain/bin/../lib/gcc/avr/4.5.1/avrxmega2\libgcc.a(_epilogue.o)
                0x0000473a                . = ALIGN (0x2)
 *(.text.*)
 .text.libgcc   0x0000473a       0x1e c:/program files (x86)/atmel/avr studio 5.0/avr toolchain/bin/../lib/gcc/avr/4.5.1/avrxmega2\libgcc.a(_umulhisi3.o)
                0x0000473a                __umulhisi3
 .text.libgcc   0x00004758        0x0 c:/program files (x86)/atmel/avr studio 5.0/avr toolchain/bin/../lib/gcc/avr/4.5.1/avrxmega2\libgcc.a(_exit.o)
 .text.libgcc   0x00004758        0x0 c:/program files (x86)/atmel/avr studio 5.0/avr toolchain/bin/../lib/gcc/avr/4.5.1/avrxmega2\libgcc.a(_copy_data.o)
 .text.libgcc   0x00004758        0x0 c:/program files (x86)/atmel/avr studio 5.0/avr toolchain/bin/../lib/gcc/avr/4.5.1/avrxmega2\libgcc.a(_clear_bss.o)
 .text.avr-libc
                0x00004758       0x3c c:/program files (x86)/atmel/avr studio 5.0/avr toolchain/bin/../lib/gcc/avr/4.5.1/../../../../avr/lib/avrxmega2\libc.a(atoi.o)
                0x00004758                atoi
 .text.avr-libc
                0x00004794       0x4e c:/program files (x86)/atmel/avr studio 5.0/avr toolchain/bin/../lib/gcc/avr/4.5.1/../../../../avr/lib/avrxmega2\libc.a(atol.o)
                0x00004794                atol
 .text.avr-libc
                0x000047e2        0xa c:/program files (x86)/atmel/avr studio 5.0/avr toolchain/bin/../lib/gcc/avr/4.5.1/../../../../avr/lib/avrxmega2\libc.a(strtok.o)
                0x000047e2                strtok
 .text.avr-libc
                0x000047ec       0x12 c:/program files (x86)/atmel/avr studio 5.0/avr toolchain/bin/../lib/gcc/avr/4.5.1/../../../../avr/lib/avrxmega2\libc.a(strcmp.o)
                0x000047ec                strcmp
 .text.avr-libc
                0x000047fe        0xe c:/program files (x86)/atmel/avr studio 5.0/avr toolchain/bin/../lib/gcc/avr/4.5.1/../../../../avr/lib/avrxmega2\libc.a(strcpy.o)
                0x000047fe                strcpy
 .text.avr-libc
                0x0000480c       0x34 c:/program files (x86)/atmel/avr studio 5.0/avr toolchain/bin/../lib/gcc/avr/4.5.1/../../../../avr/lib/avrxmega2\libc.a(strstr.o)
                0x0000480c                strstr
 .text.avr-libc
                0x00004840       0x4e c:/program files (x86)/atmel/avr studio 5.0/avr toolchain/bin/../lib/gcc/avr/4.5.1/../../../../avr/lib/avrxmega2\libc.a(strtok_r.o)
                0x00004840                strtok_r
 .text.avr-libc
                0x0000488e       0x2a c:/program files (x86)/atmel/avr studio 5.0/avr toolchain/bin/../lib/gcc/avr/4.5.1/../../../../avr/lib/avrxmega2\libc.a(mulsi10.o)
                0x0000488e                __mulsi_const_10
 .text.avr-libc
                0x000048b8       0x10 c:/program files (x86)/atmel/avr studio 5.0/avr toolchain/bin/../lib/gcc/avr/4.5.1/../../../../avr/lib/avrxmega2\libc.a(mul10.o)
                0x000048b8                __mulhi_const_10
 .text.avr-libc
                0x000048c8       0x84 c:/program files (x86)/atmel/avr studio 5.0/avr toolchain/bin/../lib/gcc/avr/4.5.1/../../../../avr/lib/avrxmega2\libc.a(fgetc.o)
                0x000048c8                fgetc
 .text.avr-libc
                0x0000494c       0x58 c:/program files (x86)/atmel/avr studio 5.0/avr toolchain/bin/../lib/gcc/avr/4.5.1/../../../../avr/lib/avrxmega2\libc.a(fputc.o)
                0x0000494c                fputc
 .text.avr-libc
                0x000049a4       0x58 c:/program files (x86)/atmel/avr studio 5.0/avr toolchain/bin/../lib/gcc/avr/4.5.1/../../../../avr/lib/avrxmega2\libc.a(gets.o)
                0x000049a4                gets
 .text.avr-libc
                0x000049fc       0x46 c:/program files (x86)/atmel/avr studio 5.0/avr toolchain/bin/../lib/gcc/avr/4.5.1/../../../../avr/lib/avrxmega2\libc.a(printf_p.o)
                0x000049fc                printf_P
 .text.avr-libc
                0x00004a42      0x3ce c:/program files (x86)/atmel/avr studio 5.0/avr toolchain/bin/../lib/gcc/avr/4.5.1/../../../../avr/lib/avrxmega2\libc.a(vfprintf_std.o)
                0x00004a42                vfprintf
 .text.avr-libc
                0x00004e10       0x16 c:/program files (x86)/atmel/avr studio 5.0/avr toolchain/bin/../lib/gcc/avr/4.5.1/../../../../avr/lib/avrxmega2\libc.a(strnlen_P.o)
                0x00004e10                strnlen_P
 .text.avr-libc
                0x00004e26       0x16 c:/program files (x86)/atmel/avr studio 5.0/avr toolchain/bin/../lib/gcc/avr/4.5.1/../../../../avr/lib/avrxmega2\libc.a(strnlen.o)
                0x00004e26                strnlen
 .text.avr-libc
                0x00004e3c       0xbc c:/program files (x86)/atmel/avr studio 5.0/avr toolchain/bin/../lib/gcc/avr/4.5.1/../../../../avr/lib/avrxmega2\libc.a(ultoa_invert.o)
                0x00004e3c                __ultoa_invert
 .text.libgcc   0x00004ef8       0x32 c:/program files (x86)/atmel/avr studio 5.0/avr toolchain/bin/../lib/gcc/avr/4.5.1/avrxmega2\libgcc.a(_prologue.o)
                0x00004ef8                __prologue_saves__
 .text.libgcc   0x00004f2a       0x30 c:/program files (x86)/atmel/avr studio 5.0/avr toolchain/bin/../lib/gcc/avr/4.5.1/avrxmega2\libgcc.a(_epilogue.o)
                0x00004f2a                __epilogue_restores__
                0x00004f5a                . = ALIGN (0x2)
 *(.fini9)
 .fini9         0x00004f5a        0x0 c:/program files (x86)/atmel/avr studio 5.0/avr toolchain/bin/../lib/gcc/avr/4.5.1/avrxmega2\libgcc.a(_exit.o)
                0x00004f5a                _exit
                0x00004f5a                exit
 *(.fini9)
 *(.fini8)
 *(.fini8)
 *(.fini7)
 *(.fini7)
 *(.fini6)
 *(.fini6)
 *(.fini5)
 *(.fini5)
 *(.fini4)
 *(.fini4)
 *(.fini3)
 *(.fini3)
 *(.fini2)
 *(.fini2)
 *(.fini1)
 *(.fini1)
 *(.fini0)
 .fini0         0x00004f5a        0x4 c:/program files (x86)/atmel/avr studio 5.0/avr toolchain/bin/../lib/gcc/avr/4.5.1/avrxmega2\libgcc.a(_exit.o)
 *(.fini0)
                0x00004f5e                _etext = .

.data           0x00802000      0x220 load address 0x00004f5e
                0x00802000                PROVIDE (__data_start, .)
 *(.data)
 .data          0x00802000        0x0 c:/program files (x86)/atmel/avr studio 5.0/avr toolchain/bin/../lib/gcc/avr/4.5.1/../../../../avr/lib/avrxmega2/crtx32d4.o
 .data          0x00802000        0x0 AniBike2V7BT_Clock.o
 .data          0x00802000        0x0 AniBike2V7BT_DataLink.o
 .data          0x00802000        0x6 AniBike2V7BT_FileSystem.o
                0x00802000                iCurrentAddress
                0x00802004                iNumOfFiles
 .data          0x00802006        0x0 AniBike2V7BT_HallSensor.o
 .data          0x00802006        0x6 AniBike2V7BT_LightingSystem.o
                0x00802006                g_iRedCalibrationPeriod
                0x00802008                g_iGreenCalibrationPeriod
                0x0080200a                g_iBlueCalibrationPeriod
 .data          0x0080200c        0x0 AniBike2V7BT_master.o
 .data          0x0080200c      0x206 AniBike2V7BT_TransferProtocol.o
                0x00802030                g_EchoOnOff
 .data          0x00802212        0x0 clksys_driver.o
 .data          0x00802212        0x0 DataFlash.o
 .data          0x00802212        0x0 eeprom_driver.o
 .data          0x00802212        0x0 port_driver.o
 .data          0x00802212        0x0 spi_driver.o
 .data          0x00802212        0xe swUART.o
                0x00802212                file_str
 .data          0x00802220        0x0 tc_driver.o
 .data          0x00802220        0x0 c:/program files (x86)/atmel/avr studio 5.0/avr toolchain/bin/../lib/gcc/avr/4.5.1/avrxmega2\libgcc.a(_umulhisi3.o)
 .data          0x00802220        0x0 c:/program files (x86)/atmel/avr studio 5.0/avr toolchain/bin/../lib/gcc/avr/4.5.1/avrxmega2\libgcc.a(_exit.o)
 .data          0x00802220        0x0 c:/program files (x86)/atmel/avr studio 5.0/avr toolchain/bin/../lib/gcc/avr/4.5.1/avrxmega2\libgcc.a(_copy_data.o)
 .data          0x00802220        0x0 c:/program files (x86)/atmel/avr studio 5.0/avr toolchain/bin/../lib/gcc/avr/4.5.1/avrxmega2\libgcc.a(_clear_bss.o)
 .data          0x00802220        0x0 c:/program files (x86)/atmel/avr studio 5.0/avr toolchain/bin/../lib/gcc/avr/4.5.1/../../../../avr/lib/avrxmega2\libc.a(atoi.o)
 .data          0x00802220        0x0 c:/program files (x86)/atmel/avr studio 5.0/avr toolchain/bin/../lib/gcc/avr/4.5.1/../../../../avr/lib/avrxmega2\libc.a(atol.o)
 .data          0x00802220        0x0 c:/program files (x86)/atmel/avr studio 5.0/avr toolchain/bin/../lib/gcc/avr/4.5.1/../../../../avr/lib/avrxmega2\libc.a(strtok.o)
 .data          0x00802220        0x0 c:/program files (x86)/atmel/avr studio 5.0/avr toolchain/bin/../lib/gcc/avr/4.5.1/../../../../avr/lib/avrxmega2\libc.a(strcmp.o)
 .data          0x00802220        0x0 c:/program files (x86)/atmel/avr studio 5.0/avr toolchain/bin/../lib/gcc/avr/4.5.1/../../../../avr/lib/avrxmega2\libc.a(strcpy.o)
 .data          0x00802220        0x0 c:/program files (x86)/atmel/avr studio 5.0/avr toolchain/bin/../lib/gcc/avr/4.5.1/../../../../avr/lib/avrxmega2\libc.a(strstr.o)
 .data          0x00802220        0x0 c:/program files (x86)/atmel/avr studio 5.0/avr toolchain/bin/../lib/gcc/avr/4.5.1/../../../../avr/lib/avrxmega2\libc.a(strtok_r.o)
 .data          0x00802220        0x0 c:/program files (x86)/atmel/avr studio 5.0/avr toolchain/bin/../lib/gcc/avr/4.5.1/../../../../avr/lib/avrxmega2\libc.a(mulsi10.o)
 .data          0x00802220        0x0 c:/program files (x86)/atmel/avr studio 5.0/avr toolchain/bin/../lib/gcc/avr/4.5.1/../../../../avr/lib/avrxmega2\libc.a(mul10.o)
 .data          0x00802220        0x0 c:/program files (x86)/atmel/avr studio 5.0/avr toolchain/bin/../lib/gcc/avr/4.5.1/../../../../avr/lib/avrxmega2\libc.a(fgetc.o)
 .data          0x00802220        0x0 c:/program files (x86)/atmel/avr studio 5.0/avr toolchain/bin/../lib/gcc/avr/4.5.1/../../../../avr/lib/avrxmega2\libc.a(fputc.o)
 .data          0x00802220        0x0 c:/program files (x86)/atmel/avr studio 5.0/avr toolchain/bin/../lib/gcc/avr/4.5.1/../../../../avr/lib/avrxmega2\libc.a(gets.o)
 .data          0x00802220        0x0 c:/program files (x86)/atmel/avr studio 5.0/avr toolchain/bin/../lib/gcc/avr/4.5.1/../../../../avr/lib/avrxmega2\libc.a(iob.o)
 .data          0x00802220        0x0 c:/program files (x86)/atmel/avr studio 5.0/avr toolchain/bin/../lib/gcc/avr/4.5.1/../../../../avr/lib/avrxmega2\libc.a(printf_p.o)
 .data          0x00802220        0x0 c:/program files (x86)/atmel/avr studio 5.0/avr toolchain/bin/../lib/gcc/avr/4.5.1/../../../../avr/lib/avrxmega2\libc.a(vfprintf_std.o)
 .data          0x00802220        0x0 c:/program files (x86)/atmel/avr studio 5.0/avr toolchain/bin/../lib/gcc/avr/4.5.1/../../../../avr/lib/avrxmega2\libc.a(strnlen_P.o)
 .data          0x00802220        0x0 c:/program files (x86)/atmel/avr studio 5.0/avr toolchain/bin/../lib/gcc/avr/4.5.1/../../../../avr/lib/avrxmega2\libc.a(strnlen.o)
 .data          0x00802220        0x0 c:/program files (x86)/atmel/avr studio 5.0/avr toolchain/bin/../lib/gcc/avr/4.5.1/../../../../avr/lib/avrxmega2\libc.a(ultoa_invert.o)
 .data          0x00802220        0x0 c:/program files (x86)/atmel/avr studio 5.0/avr toolchain/bin/../lib/gcc/avr/4.5.1/avrxmega2\libgcc.a(_prologue.o)
 .data          0x00802220        0x0 c:/program files (x86)/atmel/avr studio 5.0/avr toolchain/bin/../lib/gcc/avr/4.5.1/avrxmega2\libgcc.a(_epilogue.o)
 *(.data*)
 *(.rodata)
 *(.rodata*)
 *(.gnu.linkonce.d*)
                0x00802220                . = ALIGN (0x2)
                0x00802220                _edata = .
                0x00802220                PROVIDE (__data_end, .)

.bss            0x00802220      0x10b
                0x00802220                PROVIDE (__bss_start, .)
 *(.bss)
 .bss           0x00802220        0x0 c:/program files (x86)/atmel/avr studio 5.0/avr toolchain/bin/../lib/gcc/avr/4.5.1/../../../../avr/lib/avrxmega2/crtx32d4.o
 .bss           0x00802220        0x0 AniBike2V7BT_Clock.o
 .bss           0x00802220        0x1 AniBike2V7BT_DataLink.o
                0x00802220                rxLength
 .bss           0x00802221        0x3 AniBike2V7BT_FileSystem.o
                0x00802221                iCurrentFileNum
                0x00802223                bFS_Empty
 .bss           0x00802224        0x2 AniBike2V7BT_HallSensor.o
                0x00802224                hall_handler
 .bss           0x00802226        0x0 AniBike2V7BT_LightingSystem.o
 .bss           0x00802226        0x0 AniBike2V7BT_master.o
 .bss           0x00802226       0x6c AniBike2V7BT_TransferProtocol.o
                0x00802226                g_leftDataToGet
                0x00802227                g_dataStartAddress
                0x0080222b                g_isOperating
 .bss           0x00802292        0x0 clksys_driver.o
 .bss           0x00802292        0x0 DataFlash.o
 .bss           0x00802292        0x0 eeprom_driver.o
 .bss           0x00802292        0x0 port_driver.o
 .bss           0x00802292        0x0 spi_driver.o
 .bss           0x00802292        0x3 swUART.o
                0x00802292                swUART_RxHandler
                0x00802294                bInterruptEnabled
 .bss           0x00802295        0x0 tc_driver.o
 .bss           0x00802295        0x0 c:/program files (x86)/atmel/avr studio 5.0/avr toolchain/bin/../lib/gcc/avr/4.5.1/avrxmega2\libgcc.a(_umulhisi3.o)
 .bss           0x00802295        0x0 c:/program files (x86)/atmel/avr studio 5.0/avr toolchain/bin/../lib/gcc/avr/4.5.1/avrxmega2\libgcc.a(_exit.o)
 .bss           0x00802295        0x0 c:/program files (x86)/atmel/avr studio 5.0/avr toolchain/bin/../lib/gcc/avr/4.5.1/avrxmega2\libgcc.a(_copy_data.o)
 .bss           0x00802295        0x0 c:/program files (x86)/atmel/avr studio 5.0/avr toolchain/bin/../lib/gcc/avr/4.5.1/avrxmega2\libgcc.a(_clear_bss.o)
 .bss           0x00802295        0x0 c:/program files (x86)/atmel/avr studio 5.0/avr toolchain/bin/../lib/gcc/avr/4.5.1/../../../../avr/lib/avrxmega2\libc.a(atoi.o)
 .bss           0x00802295        0x0 c:/program files (x86)/atmel/avr studio 5.0/avr toolchain/bin/../lib/gcc/avr/4.5.1/../../../../avr/lib/avrxmega2\libc.a(atol.o)
 .bss           0x00802295        0x2 c:/program files (x86)/atmel/avr studio 5.0/avr toolchain/bin/../lib/gcc/avr/4.5.1/../../../../avr/lib/avrxmega2\libc.a(strtok.o)
 .bss           0x00802297        0x0 c:/program files (x86)/atmel/avr studio 5.0/avr toolchain/bin/../lib/gcc/avr/4.5.1/../../../../avr/lib/avrxmega2\libc.a(strcmp.o)
 .bss           0x00802297        0x0 c:/program files (x86)/atmel/avr studio 5.0/avr toolchain/bin/../lib/gcc/avr/4.5.1/../../../../avr/lib/avrxmega2\libc.a(strcpy.o)
 .bss           0x00802297        0x0 c:/program files (x86)/atmel/avr studio 5.0/avr toolchain/bin/../lib/gcc/avr/4.5.1/../../../../avr/lib/avrxmega2\libc.a(strstr.o)
 .bss           0x00802297        0x0 c:/program files (x86)/atmel/avr studio 5.0/avr toolchain/bin/../lib/gcc/avr/4.5.1/../../../../avr/lib/avrxmega2\libc.a(strtok_r.o)
 .bss           0x00802297        0x0 c:/program files (x86)/atmel/avr studio 5.0/avr toolchain/bin/../lib/gcc/avr/4.5.1/../../../../avr/lib/avrxmega2\libc.a(mulsi10.o)
 .bss           0x00802297        0x0 c:/program files (x86)/atmel/avr studio 5.0/avr toolchain/bin/../lib/gcc/avr/4.5.1/../../../../avr/lib/avrxmega2\libc.a(mul10.o)
 .bss           0x00802297        0x0 c:/program files (x86)/atmel/avr studio 5.0/avr toolchain/bin/../lib/gcc/avr/4.5.1/../../../../avr/lib/avrxmega2\libc.a(fgetc.o)
 .bss           0x00802297        0x0 c:/program files (x86)/atmel/avr studio 5.0/avr toolchain/bin/../lib/gcc/avr/4.5.1/../../../../avr/lib/avrxmega2\libc.a(fputc.o)
 .bss           0x00802297        0x0 c:/program files (x86)/atmel/avr studio 5.0/avr toolchain/bin/../lib/gcc/avr/4.5.1/../../../../avr/lib/avrxmega2\libc.a(gets.o)
 .bss           0x00802297        0x0 c:/program files (x86)/atmel/avr studio 5.0/avr toolchain/bin/../lib/gcc/avr/4.5.1/../../../../avr/lib/avrxmega2\libc.a(iob.o)
 .bss           0x00802297        0x0 c:/program files (x86)/atmel/avr studio 5.0/avr toolchain/bin/../lib/gcc/avr/4.5.1/../../../../avr/lib/avrxmega2\libc.a(printf_p.o)
 .bss           0x00802297        0x0 c:/program files (x86)/atmel/avr studio 5.0/avr toolchain/bin/../lib/gcc/avr/4.5.1/../../../../avr/lib/avrxmega2\libc.a(vfprintf_std.o)
 .bss           0x00802297        0x0 c:/program files (x86)/atmel/avr studio 5.0/avr toolchain/bin/../lib/gcc/avr/4.5.1/../../../../avr/lib/avrxmega2\libc.a(strnlen_P.o)
 .bss           0x00802297        0x0 c:/program files (x86)/atmel/avr studio 5.0/avr toolchain/bin/../lib/gcc/avr/4.5.1/../../../../avr/lib/avrxmega2\libc.a(strnlen.o)
 .bss           0x00802297        0x0 c:/program files (x86)/atmel/avr studio 5.0/avr toolchain/bin/../lib/gcc/avr/4.5.1/../../../../avr/lib/avrxmega2\libc.a(ultoa_invert.o)
 .bss           0x00802297        0x0 c:/program files (x86)/atmel/avr studio 5.0/avr toolchain/bin/../lib/gcc/avr/4.5.1/avrxmega2\libgcc.a(_prologue.o)
 .bss           0x00802297        0x0 c:/program files (x86)/atmel/avr studio 5.0/avr toolchain/bin/../lib/gcc/avr/4.5.1/avrxmega2\libgcc.a(_epilogue.o)
 *(.bss*)
 *(COMMON)
 COMMON         0x00802297       0x87 AniBike2V7BT_DataLink.o
                0x00802297                spiMasterC
                0x0080229e                rxBuffer
 COMMON         0x0080231e        0x7 DataFlash.o
                0x0080231e                spiMasterD
 COMMON         0x00802325        0x6 c:/program files (x86)/atmel/avr studio 5.0/avr toolchain/bin/../lib/gcc/avr/4.5.1/../../../../avr/lib/avrxmega2\libc.a(iob.o)
                0x00802325                __iob
                0x0080232b                PROVIDE (__bss_end, .)
                0x00004f5e                __data_load_start = LOADADDR (.data)
                0x0000517e                __data_load_end = (__data_load_start + SIZEOF (.data))

.noinit         0x0080232b        0x0
                0x0080232b                PROVIDE (__noinit_start, .)
 *(.noinit*)
                0x0080232b                PROVIDE (__noinit_end, .)
                0x0080232b                _end = .
                0x0080232b                PROVIDE (__heap_start, .)

.eeprom         0x00810000        0x0
 *(.eeprom*)
                0x00810000                __eeprom_end = .

.fuse
 *(.fuse)
 *(.lfuse)
 *(.hfuse)
 *(.efuse)

.lock
 *(.lock*)

.signature
 *(.signature*)

.stab           0x00000000     0x15a8
 *(.stab)
 .stab          0x00000000      0x6cc c:/program files (x86)/atmel/avr studio 5.0/avr toolchain/bin/../lib/gcc/avr/4.5.1/../../../../avr/lib/avrxmega2/crtx32d4.o
 .stab          0x000006cc      0x174 c:/program files (x86)/atmel/avr studio 5.0/avr toolchain/bin/../lib/gcc/avr/4.5.1/../../../../avr/lib/avrxmega2\libc.a(atoi.o)
                                0x180 (size before relaxing)
 .stab          0x00000840      0x1e0 c:/program files (x86)/atmel/avr studio 5.0/avr toolchain/bin/../lib/gcc/avr/4.5.1/../../../../avr/lib/avrxmega2\libc.a(atol.o)
                                0x1ec (size before relaxing)
 .stab          0x00000a20       0x84 c:/program files (x86)/atmel/avr studio 5.0/avr toolchain/bin/../lib/gcc/avr/4.5.1/../../../../avr/lib/avrxmega2\libc.a(strcmp.o)
                                 0x90 (size before relaxing)
 .stab          0x00000aa4       0x6c c:/program files (x86)/atmel/avr studio 5.0/avr toolchain/bin/../lib/gcc/avr/4.5.1/../../../../avr/lib/avrxmega2\libc.a(strcpy.o)
                                 0x78 (size before relaxing)
 .stab          0x00000b10      0x150 c:/program files (x86)/atmel/avr studio 5.0/avr toolchain/bin/../lib/gcc/avr/4.5.1/../../../../avr/lib/avrxmega2\libc.a(strstr.o)
                                0x15c (size before relaxing)
 .stab          0x00000c60      0x204 c:/program files (x86)/atmel/avr studio 5.0/avr toolchain/bin/../lib/gcc/avr/4.5.1/../../../../avr/lib/avrxmega2\libc.a(strtok_r.o)
                                0x210 (size before relaxing)
 .stab          0x00000e64      0x114 c:/program files (x86)/atmel/avr studio 5.0/avr toolchain/bin/../lib/gcc/avr/4.5.1/../../../../avr/lib/avrxmega2\libc.a(mulsi10.o)
                                0x120 (size before relaxing)
 .stab          0x00000f78       0x78 c:/program files (x86)/atmel/avr studio 5.0/avr toolchain/bin/../lib/gcc/avr/4.5.1/../../../../avr/lib/avrxmega2\libc.a(mul10.o)
                                 0x84 (size before relaxing)
 .stab          0x00000ff0       0x9c c:/program files (x86)/atmel/avr studio 5.0/avr toolchain/bin/../lib/gcc/avr/4.5.1/../../../../avr/lib/avrxmega2\libc.a(strnlen_P.o)
                                 0xa8 (size before relaxing)
 .stab          0x0000108c       0x9c c:/program files (x86)/atmel/avr studio 5.0/avr toolchain/bin/../lib/gcc/avr/4.5.1/../../../../avr/lib/avrxmega2\libc.a(strnlen.o)
                                 0xa8 (size before relaxing)
 .stab          0x00001128      0x480 c:/program files (x86)/atmel/avr studio 5.0/avr toolchain/bin/../lib/gcc/avr/4.5.1/../../../../avr/lib/avrxmega2\libc.a(ultoa_invert.o)
                                0x48c (size before relaxing)

.stabstr        0x00000000      0x4c0
 *(.stabstr)
 .stabstr       0x00000000      0x4c0 c:/program files (x86)/atmel/avr studio 5.0/avr toolchain/bin/../lib/gcc/avr/4.5.1/../../../../avr/lib/avrxmega2/crtx32d4.o

.stab.excl
 *(.stab.excl)

.stab.exclstr
 *(.stab.exclstr)

.stab.index
 *(.stab.index)

.stab.indexstr
 *(.stab.indexstr)

.comment
 *(.comment)

.debug
 *(.debug)

.line
 *(.line)

.debug_srcinfo
 *(.debug_srcinfo)

.debug_sfnames
 *(.debug_sfnames)

.debug_aranges  0x00000000      0x280
 *(.debug_aranges)
 .debug_aranges
                0x00000000       0x20 AniBike2V7BT_Clock.o
 .debug_aranges
                0x00000020       0x20 AniBike2V7BT_DataLink.o
 .debug_aranges
                0x00000040       0x20 AniBike2V7BT_FileSystem.o
 .debug_aranges
                0x00000060       0x20 AniBike2V7BT_HallSensor.o
 .debug_aranges
                0x00000080       0x20 AniBike2V7BT_LightingSystem.o
 .debug_aranges
                0x000000a0       0x20 AniBike2V7BT_master.o
 .debug_aranges
                0x000000c0       0x20 AniBike2V7BT_TransferProtocol.o
 .debug_aranges
                0x000000e0       0x20 clksys_driver.o
 .debug_aranges
                0x00000100       0x20 DataFlash.o
 .debug_aranges
                0x00000120       0x20 eeprom_driver.o
 .debug_aranges
                0x00000140       0x20 port_driver.o
 .debug_aranges
                0x00000160       0x20 spi_driver.o
 .debug_aranges
                0x00000180       0x20 swUART.o
 .debug_aranges
                0x000001a0       0x20 tc_driver.o
 .debug_aranges
                0x000001c0       0x20 c:/program files (x86)/atmel/avr studio 5.0/avr toolchain/bin/../lib/gcc/avr/4.5.1/../../../../avr/lib/avrxmega2\libc.a(strtok.o)
 .debug_aranges
                0x000001e0       0x20 c:/program files (x86)/atmel/avr studio 5.0/avr toolchain/bin/../lib/gcc/avr/4.5.1/../../../../avr/lib/avrxmega2\libc.a(fgetc.o)
 .debug_aranges
                0x00000200       0x20 c:/program files (x86)/atmel/avr studio 5.0/avr toolchain/bin/../lib/gcc/avr/4.5.1/../../../../avr/lib/avrxmega2\libc.a(fputc.o)
 .debug_aranges
                0x00000220       0x20 c:/program files (x86)/atmel/avr studio 5.0/avr toolchain/bin/../lib/gcc/avr/4.5.1/../../../../avr/lib/avrxmega2\libc.a(gets.o)
 .debug_aranges
                0x00000240       0x20 c:/program files (x86)/atmel/avr studio 5.0/avr toolchain/bin/../lib/gcc/avr/4.5.1/../../../../avr/lib/avrxmega2\libc.a(printf_p.o)
 .debug_aranges
                0x00000260       0x20 c:/program files (x86)/atmel/avr studio 5.0/avr toolchain/bin/../lib/gcc/avr/4.5.1/../../../../avr/lib/avrxmega2\libc.a(vfprintf_std.o)

.debug_pubnames
                0x00000000      0xf09
 *(.debug_pubnames)
 .debug_pubnames
                0x00000000       0x23 AniBike2V7BT_Clock.o
 .debug_pubnames
                0x00000023       0xb5 AniBike2V7BT_DataLink.o
 .debug_pubnames
                0x000000d8      0x133 AniBike2V7BT_FileSystem.o
 .debug_pubnames
                0x0000020b       0x6d AniBike2V7BT_HallSensor.o
 .debug_pubnames
                0x00000278       0xc3 AniBike2V7BT_LightingSystem.o
 .debug_pubnames
                0x0000033b       0x33 AniBike2V7BT_master.o
 .debug_pubnames
                0x0000036e      0x2b9 AniBike2V7BT_TransferProtocol.o
 .debug_pubnames
                0x00000627      0x129 clksys_driver.o
 .debug_pubnames
                0x00000750      0x134 DataFlash.o
 .debug_pubnames
                0x00000884       0xee eeprom_driver.o
 .debug_pubnames
                0x00000972       0xc7 port_driver.o
 .debug_pubnames
                0x00000a39       0xee spi_driver.o
 .debug_pubnames
                0x00000b27      0x102 swUART.o
 .debug_pubnames
                0x00000c29      0x216 tc_driver.o
 .debug_pubnames
                0x00000e3f       0x1d c:/program files (x86)/atmel/avr studio 5.0/avr toolchain/bin/../lib/gcc/avr/4.5.1/../../../../avr/lib/avrxmega2\libc.a(strtok.o)
 .debug_pubnames
                0x00000e5c       0x1c c:/program files (x86)/atmel/avr studio 5.0/avr toolchain/bin/../lib/gcc/avr/4.5.1/../../../../avr/lib/avrxmega2\libc.a(fgetc.o)
 .debug_pubnames
                0x00000e78       0x1c c:/program files (x86)/atmel/avr studio 5.0/avr toolchain/bin/../lib/gcc/avr/4.5.1/../../../../avr/lib/avrxmega2\libc.a(fputc.o)
 .debug_pubnames
                0x00000e94       0x1b c:/program files (x86)/atmel/avr studio 5.0/avr toolchain/bin/../lib/gcc/avr/4.5.1/../../../../avr/lib/avrxmega2\libc.a(gets.o)
 .debug_pubnames
                0x00000eaf       0x1c c:/program files (x86)/atmel/avr studio 5.0/avr toolchain/bin/../lib/gcc/avr/4.5.1/../../../../avr/lib/avrxmega2\libc.a(iob.o)
 .debug_pubnames
                0x00000ecb       0x1f c:/program files (x86)/atmel/avr studio 5.0/avr toolchain/bin/../lib/gcc/avr/4.5.1/../../../../avr/lib/avrxmega2\libc.a(printf_p.o)
 .debug_pubnames
                0x00000eea       0x1f c:/program files (x86)/atmel/avr studio 5.0/avr toolchain/bin/../lib/gcc/avr/4.5.1/../../../../avr/lib/avrxmega2\libc.a(vfprintf_std.o)

.debug_info     0x00000000     0x86a4
 *(.debug_info)
 .debug_info    0x00000000      0x1ee AniBike2V7BT_Clock.o
 .debug_info    0x000001ee      0x6f7 AniBike2V7BT_DataLink.o
 .debug_info    0x000008e5      0xbf5 AniBike2V7BT_FileSystem.o
 .debug_info    0x000014da      0x30d AniBike2V7BT_HallSensor.o
 .debug_info    0x000017e7      0xa4a AniBike2V7BT_LightingSystem.o
 .debug_info    0x00002231       0xbd AniBike2V7BT_master.o
 .debug_info    0x000022ee     0x1c48 AniBike2V7BT_TransferProtocol.o
 .debug_info    0x00003f36      0x69f clksys_driver.o
 .debug_info    0x000045d5      0x952 DataFlash.o
 .debug_info    0x00004f27      0x508 eeprom_driver.o
 .debug_info    0x0000542f      0x701 port_driver.o
 .debug_info    0x00005b30      0x7a0 spi_driver.o
 .debug_info    0x000062d0      0x5e9 swUART.o
 .debug_info    0x000068b9     0x1289 tc_driver.o
 .debug_info    0x00007b42       0x8e c:/program files (x86)/atmel/avr studio 5.0/avr toolchain/bin/../lib/gcc/avr/4.5.1/../../../../avr/lib/avrxmega2\libc.a(strtok.o)
 .debug_info    0x00007bd0      0x168 c:/program files (x86)/atmel/avr studio 5.0/avr toolchain/bin/../lib/gcc/avr/4.5.1/../../../../avr/lib/avrxmega2\libc.a(fgetc.o)
 .debug_info    0x00007d38      0x167 c:/program files (x86)/atmel/avr studio 5.0/avr toolchain/bin/../lib/gcc/avr/4.5.1/../../../../avr/lib/avrxmega2\libc.a(fputc.o)
 .debug_info    0x00007e9f      0x1a0 c:/program files (x86)/atmel/avr studio 5.0/avr toolchain/bin/../lib/gcc/avr/4.5.1/../../../../avr/lib/avrxmega2\libc.a(gets.o)
 .debug_info    0x0000803f      0x14f c:/program files (x86)/atmel/avr studio 5.0/avr toolchain/bin/../lib/gcc/avr/4.5.1/../../../../avr/lib/avrxmega2\libc.a(iob.o)
 .debug_info    0x0000818e      0x1c6 c:/program files (x86)/atmel/avr studio 5.0/avr toolchain/bin/../lib/gcc/avr/4.5.1/../../../../avr/lib/avrxmega2\libc.a(printf_p.o)
 .debug_info    0x00008354      0x350 c:/program files (x86)/atmel/avr studio 5.0/avr toolchain/bin/../lib/gcc/avr/4.5.1/../../../../avr/lib/avrxmega2\libc.a(vfprintf_std.o)
 *(.gnu.linkonce.wi.*)

.debug_abbrev   0x00000000     0x1f1d
 *(.debug_abbrev)
 .debug_abbrev  0x00000000       0xb4 AniBike2V7BT_Clock.o
 .debug_abbrev  0x000000b4      0x1d9 AniBike2V7BT_DataLink.o
 .debug_abbrev  0x0000028d      0x338 AniBike2V7BT_FileSystem.o
 .debug_abbrev  0x000005c5       0xf0 AniBike2V7BT_HallSensor.o
 .debug_abbrev  0x000006b5      0x17e AniBike2V7BT_LightingSystem.o
 .debug_abbrev  0x00000833       0x6c AniBike2V7BT_master.o
 .debug_abbrev  0x0000089f      0x483 AniBike2V7BT_TransferProtocol.o
 .debug_abbrev  0x00000d22      0x1fe clksys_driver.o
 .debug_abbrev  0x00000f20      0x222 DataFlash.o
 .debug_abbrev  0x00001142      0x1c8 eeprom_driver.o
 .debug_abbrev  0x0000130a      0x101 port_driver.o
 .debug_abbrev  0x0000140b      0x186 spi_driver.o
 .debug_abbrev  0x00001591      0x1cf swUART.o
 .debug_abbrev  0x00001760      0x15c tc_driver.o
 .debug_abbrev  0x000018bc       0x75 c:/program files (x86)/atmel/avr studio 5.0/avr toolchain/bin/../lib/gcc/avr/4.5.1/../../../../avr/lib/avrxmega2\libc.a(strtok.o)
 .debug_abbrev  0x00001931       0xd9 c:/program files (x86)/atmel/avr studio 5.0/avr toolchain/bin/../lib/gcc/avr/4.5.1/../../../../avr/lib/avrxmega2\libc.a(fgetc.o)
 .debug_abbrev  0x00001a0a       0xd9 c:/program files (x86)/atmel/avr studio 5.0/avr toolchain/bin/../lib/gcc/avr/4.5.1/../../../../avr/lib/avrxmega2\libc.a(fputc.o)
 .debug_abbrev  0x00001ae3       0xfa c:/program files (x86)/atmel/avr studio 5.0/avr toolchain/bin/../lib/gcc/avr/4.5.1/../../../../avr/lib/avrxmega2\libc.a(gets.o)
 .debug_abbrev  0x00001bdd       0xc5 c:/program files (x86)/atmel/avr studio 5.0/avr toolchain/bin/../lib/gcc/avr/4.5.1/../../../../avr/lib/avrxmega2\libc.a(iob.o)
 .debug_abbrev  0x00001ca2      0x11c c:/program files (x86)/atmel/avr studio 5.0/avr toolchain/bin/../lib/gcc/avr/4.5.1/../../../../avr/lib/avrxmega2\libc.a(printf_p.o)
 .debug_abbrev  0x00001dbe      0x15f c:/program files (x86)/atmel/avr studio 5.0/avr toolchain/bin/../lib/gcc/avr/4.5.1/../../../../avr/lib/avrxmega2\libc.a(vfprintf_std.o)

.debug_line     0x00000000     0x4e12
 *(.debug_line)
 .debug_line    0x00000000      0x1f6 AniBike2V7BT_Clock.o
 .debug_line    0x000001f6      0x506 AniBike2V7BT_DataLink.o
 .debug_line    0x000006fc      0x85d AniBike2V7BT_FileSystem.o
 .debug_line    0x00000f59      0x13c AniBike2V7BT_HallSensor.o
 .debug_line    0x00001095      0x345 AniBike2V7BT_LightingSystem.o
 .debug_line    0x000013da       0xe7 AniBike2V7BT_master.o
 .debug_line    0x000014c1      0xf6d AniBike2V7BT_TransferProtocol.o
 .debug_line    0x0000242e      0x327 clksys_driver.o
 .debug_line    0x00002755      0x763 DataFlash.o
 .debug_line    0x00002eb8      0x405 eeprom_driver.o
 .debug_line    0x000032bd      0x23d port_driver.o
 .debug_line    0x000034fa      0x490 spi_driver.o
 .debug_line    0x0000398a      0x33c swUART.o
 .debug_line    0x00003cc6      0x3a9 tc_driver.o
 .debug_line    0x0000406f       0xb5 c:/program files (x86)/atmel/avr studio 5.0/avr toolchain/bin/../lib/gcc/avr/4.5.1/../../../../avr/lib/avrxmega2\libc.a(strtok.o)
 .debug_line    0x00004124      0x191 c:/program files (x86)/atmel/avr studio 5.0/avr toolchain/bin/../lib/gcc/avr/4.5.1/../../../../avr/lib/avrxmega2\libc.a(fgetc.o)
 .debug_line    0x000042b5      0x147 c:/program files (x86)/atmel/avr studio 5.0/avr toolchain/bin/../lib/gcc/avr/4.5.1/../../../../avr/lib/avrxmega2\libc.a(fputc.o)
 .debug_line    0x000043fc      0x146 c:/program files (x86)/atmel/avr studio 5.0/avr toolchain/bin/../lib/gcc/avr/4.5.1/../../../../avr/lib/avrxmega2\libc.a(gets.o)
 .debug_line    0x00004542       0xeb c:/program files (x86)/atmel/avr studio 5.0/avr toolchain/bin/../lib/gcc/avr/4.5.1/../../../../avr/lib/avrxmega2\libc.a(iob.o)
 .debug_line    0x0000462d      0x198 c:/program files (x86)/atmel/avr studio 5.0/avr toolchain/bin/../lib/gcc/avr/4.5.1/../../../../avr/lib/avrxmega2\libc.a(printf_p.o)
 .debug_line    0x000047c5      0x64d c:/program files (x86)/atmel/avr studio 5.0/avr toolchain/bin/../lib/gcc/avr/4.5.1/../../../../avr/lib/avrxmega2\libc.a(vfprintf_std.o)

.debug_frame    0x00000000      0x9c0
 *(.debug_frame)
 .debug_frame   0x00000000       0x20 AniBike2V7BT_Clock.o
 .debug_frame   0x00000020       0x60 AniBike2V7BT_DataLink.o
 .debug_frame   0x00000080       0xb0 AniBike2V7BT_FileSystem.o
 .debug_frame   0x00000130       0x40 AniBike2V7BT_HallSensor.o
 .debug_frame   0x00000170       0x40 AniBike2V7BT_LightingSystem.o
 .debug_frame   0x000001b0       0x30 AniBike2V7BT_master.o
 .debug_frame   0x000001e0      0x1f0 AniBike2V7BT_TransferProtocol.o
 .debug_frame   0x000003d0       0xb0 clksys_driver.o
 .debug_frame   0x00000480       0xc0 DataFlash.o
 .debug_frame   0x00000540       0xb0 eeprom_driver.o
 .debug_frame   0x000005f0       0x80 port_driver.o
 .debug_frame   0x00000670       0x90 spi_driver.o
 .debug_frame   0x00000700       0x90 swUART.o
 .debug_frame   0x00000790      0x170 tc_driver.o
 .debug_frame   0x00000900       0x20 c:/program files (x86)/atmel/avr studio 5.0/avr toolchain/bin/../lib/gcc/avr/4.5.1/../../../../avr/lib/avrxmega2\libc.a(strtok.o)
 .debug_frame   0x00000920       0x20 c:/program files (x86)/atmel/avr studio 5.0/avr toolchain/bin/../lib/gcc/avr/4.5.1/../../../../avr/lib/avrxmega2\libc.a(fgetc.o)
 .debug_frame   0x00000940       0x20 c:/program files (x86)/atmel/avr studio 5.0/avr toolchain/bin/../lib/gcc/avr/4.5.1/../../../../avr/lib/avrxmega2\libc.a(fputc.o)
 .debug_frame   0x00000960       0x20 c:/program files (x86)/atmel/avr studio 5.0/avr toolchain/bin/../lib/gcc/avr/4.5.1/../../../../avr/lib/avrxmega2\libc.a(gets.o)
 .debug_frame   0x00000980       0x20 c:/program files (x86)/atmel/avr studio 5.0/avr toolchain/bin/../lib/gcc/avr/4.5.1/../../../../avr/lib/avrxmega2\libc.a(printf_p.o)
 .debug_frame   0x000009a0       0x20 c:/program files (x86)/atmel/avr studio 5.0/avr toolchain/bin/../lib/gcc/avr/4.5.1/../../../../avr/lib/avrxmega2\libc.a(vfprintf_std.o)

.debug_str      0x00000000     0x3135
 *(.debug_str)
 .debug_str     0x00000000      0x301 AniBike2V7BT_Clock.o
                                0x33f (size before relaxing)
 .debug_str     0x00000301      0x6e1 AniBike2V7BT_DataLink.o
                                0x7e1 (size before relaxing)
 .debug_str     0x000009e2      0x247 AniBike2V7BT_FileSystem.o
                                0x4f1 (size before relaxing)
 .debug_str     0x00000c29       0x6a AniBike2V7BT_HallSensor.o
                                0x3bf (size before relaxing)
 .debug_str     0x00000c93      0x4fa AniBike2V7BT_LightingSystem.o
                                0x804 (size before relaxing)
 .debug_str     0x0000118d       0x34 AniBike2V7BT_master.o
                                0x143 (size before relaxing)
 .debug_str     0x000011c1      0x483 AniBike2V7BT_TransferProtocol.o
                                0xa9b (size before relaxing)
 .debug_str     0x00001644      0x3ce clksys_driver.o
                                0x704 (size before relaxing)
 .debug_str     0x00001a12      0x107 DataFlash.o
                                0x511 (size before relaxing)
 .debug_str     0x00001b19      0x419 eeprom_driver.o
                                0x550 (size before relaxing)
 .debug_str     0x00001f32      0x6b5 port_driver.o
                                0xbab (size before relaxing)
 .debug_str     0x000025e7      0x144 spi_driver.o
                                0x4f8 (size before relaxing)
 .debug_str     0x0000272b       0xe3 swUART.o
                                0x67e (size before relaxing)
 .debug_str     0x0000280e      0x667 tc_driver.o
                                0xbc8 (size before relaxing)
 .debug_str     0x00002e75       0x58 c:/program files (x86)/atmel/avr studio 5.0/avr toolchain/bin/../lib/gcc/avr/4.5.1/../../../../avr/lib/avrxmega2\libc.a(strtok.o)
                                 0x7d (size before relaxing)
 .debug_str     0x00002ecd       0x56 c:/program files (x86)/atmel/avr studio 5.0/avr toolchain/bin/../lib/gcc/avr/4.5.1/../../../../avr/lib/avrxmega2\libc.a(fgetc.o)
                                 0xfb (size before relaxing)
 .debug_str     0x00002f23       0x56 c:/program files (x86)/atmel/avr studio 5.0/avr toolchain/bin/../lib/gcc/avr/4.5.1/../../../../avr/lib/avrxmega2\libc.a(fputc.o)
                                 0xfb (size before relaxing)
 .debug_str     0x00002f79       0x54 c:/program files (x86)/atmel/avr studio 5.0/avr toolchain/bin/../lib/gcc/avr/4.5.1/../../../../avr/lib/avrxmega2\libc.a(gets.o)
                                 0xf8 (size before relaxing)
 .debug_str     0x00002fcd       0x4e c:/program files (x86)/atmel/avr studio 5.0/avr toolchain/bin/../lib/gcc/avr/4.5.1/../../../../avr/lib/avrxmega2\libc.a(iob.o)
                                 0xf2 (size before relaxing)
 .debug_str     0x0000301b       0x7d c:/program files (x86)/atmel/avr studio 5.0/avr toolchain/bin/../lib/gcc/avr/4.5.1/../../../../avr/lib/avrxmega2\libc.a(printf_p.o)
                                0x129 (size before relaxing)
 .debug_str     0x00003098       0x9d c:/program files (x86)/atmel/avr studio 5.0/avr toolchain/bin/../lib/gcc/avr/4.5.1/../../../../avr/lib/avrxmega2\libc.a(vfprintf_std.o)
                                0x177 (size before relaxing)

.debug_loc      0x00000000     0x3767
 *(.debug_loc)
 .debug_loc     0x00000000       0x29 AniBike2V7BT_Clock.o
 .debug_loc     0x00000029      0x269 AniBike2V7BT_DataLink.o
 .debug_loc     0x00000292      0xbad AniBike2V7BT_FileSystem.o
 .debug_loc     0x00000e3f      0x126 AniBike2V7BT_LightingSystem.o
 .debug_loc     0x00000f65      0xd6e AniBike2V7BT_TransferProtocol.o
 .debug_loc     0x00001cd3      0x1c0 clksys_driver.o
 .debug_loc     0x00001e93      0x469 DataFlash.o
 .debug_loc     0x000022fc      0x131 eeprom_driver.o
 .debug_loc     0x0000242d      0x104 port_driver.o
 .debug_loc     0x00002531      0x407 spi_driver.o
 .debug_loc     0x00002938       0xd8 swUART.o
 .debug_loc     0x00002a10      0x54e tc_driver.o
 .debug_loc     0x00002f5e       0x30 c:/program files (x86)/atmel/avr studio 5.0/avr toolchain/bin/../lib/gcc/avr/4.5.1/../../../../avr/lib/avrxmega2\libc.a(strtok.o)
 .debug_loc     0x00002f8e       0x60 c:/program files (x86)/atmel/avr studio 5.0/avr toolchain/bin/../lib/gcc/avr/4.5.1/../../../../avr/lib/avrxmega2\libc.a(fgetc.o)
 .debug_loc     0x00002fee       0x50 c:/program files (x86)/atmel/avr studio 5.0/avr toolchain/bin/../lib/gcc/avr/4.5.1/../../../../avr/lib/avrxmega2\libc.a(fputc.o)
 .debug_loc     0x0000303e       0x88 c:/program files (x86)/atmel/avr studio 5.0/avr toolchain/bin/../lib/gcc/avr/4.5.1/../../../../avr/lib/avrxmega2\libc.a(gets.o)
 .debug_loc     0x000030c6      0x6a1 c:/program files (x86)/atmel/avr studio 5.0/avr toolchain/bin/../lib/gcc/avr/4.5.1/../../../../avr/lib/avrxmega2\libc.a(vfprintf_std.o)

.debug_macinfo
 *(.debug_macinfo)
OUTPUT(AniBike2V7BT_master.elf elf32-avr)
LOAD linker stubs

.debug_pubtypes
                0x00000000      0xe73
 .debug_pubtypes
                0x00000000       0x89 AniBike2V7BT_Clock.o
 .debug_pubtypes
                0x00000089      0x15b AniBike2V7BT_DataLink.o
 .debug_pubtypes
                0x000001e4       0xd0 AniBike2V7BT_FileSystem.o
 .debug_pubtypes
                0x000002b4       0x67 AniBike2V7BT_HallSensor.o
 .debug_pubtypes
                0x0000031b       0xa9 AniBike2V7BT_LightingSystem.o
 .debug_pubtypes
                0x000003c4       0x12 AniBike2V7BT_master.o
 .debug_pubtypes
                0x000003d6      0x120 AniBike2V7BT_TransferProtocol.o
 .debug_pubtypes
                0x000004f6      0x185 clksys_driver.o
 .debug_pubtypes
                0x0000067b       0xf1 DataFlash.o
 .debug_pubtypes
                0x0000076c       0x55 eeprom_driver.o
 .debug_pubtypes
                0x000007c1      0x1a2 port_driver.o
 .debug_pubtypes
                0x00000963      0x129 spi_driver.o
 .debug_pubtypes
                0x00000a8c       0xc7 swUART.o
 .debug_pubtypes
                0x00000b53      0x1cf tc_driver.o
 .debug_pubtypes
                0x00000d22       0x12 c:/program files (x86)/atmel/avr studio 5.0/avr toolchain/bin/../lib/gcc/avr/4.5.1/../../../../avr/lib/avrxmega2\libc.a(strtok.o)
 .debug_pubtypes
                0x00000d34       0x29 c:/program files (x86)/atmel/avr studio 5.0/avr toolchain/bin/../lib/gcc/avr/4.5.1/../../../../avr/lib/avrxmega2\libc.a(fgetc.o)
 .debug_pubtypes
                0x00000d5d       0x29 c:/program files (x86)/atmel/avr studio 5.0/avr toolchain/bin/../lib/gcc/avr/4.5.1/../../../../avr/lib/avrxmega2\libc.a(fputc.o)
 .debug_pubtypes
                0x00000d86       0x29 c:/program files (x86)/atmel/avr studio 5.0/avr toolchain/bin/../lib/gcc/avr/4.5.1/../../../../avr/lib/avrxmega2\libc.a(gets.o)
 .debug_pubtypes
                0x00000daf       0x29 c:/program files (x86)/atmel/avr studio 5.0/avr toolchain/bin/../lib/gcc/avr/4.5.1/../../../../avr/lib/avrxmega2\libc.a(iob.o)
 .debug_pubtypes
                0x00000dd8       0x48 c:/program files (x86)/atmel/avr studio 5.0/avr toolchain/bin/../lib/gcc/avr/4.5.1/../../../../avr/lib/avrxmega2\libc.a(printf_p.o)
 .debug_pubtypes
                0x00000e20       0x53 c:/program files (x86)/atmel/avr studio 5.0/avr toolchain/bin/../lib/gcc/avr/4.5.1/../../../../avr/lib/avrxmega2\libc.a(vfprintf_std.o)

.debug_ranges   0x00000000      0x2a8
 .debug_ranges  0x00000000       0x88 AniBike2V7BT_FileSystem.o
 .debug_ranges  0x00000088      0x128 AniBike2V7BT_TransferProtocol.o
 .debug_ranges  0x000001b0       0x60 clksys_driver.o
 .debug_ranges  0x00000210       0x20 swUART.o
 .debug_ranges  0x00000230       0x10 c:/program files (x86)/atmel/avr studio 5.0/avr toolchain/bin/../lib/gcc/avr/4.5.1/../../../../avr/lib/avrxmega2\libc.a(strtok.o)
 .debug_ranges  0x00000240       0x10 c:/program files (x86)/atmel/avr studio 5.0/avr toolchain/bin/../lib/gcc/avr/4.5.1/../../../../avr/lib/avrxmega2\libc.a(fgetc.o)
 .debug_ranges  0x00000250       0x10 c:/program files (x86)/atmel/avr studio 5.0/avr toolchain/bin/../lib/gcc/avr/4.5.1/../../../../avr/lib/avrxmega2\libc.a(fputc.o)
 .debug_ranges  0x00000260       0x10 c:/program files (x86)/atmel/avr studio 5.0/avr toolchain/bin/../lib/gcc/avr/4.5.1/../../../../avr/lib/avrxmega2\libc.a(gets.o)
 .debug_ranges  0x00000270       0x10 c:/program files (x86)/atmel/avr studio 5.0/avr toolchain/bin/../lib/gcc/avr/4.5.1/../../../../avr/lib/avrxmega2\libc.a(printf_p.o)
 .debug_ranges  0x00000280       0x28 c:/program files (x86)/atmel/avr studio 5.0/avr toolchain/bin/../lib/gcc/avr/4.5.1/../../../../avr/lib/avrxmega2\libc.a(vfprintf_std.o)
