Archive member included because of file (symbol)

c:/winavr-20100110/bin/../lib/gcc/avr/4.3.3/avr5\libgcc.a(_mulsi3.o)
                              AniBike2.o (__mulsi3)
c:/winavr-20100110/bin/../lib/gcc/avr/4.3.3/avr5\libgcc.a(_exit.o)
                              c:/winavr-20100110/bin/../lib/gcc/avr/4.3.3/../../../../avr/lib/avr5/crtm325p.o (exit)
c:/winavr-20100110/bin/../lib/gcc/avr/4.3.3/avr5\libgcc.a(_copy_data.o)
                              AniBike2.o (__do_copy_data)
c:/winavr-20100110/bin/../lib/gcc/avr/4.3.3/avr5\libgcc.a(_clear_bss.o)
                              AniBike2.o (__do_clear_bss)
c:/winavr-20100110/bin/../lib/gcc/avr/4.3.3/../../../../avr/lib/avr5\libc.a(atoi.o)
                              AniBike2_TransferMode.o (atoi)
c:/winavr-20100110/bin/../lib/gcc/avr/4.3.3/../../../../avr/lib/avr5\libc.a(atol.o)
                              AniBike2_TransferMode.o (atol)
c:/winavr-20100110/bin/../lib/gcc/avr/4.3.3/../../../../avr/lib/avr5\libc.a(toupper.o)
                              AniBike2_TransferMode.o (toupper)
c:/winavr-20100110/bin/../lib/gcc/avr/4.3.3/../../../../avr/lib/avr5\libc.a(strtok.o)
                              AniBike2_TransferMode.o (strtok)
c:/winavr-20100110/bin/../lib/gcc/avr/4.3.3/../../../../avr/lib/avr5\libc.a(strcmp.o)
                              AniBike2_FileSystem.o (strcmp)
c:/winavr-20100110/bin/../lib/gcc/avr/4.3.3/../../../../avr/lib/avr5\libc.a(strtok_r.o)
                              c:/winavr-20100110/bin/../lib/gcc/avr/4.3.3/../../../../avr/lib/avr5\libc.a(strtok.o) (strtok_r)
c:/winavr-20100110/bin/../lib/gcc/avr/4.3.3/../../../../avr/lib/avr5\libc.a(mulsi10.o)
                              c:/winavr-20100110/bin/../lib/gcc/avr/4.3.3/../../../../avr/lib/avr5\libc.a(atol.o) (__mulsi_const_10)
c:/winavr-20100110/bin/../lib/gcc/avr/4.3.3/../../../../avr/lib/avr5\libc.a(mul10.o)
                              c:/winavr-20100110/bin/../lib/gcc/avr/4.3.3/../../../../avr/lib/avr5\libc.a(atoi.o) (__mulhi_const_10)
c:/winavr-20100110/bin/../lib/gcc/avr/4.3.3/../../../../avr/lib/avr5\libc.a(sprintf.o)
                              AniBike2_FileSystem.o (sprintf)
c:/winavr-20100110/bin/../lib/gcc/avr/4.3.3/../../../../avr/lib/avr5\libc.a(vfprintf_std.o)
                              c:/winavr-20100110/bin/../lib/gcc/avr/4.3.3/../../../../avr/lib/avr5\libc.a(sprintf.o) (vfprintf)
c:/winavr-20100110/bin/../lib/gcc/avr/4.3.3/../../../../avr/lib/avr5\libc.a(strnlen_P.o)
                              c:/winavr-20100110/bin/../lib/gcc/avr/4.3.3/../../../../avr/lib/avr5\libc.a(vfprintf_std.o) (strnlen_P)
c:/winavr-20100110/bin/../lib/gcc/avr/4.3.3/../../../../avr/lib/avr5\libc.a(strnlen.o)
                              c:/winavr-20100110/bin/../lib/gcc/avr/4.3.3/../../../../avr/lib/avr5\libc.a(vfprintf_std.o) (strnlen)
c:/winavr-20100110/bin/../lib/gcc/avr/4.3.3/../../../../avr/lib/avr5\libc.a(fputc.o)
                              c:/winavr-20100110/bin/../lib/gcc/avr/4.3.3/../../../../avr/lib/avr5\libc.a(vfprintf_std.o) (fputc)
c:/winavr-20100110/bin/../lib/gcc/avr/4.3.3/../../../../avr/lib/avr5\libc.a(ultoa_invert.o)
                              c:/winavr-20100110/bin/../lib/gcc/avr/4.3.3/../../../../avr/lib/avr5\libc.a(vfprintf_std.o) (__ultoa_invert)
c:/winavr-20100110/bin/../lib/gcc/avr/4.3.3/avr5\libgcc.a(_prologue.o)
                              c:/winavr-20100110/bin/../lib/gcc/avr/4.3.3/../../../../avr/lib/avr5\libc.a(sprintf.o) (__prologue_saves__)
c:/winavr-20100110/bin/../lib/gcc/avr/4.3.3/avr5\libgcc.a(_epilogue.o)
                              c:/winavr-20100110/bin/../lib/gcc/avr/4.3.3/../../../../avr/lib/avr5\libc.a(sprintf.o) (__epilogue_restores__)

Allocating common symbols
Common symbol       size              file

Line_Buff2          0x60              AniBike2.o
Line_Buff1          0x60              AniBike2.o
g_sCurrentFileInfo  0x50              AniBike2.o

Memory Configuration

Name             Origin             Length             Attributes
text             0x00000000         0x00020000         xr
data             0x00800060         0x0000ffa0         rw !x
eeprom           0x00810000         0x00010000         rw !x
fuse             0x00820000         0x00000400         rw !x
lock             0x00830000         0x00000400         rw !x
signature        0x00840000         0x00000400         rw !x
*default*        0x00000000         0xffffffff

Linker script and memory map

Address of section .data set to 0x800100
LOAD c:/winavr-20100110/bin/../lib/gcc/avr/4.3.3/../../../../avr/lib/avr5/crtm325p.o
LOAD AniBike2.o
LOAD AniBike2_Usart_Comm.o
LOAD AniBike2_FileSystem.o
LOAD AniBike2_Processing.o
LOAD AniBike2_DataFlash.o
LOAD AniBike2_TransferMode.o
LOAD c:/winavr-20100110/bin/../lib/gcc/avr/4.3.3/avr5\libgcc.a
LOAD c:/winavr-20100110/bin/../lib/gcc/avr/4.3.3/../../../../avr/lib/avr5\libc.a
LOAD c:/winavr-20100110/bin/../lib/gcc/avr/4.3.3/avr5\libgcc.a

.hash
 *(.hash)

.dynsym
 *(.dynsym)

.dynstr
 *(.dynstr)

.gnu.version
 *(.gnu.version)

.gnu.version_d
 *(.gnu.version_d)

.gnu.version_r
 *(.gnu.version_r)

.rel.init
 *(.rel.init)

.rela.init
 *(.rela.init)

.rel.text
 *(.rel.text)
 *(.rel.text.*)
 *(.rel.gnu.linkonce.t*)

.rela.text
 *(.rela.text)
 *(.rela.text.*)
 *(.rela.gnu.linkonce.t*)

.rel.fini
 *(.rel.fini)

.rela.fini
 *(.rela.fini)

.rel.rodata
 *(.rel.rodata)
 *(.rel.rodata.*)
 *(.rel.gnu.linkonce.r*)

.rela.rodata
 *(.rela.rodata)
 *(.rela.rodata.*)
 *(.rela.gnu.linkonce.r*)

.rel.data
 *(.rel.data)
 *(.rel.data.*)
 *(.rel.gnu.linkonce.d*)

.rela.data
 *(.rela.data)
 *(.rela.data.*)
 *(.rela.gnu.linkonce.d*)

.rel.ctors
 *(.rel.ctors)

.rela.ctors
 *(.rela.ctors)

.rel.dtors
 *(.rel.dtors)

.rela.dtors
 *(.rela.dtors)

.rel.got
 *(.rel.got)

.rela.got
 *(.rela.got)

.rel.bss
 *(.rel.bss)

.rela.bss
 *(.rela.bss)

.rel.plt
 *(.rel.plt)

.rela.plt
 *(.rela.plt)

.text           0x00000000     0x3786
 *(.vectors)
 .vectors       0x00000000       0x5c c:/winavr-20100110/bin/../lib/gcc/avr/4.3.3/../../../../avr/lib/avr5/crtm325p.o
                0x00000000                __vectors
                0x00000000                __vector_default
 *(.vectors)
 *(.progmem.gcc*)
 *(.progmem*)
                0x0000005c                . = ALIGN (0x2)
                0x0000005c                __trampolines_start = .
 *(.trampolines)
 .trampolines   0x0000005c        0x0 linker stubs
 *(.trampolines*)
                0x0000005c                __trampolines_end = .
 *(.jumptables)
 *(.jumptables*)
 *(.lowtext)
 *(.lowtext*)
                0x0000005c                __ctors_start = .
 *(.ctors)
                0x0000005c                __ctors_end = .
                0x0000005c                __dtors_start = .
 *(.dtors)
                0x0000005c                __dtors_end = .
 SORT(*)(.ctors)
 SORT(*)(.dtors)
 *(.init0)
 .init0         0x0000005c        0x0 c:/winavr-20100110/bin/../lib/gcc/avr/4.3.3/../../../../avr/lib/avr5/crtm325p.o
                0x0000005c                __init
 *(.init0)
 *(.init1)
 *(.init1)
 *(.init2)
 .init2         0x0000005c        0xc c:/winavr-20100110/bin/../lib/gcc/avr/4.3.3/../../../../avr/lib/avr5/crtm325p.o
 *(.init2)
 *(.init3)
 *(.init3)
 *(.init4)
 .init4         0x00000068       0x16 c:/winavr-20100110/bin/../lib/gcc/avr/4.3.3/avr5\libgcc.a(_copy_data.o)
                0x00000068                __do_copy_data
 .init4         0x0000007e       0x10 c:/winavr-20100110/bin/../lib/gcc/avr/4.3.3/avr5\libgcc.a(_clear_bss.o)
                0x0000007e                __do_clear_bss
 *(.init4)
 *(.init5)
 *(.init5)
 *(.init6)
 *(.init6)
 *(.init7)
 *(.init7)
 *(.init8)
 *(.init8)
 *(.init9)
 .init9         0x0000008e        0x8 c:/winavr-20100110/bin/../lib/gcc/avr/4.3.3/../../../../avr/lib/avr5/crtm325p.o
 *(.init9)
 *(.text)
 .text          0x00000096        0x4 c:/winavr-20100110/bin/../lib/gcc/avr/4.3.3/../../../../avr/lib/avr5/crtm325p.o
                0x00000096                __vector_22
                0x00000096                __vector_12
                0x00000096                __bad_interrupt
                0x00000096                __vector_6
                0x00000096                __vector_3
                0x00000096                __vector_17
                0x00000096                __vector_19
                0x00000096                __vector_5
                0x00000096                __vector_9
                0x00000096                __vector_2
                0x00000096                __vector_21
                0x00000096                __vector_15
                0x00000096                __vector_8
                0x00000096                __vector_14
                0x00000096                __vector_10
                0x00000096                __vector_16
                0x00000096                __vector_18
                0x00000096                __vector_20
 .text          0x0000009a      0xbb8 AniBike2.o
                0x000004b2                __vector_1
                0x000000d6                AniBike_InitPorts
                0x0000009a                Anibike_InitLeds
                0x000003ec                __vector_11
                0x0000088c                AniBike_InitAll
                0x0000044a                __vector_13
                0x0000016e                __vector_7
                0x000000c4                AniBike_CheckSecondRow
                0x000000ec                ShutOffADC
                0x000000f6                AniBike_EnterPowerDown
                0x000009ee                main
                0x00000398                __vector_4
 .text          0x00000c52       0x5e AniBike2_Usart_Comm.o
                0x00000c7a                USARTWriteChar
                0x00000c6c                USARTReadChar
                0x00000c8a                USARTWriteString
                0x00000c52                USARTInit
 .text          0x00000cb0      0xaae AniBike2_FileSystem.o
                0x00000d6a                FS_ReadEntry
                0x00000ee4                FS_ShowFileInformation
                0x00000cb0                FS_StopReadingFrame
                0x000012d0                FS_SearchFile
                0x00000cb6                transfer_word
                0x00000cb4                FS_WriteNewEntryTable
                0x000014a8                FS_ReadFileContents
                0x000010c8                FS_ReadNextEntry
                0x0000111e                FS_ReadEntry_FileMatch
                0x00000cf8                FS_ReadFrame
 .text          0x0000175e      0x180 AniBike2_Processing.o
                0x0000176a                PrepareBuffers
 .text          0x000018de      0x5e6 AniBike2_DataFlash.o
                0x00001cf4                dataflash_protect_all
                0x00001a5e                dataflash_unprotect_block4
                0x0000199c                dataflash_read_status
                0x00001c30                dataflash_unprotect_all
                0x000018f2                spi_transfer
                0x000018de                dataflash_spi_init
                0x00001950                dataflash_read
                0x000018fe                dataflash_spi_idn
                0x00001b9a                dataflash_write
                0x000019c0                dataflash_protect_block4
                0x00001afc                dataflash_erase_block4
                0x00001dac                dataflash_erase_all
 .text          0x00001ec4     0x1192 AniBike2_TransferMode.o
                0x00001ec6                TM_TransferFileSystem
                0x0000299a                TM_Spi
                0x000027c6                TM_WriteMemory
                0x000028e2                TM_FlashStatus
                0x000025ae                TM_protect
                0x0000231a                TM_ReadMemory
                0x00001f7c                TM_ShowParameters
                0x00002530                TM_erase
                0x00002246                TM_TestLEDs
                0x000024cc                TM_unprotect
                0x00002612                TM_WriteBlocks
                0x00002a80                TM_Identify
                0x00002868                TM_FetchCommand
                0x00001ec4                TM_EchoCommand
                0x00002ba2                DataTransferMode
                0x00002008                TM_MemoryTest
 .text          0x00003056        0x0 c:/winavr-20100110/bin/../lib/gcc/avr/4.3.3/avr5\libgcc.a(_mulsi3.o)
 .text          0x00003056        0x0 c:/winavr-20100110/bin/../lib/gcc/avr/4.3.3/avr5\libgcc.a(_exit.o)
 .text          0x00003056        0x0 c:/winavr-20100110/bin/../lib/gcc/avr/4.3.3/avr5\libgcc.a(_copy_data.o)
 .text          0x00003056        0x0 c:/winavr-20100110/bin/../lib/gcc/avr/4.3.3/avr5\libgcc.a(_clear_bss.o)
 .text          0x00003056        0x0 c:/winavr-20100110/bin/../lib/gcc/avr/4.3.3/../../../../avr/lib/avr5\libc.a(atoi.o)
 .text          0x00003056        0x0 c:/winavr-20100110/bin/../lib/gcc/avr/4.3.3/../../../../avr/lib/avr5\libc.a(atol.o)
 .text          0x00003056        0x0 c:/winavr-20100110/bin/../lib/gcc/avr/4.3.3/../../../../avr/lib/avr5\libc.a(toupper.o)
 .text          0x00003056        0x0 c:/winavr-20100110/bin/../lib/gcc/avr/4.3.3/../../../../avr/lib/avr5\libc.a(strtok.o)
 .text          0x00003056        0x0 c:/winavr-20100110/bin/../lib/gcc/avr/4.3.3/../../../../avr/lib/avr5\libc.a(strcmp.o)
 .text          0x00003056        0x0 c:/winavr-20100110/bin/../lib/gcc/avr/4.3.3/../../../../avr/lib/avr5\libc.a(strtok_r.o)
 .text          0x00003056        0x0 c:/winavr-20100110/bin/../lib/gcc/avr/4.3.3/../../../../avr/lib/avr5\libc.a(mulsi10.o)
 .text          0x00003056        0x0 c:/winavr-20100110/bin/../lib/gcc/avr/4.3.3/../../../../avr/lib/avr5\libc.a(mul10.o)
 .text          0x00003056        0x0 c:/winavr-20100110/bin/../lib/gcc/avr/4.3.3/../../../../avr/lib/avr5\libc.a(sprintf.o)
 .text          0x00003056        0x0 c:/winavr-20100110/bin/../lib/gcc/avr/4.3.3/../../../../avr/lib/avr5\libc.a(vfprintf_std.o)
 .text          0x00003056        0x0 c:/winavr-20100110/bin/../lib/gcc/avr/4.3.3/../../../../avr/lib/avr5\libc.a(strnlen_P.o)
 .text          0x00003056        0x0 c:/winavr-20100110/bin/../lib/gcc/avr/4.3.3/../../../../avr/lib/avr5\libc.a(strnlen.o)
 .text          0x00003056        0x0 c:/winavr-20100110/bin/../lib/gcc/avr/4.3.3/../../../../avr/lib/avr5\libc.a(fputc.o)
 .text          0x00003056        0x0 c:/winavr-20100110/bin/../lib/gcc/avr/4.3.3/../../../../avr/lib/avr5\libc.a(ultoa_invert.o)
 .text          0x00003056        0x0 c:/winavr-20100110/bin/../lib/gcc/avr/4.3.3/avr5\libgcc.a(_prologue.o)
 .text          0x00003056        0x0 c:/winavr-20100110/bin/../lib/gcc/avr/4.3.3/avr5\libgcc.a(_epilogue.o)
                0x00003056                . = ALIGN (0x2)
 *(.text.*)
 .text.libgcc   0x00003056       0x3e c:/winavr-20100110/bin/../lib/gcc/avr/4.3.3/avr5\libgcc.a(_mulsi3.o)
                0x00003056                __mulsi3
 .text.libgcc   0x00003094        0x0 c:/winavr-20100110/bin/../lib/gcc/avr/4.3.3/avr5\libgcc.a(_exit.o)
 .text.libgcc   0x00003094        0x0 c:/winavr-20100110/bin/../lib/gcc/avr/4.3.3/avr5\libgcc.a(_copy_data.o)
 .text.libgcc   0x00003094        0x0 c:/winavr-20100110/bin/../lib/gcc/avr/4.3.3/avr5\libgcc.a(_clear_bss.o)
 .text.avr-libc
                0x00003094       0x3c c:/winavr-20100110/bin/../lib/gcc/avr/4.3.3/../../../../avr/lib/avr5\libc.a(atoi.o)
                0x00003094                atoi
 .text.avr-libc
                0x000030d0       0x4e c:/winavr-20100110/bin/../lib/gcc/avr/4.3.3/../../../../avr/lib/avr5\libc.a(atol.o)
                0x000030d0                atol
 .text.avr-libc
                0x0000311e       0x10 c:/winavr-20100110/bin/../lib/gcc/avr/4.3.3/../../../../avr/lib/avr5\libc.a(toupper.o)
                0x0000311e                toupper
 .text.avr-libc
                0x0000312e        0xa c:/winavr-20100110/bin/../lib/gcc/avr/4.3.3/../../../../avr/lib/avr5\libc.a(strtok.o)
                0x0000312e                strtok
 .text.avr-libc
                0x00003138       0x12 c:/winavr-20100110/bin/../lib/gcc/avr/4.3.3/../../../../avr/lib/avr5\libc.a(strcmp.o)
                0x00003138                strcmp
 .text.avr-libc
                0x0000314a       0x4e c:/winavr-20100110/bin/../lib/gcc/avr/4.3.3/../../../../avr/lib/avr5\libc.a(strtok_r.o)
                0x0000314a                strtok_r
 .text.avr-libc
                0x00003198       0x2a c:/winavr-20100110/bin/../lib/gcc/avr/4.3.3/../../../../avr/lib/avr5\libc.a(mulsi10.o)
                0x00003198                __mulsi_const_10
 .text.avr-libc
                0x000031c2       0x10 c:/winavr-20100110/bin/../lib/gcc/avr/4.3.3/../../../../avr/lib/avr5\libc.a(mul10.o)
                0x000031c2                __mulhi_const_10
 .text.avr-libc
                0x000031d2       0x48 c:/winavr-20100110/bin/../lib/gcc/avr/4.3.3/../../../../avr/lib/avr5\libc.a(sprintf.o)
                0x000031d2                sprintf
 .text.avr-libc
                0x0000321a      0x3ba c:/winavr-20100110/bin/../lib/gcc/avr/4.3.3/../../../../avr/lib/avr5\libc.a(vfprintf_std.o)
                0x0000321a                vfprintf
 .text.avr-libc
                0x000035d4       0x16 c:/winavr-20100110/bin/../lib/gcc/avr/4.3.3/../../../../avr/lib/avr5\libc.a(strnlen_P.o)
                0x000035d4                strnlen_P
 .text.avr-libc
                0x000035ea       0x16 c:/winavr-20100110/bin/../lib/gcc/avr/4.3.3/../../../../avr/lib/avr5\libc.a(strnlen.o)
                0x000035ea                strnlen
 .text.avr-libc
                0x00003600       0x58 c:/winavr-20100110/bin/../lib/gcc/avr/4.3.3/../../../../avr/lib/avr5\libc.a(fputc.o)
                0x00003600                fputc
 .text.avr-libc
                0x00003658       0xbc c:/winavr-20100110/bin/../lib/gcc/avr/4.3.3/../../../../avr/lib/avr5\libc.a(ultoa_invert.o)
                0x00003658                __ultoa_invert
 .text.libgcc   0x00003714       0x38 c:/winavr-20100110/bin/../lib/gcc/avr/4.3.3/avr5\libgcc.a(_prologue.o)
                0x00003714                __prologue_saves__
 .text.libgcc   0x0000374c       0x36 c:/winavr-20100110/bin/../lib/gcc/avr/4.3.3/avr5\libgcc.a(_epilogue.o)
                0x0000374c                __epilogue_restores__
                0x00003782                . = ALIGN (0x2)
 *(.fini9)
 .fini9         0x00003782        0x0 c:/winavr-20100110/bin/../lib/gcc/avr/4.3.3/avr5\libgcc.a(_exit.o)
                0x00003782                exit
                0x00003782                _exit
 *(.fini9)
 *(.fini8)
 *(.fini8)
 *(.fini7)
 *(.fini7)
 *(.fini6)
 *(.fini6)
 *(.fini5)
 *(.fini5)
 *(.fini4)
 *(.fini4)
 *(.fini3)
 *(.fini3)
 *(.fini2)
 *(.fini2)
 *(.fini1)
 *(.fini1)
 *(.fini0)
 .fini0         0x00003782        0x4 c:/winavr-20100110/bin/../lib/gcc/avr/4.3.3/avr5\libgcc.a(_exit.o)
 *(.fini0)
                0x00003786                _etext = .

.data           0x00800100      0x4ea load address 0x00003786
                0x00800100                PROVIDE (__data_start, .)
 *(.data)
 .data          0x00800100        0x0 c:/winavr-20100110/bin/../lib/gcc/avr/4.3.3/../../../../avr/lib/avr5/crtm325p.o
 .data          0x00800100        0x4 AniBike2.o
                0x00800101                g_bBothRows
                0x00800100                g_iFlashRead
                0x00800102                g_bPowerSafeMode
                0x00800103                g_bEnterToIdleMode
 .data          0x00800104        0x0 AniBike2_Usart_Comm.o
 .data          0x00800104       0xa5 AniBike2_FileSystem.o
                0x008001a3                iCurrentAddress
                0x008001a7                iNumOfFiles
 .data          0x008001a9        0x0 AniBike2_Processing.o
 .data          0x008001a9        0x0 AniBike2_DataFlash.o
 .data          0x008001a9      0x441 AniBike2_TransferMode.o
 .data          0x008005ea        0x0 c:/winavr-20100110/bin/../lib/gcc/avr/4.3.3/avr5\libgcc.a(_mulsi3.o)
 .data          0x008005ea        0x0 c:/winavr-20100110/bin/../lib/gcc/avr/4.3.3/avr5\libgcc.a(_exit.o)
 .data          0x008005ea        0x0 c:/winavr-20100110/bin/../lib/gcc/avr/4.3.3/avr5\libgcc.a(_copy_data.o)
 .data          0x008005ea        0x0 c:/winavr-20100110/bin/../lib/gcc/avr/4.3.3/avr5\libgcc.a(_clear_bss.o)
 .data          0x008005ea        0x0 c:/winavr-20100110/bin/../lib/gcc/avr/4.3.3/../../../../avr/lib/avr5\libc.a(atoi.o)
 .data          0x008005ea        0x0 c:/winavr-20100110/bin/../lib/gcc/avr/4.3.3/../../../../avr/lib/avr5\libc.a(atol.o)
 .data          0x008005ea        0x0 c:/winavr-20100110/bin/../lib/gcc/avr/4.3.3/../../../../avr/lib/avr5\libc.a(toupper.o)
 .data          0x008005ea        0x0 c:/winavr-20100110/bin/../lib/gcc/avr/4.3.3/../../../../avr/lib/avr5\libc.a(strtok.o)
 .data          0x008005ea        0x0 c:/winavr-20100110/bin/../lib/gcc/avr/4.3.3/../../../../avr/lib/avr5\libc.a(strcmp.o)
 .data          0x008005ea        0x0 c:/winavr-20100110/bin/../lib/gcc/avr/4.3.3/../../../../avr/lib/avr5\libc.a(strtok_r.o)
 .data          0x008005ea        0x0 c:/winavr-20100110/bin/../lib/gcc/avr/4.3.3/../../../../avr/lib/avr5\libc.a(mulsi10.o)
 .data          0x008005ea        0x0 c:/winavr-20100110/bin/../lib/gcc/avr/4.3.3/../../../../avr/lib/avr5\libc.a(mul10.o)
 .data          0x008005ea        0x0 c:/winavr-20100110/bin/../lib/gcc/avr/4.3.3/../../../../avr/lib/avr5\libc.a(sprintf.o)
 .data          0x008005ea        0x0 c:/winavr-20100110/bin/../lib/gcc/avr/4.3.3/../../../../avr/lib/avr5\libc.a(vfprintf_std.o)
 .data          0x008005ea        0x0 c:/winavr-20100110/bin/../lib/gcc/avr/4.3.3/../../../../avr/lib/avr5\libc.a(strnlen_P.o)
 .data          0x008005ea        0x0 c:/winavr-20100110/bin/../lib/gcc/avr/4.3.3/../../../../avr/lib/avr5\libc.a(strnlen.o)
 .data          0x008005ea        0x0 c:/winavr-20100110/bin/../lib/gcc/avr/4.3.3/../../../../avr/lib/avr5\libc.a(fputc.o)
 .data          0x008005ea        0x0 c:/winavr-20100110/bin/../lib/gcc/avr/4.3.3/../../../../avr/lib/avr5\libc.a(ultoa_invert.o)
 .data          0x008005ea        0x0 c:/winavr-20100110/bin/../lib/gcc/avr/4.3.3/avr5\libgcc.a(_prologue.o)
 .data          0x008005ea        0x0 c:/winavr-20100110/bin/../lib/gcc/avr/4.3.3/avr5\libgcc.a(_epilogue.o)
 *(.data*)
 *(.rodata)
 *(.rodata*)
 *(.gnu.linkonce.d*)
                0x008005ea                . = ALIGN (0x2)
                0x008005ea                _edata = .
                0x008005ea                PROVIDE (__data_end, .)

.bss            0x008005ea      0x140
                0x008005ea                PROVIDE (__bss_start, .)
 *(.bss)
 .bss           0x008005ea        0x0 c:/winavr-20100110/bin/../lib/gcc/avr/4.3.3/../../../../avr/lib/avr5/crtm325p.o
 .bss           0x008005ea       0x2b AniBike2.o
                0x00800608                g_iCurrentPolarity
                0x00800610                g_iCurrentAddress
                0x008005fc                g_iPORTD_Buf
                0x00800605                g_iCurrentFrameIndex
                0x00800603                g_iTimer0OvfCounter
                0x008005fa                g_iPORTB_Buf
                0x008005ff                g_iPWM_Seq_Active
                0x008005fb                g_iPORTC_Buf
                0x0080060b                g_iCurrentFrame
                0x008005fd                g_iPORTF_Buf
                0x008005f0                g_iTimePerAngleElement
                0x008005ef                g_iCurrent
                0x00800601                g_iPWM_Seq_NotActive
                0x008005f8                g_iRadiusLast
                0x008005fe                g_bVeryHighSpeed
                0x00800614                g_iInnerCounter
                0x008005ea                g_iTimeCount
                0x008005f4                g_iTimeElapsedRadius
                0x00800607                g_iCurrentPosition
                0x00800609                g_iCurrentFrameCycle
                0x008005f9                g_iRadiusCurrent
                0x008005ee                g_iLast
                0x0080060c                g_iStartingAddress
 .bss           0x00800615        0x0 AniBike2_Usart_Comm.o
 .bss           0x00800615        0x3 AniBike2_FileSystem.o
                0x00800615                iCurrentFileNum
                0x00800617                bFS_Empty
 .bss           0x00800618        0x0 AniBike2_Processing.o
 .bss           0x00800618        0x0 AniBike2_DataFlash.o
 .bss           0x00800618        0x0 AniBike2_TransferMode.o
 .bss           0x00800618        0x0 c:/winavr-20100110/bin/../lib/gcc/avr/4.3.3/avr5\libgcc.a(_mulsi3.o)
 .bss           0x00800618        0x0 c:/winavr-20100110/bin/../lib/gcc/avr/4.3.3/avr5\libgcc.a(_exit.o)
 .bss           0x00800618        0x0 c:/winavr-20100110/bin/../lib/gcc/avr/4.3.3/avr5\libgcc.a(_copy_data.o)
 .bss           0x00800618        0x0 c:/winavr-20100110/bin/../lib/gcc/avr/4.3.3/avr5\libgcc.a(_clear_bss.o)
 .bss           0x00800618        0x0 c:/winavr-20100110/bin/../lib/gcc/avr/4.3.3/../../../../avr/lib/avr5\libc.a(atoi.o)
 .bss           0x00800618        0x0 c:/winavr-20100110/bin/../lib/gcc/avr/4.3.3/../../../../avr/lib/avr5\libc.a(atol.o)
 .bss           0x00800618        0x0 c:/winavr-20100110/bin/../lib/gcc/avr/4.3.3/../../../../avr/lib/avr5\libc.a(toupper.o)
 .bss           0x00800618        0x2 c:/winavr-20100110/bin/../lib/gcc/avr/4.3.3/../../../../avr/lib/avr5\libc.a(strtok.o)
 .bss           0x0080061a        0x0 c:/winavr-20100110/bin/../lib/gcc/avr/4.3.3/../../../../avr/lib/avr5\libc.a(strcmp.o)
 .bss           0x0080061a        0x0 c:/winavr-20100110/bin/../lib/gcc/avr/4.3.3/../../../../avr/lib/avr5\libc.a(strtok_r.o)
 .bss           0x0080061a        0x0 c:/winavr-20100110/bin/../lib/gcc/avr/4.3.3/../../../../avr/lib/avr5\libc.a(mulsi10.o)
 .bss           0x0080061a        0x0 c:/winavr-20100110/bin/../lib/gcc/avr/4.3.3/../../../../avr/lib/avr5\libc.a(mul10.o)
 .bss           0x0080061a        0x0 c:/winavr-20100110/bin/../lib/gcc/avr/4.3.3/../../../../avr/lib/avr5\libc.a(sprintf.o)
 .bss           0x0080061a        0x0 c:/winavr-20100110/bin/../lib/gcc/avr/4.3.3/../../../../avr/lib/avr5\libc.a(vfprintf_std.o)
 .bss           0x0080061a        0x0 c:/winavr-20100110/bin/../lib/gcc/avr/4.3.3/../../../../avr/lib/avr5\libc.a(strnlen_P.o)
 .bss           0x0080061a        0x0 c:/winavr-20100110/bin/../lib/gcc/avr/4.3.3/../../../../avr/lib/avr5\libc.a(strnlen.o)
 .bss           0x0080061a        0x0 c:/winavr-20100110/bin/../lib/gcc/avr/4.3.3/../../../../avr/lib/avr5\libc.a(fputc.o)
 .bss           0x0080061a        0x0 c:/winavr-20100110/bin/../lib/gcc/avr/4.3.3/../../../../avr/lib/avr5\libc.a(ultoa_invert.o)
 .bss           0x0080061a        0x0 c:/winavr-20100110/bin/../lib/gcc/avr/4.3.3/avr5\libgcc.a(_prologue.o)
 .bss           0x0080061a        0x0 c:/winavr-20100110/bin/../lib/gcc/avr/4.3.3/avr5\libgcc.a(_epilogue.o)
 *(.bss*)
 *(COMMON)
 COMMON         0x0080061a      0x110 AniBike2.o
                0x0080061a                Line_Buff2
                0x0080067a                Line_Buff1
                0x008006da                g_sCurrentFileInfo
                0x0080072a                PROVIDE (__bss_end, .)
                0x00003786                __data_load_start = LOADADDR (.data)
                0x00003c70                __data_load_end = (__data_load_start + SIZEOF (.data))

.noinit         0x0080072a        0x0
                0x0080072a                PROVIDE (__noinit_start, .)
 *(.noinit*)
                0x0080072a                PROVIDE (__noinit_end, .)
                0x0080072a                _end = .
                0x0080072a                PROVIDE (__heap_start, .)

.eeprom         0x00810000        0x0
 *(.eeprom*)
                0x00810000                __eeprom_end = .

.fuse
 *(.fuse)
 *(.lfuse)
 *(.hfuse)
 *(.efuse)

.lock
 *(.lock*)

.signature
 *(.signature*)

.stab
 *(.stab)

.stabstr
 *(.stabstr)

.stab.excl
 *(.stab.excl)

.stab.exclstr
 *(.stab.exclstr)

.stab.index
 *(.stab.index)

.stab.indexstr
 *(.stab.indexstr)

.comment
 *(.comment)

.debug
 *(.debug)

.line
 *(.line)

.debug_srcinfo
 *(.debug_srcinfo)

.debug_sfnames
 *(.debug_sfnames)

.debug_aranges  0x00000000       0xc0
 *(.debug_aranges)
 .debug_aranges
                0x00000000       0x20 AniBike2.o
 .debug_aranges
                0x00000020       0x20 AniBike2_Usart_Comm.o
 .debug_aranges
                0x00000040       0x20 AniBike2_FileSystem.o
 .debug_aranges
                0x00000060       0x20 AniBike2_Processing.o
 .debug_aranges
                0x00000080       0x20 AniBike2_DataFlash.o
 .debug_aranges
                0x000000a0       0x20 AniBike2_TransferMode.o

.debug_pubnames
                0x00000000      0x740
 *(.debug_pubnames)
 .debug_pubnames
                0x00000000      0x34a AniBike2.o
 .debug_pubnames
                0x0000034a       0x5a AniBike2_Usart_Comm.o
 .debug_pubnames
                0x000003a4      0x133 AniBike2_FileSystem.o
 .debug_pubnames
                0x000004d7      0x136 AniBike2_DataFlash.o
 .debug_pubnames
                0x0000060d      0x133 AniBike2_TransferMode.o

.debug_info     0x00000000     0x2d34
 *(.debug_info)
 .debug_info    0x00000000      0x5e7 AniBike2.o
 .debug_info    0x000005e7      0x13b AniBike2_Usart_Comm.o
 .debug_info    0x00000722      0x66d AniBike2_FileSystem.o
 .debug_info    0x00000d8f       0x80 AniBike2_Processing.o
 .debug_info    0x00000e0f     0x14f6 AniBike2_DataFlash.o
 .debug_info    0x00002305      0xa2f AniBike2_TransferMode.o
 *(.gnu.linkonce.wi.*)

.debug_abbrev   0x00000000      0x95c
 *(.debug_abbrev)
 .debug_abbrev  0x00000000      0x1cd AniBike2.o
 .debug_abbrev  0x000001cd       0xfc AniBike2_Usart_Comm.o
 .debug_abbrev  0x000002c9      0x234 AniBike2_FileSystem.o
 .debug_abbrev  0x000004fd       0x14 AniBike2_Processing.o
 .debug_abbrev  0x00000511      0x21a AniBike2_DataFlash.o
 .debug_abbrev  0x0000072b      0x231 AniBike2_TransferMode.o

.debug_line     0x00000000     0x2e9a
 *(.debug_line)
 .debug_line    0x00000000      0xcce AniBike2.o
 .debug_line    0x00000cce      0x13d AniBike2_Usart_Comm.o
 .debug_line    0x00000e0b      0x617 AniBike2_FileSystem.o
 .debug_line    0x00001422       0xfe AniBike2_Processing.o
 .debug_line    0x00001520      0xe02 AniBike2_DataFlash.o
 .debug_line    0x00002322      0xb78 AniBike2_TransferMode.o

.debug_frame    0x00000000      0x3b0
 *(.debug_frame)
 .debug_frame   0x00000000       0xd0 AniBike2.o
 .debug_frame   0x000000d0       0x50 AniBike2_Usart_Comm.o
 .debug_frame   0x00000120       0xb0 AniBike2_FileSystem.o
 .debug_frame   0x000001d0       0xd0 AniBike2_DataFlash.o
 .debug_frame   0x000002a0      0x110 AniBike2_TransferMode.o

.debug_str      0x00000000      0x8c6
 *(.debug_str)
 .debug_str     0x00000000      0x3b4 AniBike2.o
                                0x3ed (size before relaxing)
 .debug_str     0x000003b4       0x61 AniBike2_Usart_Comm.o
                                0x12b (size before relaxing)
 .debug_str     0x00000415      0x15e AniBike2_FileSystem.o
                                0x2b1 (size before relaxing)
 .debug_str     0x00000573      0x192 AniBike2_DataFlash.o
                                0x28e (size before relaxing)
 .debug_str     0x00000705      0x1c1 AniBike2_TransferMode.o
                                0x342 (size before relaxing)

.debug_loc      0x00000000     0x12f8
 *(.debug_loc)
 .debug_loc     0x00000000       0x80 AniBike2.o
 .debug_loc     0x00000080       0x5e AniBike2_Usart_Comm.o
 .debug_loc     0x000000de      0x5c5 AniBike2_FileSystem.o
 .debug_loc     0x000006a3      0x582 AniBike2_DataFlash.o
 .debug_loc     0x00000c25      0x6d3 AniBike2_TransferMode.o

.debug_macinfo
 *(.debug_macinfo)
OUTPUT(AniBike2.elf elf32-avr)
LOAD linker stubs

.debug_ranges   0x00000000      0xb60
 .debug_ranges  0x00000000       0x60 AniBike2.o
 .debug_ranges  0x00000060       0x70 AniBike2_FileSystem.o
 .debug_ranges  0x000000d0      0x9c8 AniBike2_DataFlash.o
 .debug_ranges  0x00000a98       0xc8 AniBike2_TransferMode.o
