Archive member included because of file (symbol)

c:/winavr-20100110/bin/../lib/gcc/avr/4.3.3/avr5\libgcc.a(_exit.o)
                              c:/winavr-20100110/bin/../lib/gcc/avr/4.3.3/../../../../avr/lib/avr5/crtm325p.o (exit)
c:/winavr-20100110/bin/../lib/gcc/avr/4.3.3/avr5\libgcc.a(_copy_data.o)
                              ./AniBike2.o (__do_copy_data)
c:/winavr-20100110/bin/../lib/gcc/avr/4.3.3/avr5\libgcc.a(_clear_bss.o)
                              ./AniBike2.o (__do_clear_bss)
c:/winavr-20100110/bin/../lib/gcc/avr/4.3.3/../../../../avr/lib/avr5\libc.a(atoi.o)
                              ./AniBike2_TransferMode.o (atoi)
c:/winavr-20100110/bin/../lib/gcc/avr/4.3.3/../../../../avr/lib/avr5\libc.a(toupper.o)
                              ./AniBike2_TransferMode.o (toupper)
c:/winavr-20100110/bin/../lib/gcc/avr/4.3.3/../../../../avr/lib/avr5\libc.a(strtok.o)
                              ./AniBike2_TransferMode.o (strtok)
c:/winavr-20100110/bin/../lib/gcc/avr/4.3.3/../../../../avr/lib/avr5\libc.a(strcmp.o)
                              ./AniBike2_FileSystem.o (strcmp)
c:/winavr-20100110/bin/../lib/gcc/avr/4.3.3/../../../../avr/lib/avr5\libc.a(strtok_r.o)
                              c:/winavr-20100110/bin/../lib/gcc/avr/4.3.3/../../../../avr/lib/avr5\libc.a(strtok.o) (strtok_r)
c:/winavr-20100110/bin/../lib/gcc/avr/4.3.3/../../../../avr/lib/avr5\libc.a(mul10.o)
                              c:/winavr-20100110/bin/../lib/gcc/avr/4.3.3/../../../../avr/lib/avr5\libc.a(atoi.o) (__mulhi_const_10)
c:/winavr-20100110/bin/../lib/gcc/avr/4.3.3/../../../../avr/lib/avr5\libc.a(sprintf.o)
                              ./AniBike2_FileSystem.o (sprintf)
c:/winavr-20100110/bin/../lib/gcc/avr/4.3.3/../../../../avr/lib/avr5\libc.a(vfprintf_std.o)
                              c:/winavr-20100110/bin/../lib/gcc/avr/4.3.3/../../../../avr/lib/avr5\libc.a(sprintf.o) (vfprintf)
c:/winavr-20100110/bin/../lib/gcc/avr/4.3.3/../../../../avr/lib/avr5\libc.a(strnlen_P.o)
                              c:/winavr-20100110/bin/../lib/gcc/avr/4.3.3/../../../../avr/lib/avr5\libc.a(vfprintf_std.o) (strnlen_P)
c:/winavr-20100110/bin/../lib/gcc/avr/4.3.3/../../../../avr/lib/avr5\libc.a(strnlen.o)
                              c:/winavr-20100110/bin/../lib/gcc/avr/4.3.3/../../../../avr/lib/avr5\libc.a(vfprintf_std.o) (strnlen)
c:/winavr-20100110/bin/../lib/gcc/avr/4.3.3/../../../../avr/lib/avr5\libc.a(fputc.o)
                              c:/winavr-20100110/bin/../lib/gcc/avr/4.3.3/../../../../avr/lib/avr5\libc.a(vfprintf_std.o) (fputc)
c:/winavr-20100110/bin/../lib/gcc/avr/4.3.3/../../../../avr/lib/avr5\libc.a(ultoa_invert.o)
                              c:/winavr-20100110/bin/../lib/gcc/avr/4.3.3/../../../../avr/lib/avr5\libc.a(vfprintf_std.o) (__ultoa_invert)
c:/winavr-20100110/bin/../lib/gcc/avr/4.3.3/avr5\libgcc.a(_prologue.o)
                              c:/winavr-20100110/bin/../lib/gcc/avr/4.3.3/../../../../avr/lib/avr5\libc.a(sprintf.o) (__prologue_saves__)
c:/winavr-20100110/bin/../lib/gcc/avr/4.3.3/avr5\libgcc.a(_epilogue.o)
                              c:/winavr-20100110/bin/../lib/gcc/avr/4.3.3/../../../../avr/lib/avr5\libc.a(sprintf.o) (__epilogue_restores__)

Allocating common symbols
Common symbol       size              file

g_iRow_Offset       0x1               ./AniBike2.o
g_bProcessRawData   0x1               ./AniBike2.o
g_iPWM_Seq_L1_Buff2
                    0xc0              ./AniBike2.o
g_iPWM_Seq_L1_NotActive
                    0x2               ./AniBike2.o
g_iPWM_Seq_L1_Buff1
                    0xc0              ./AniBike2.o
g_iPWM_Seq_L1_Active
                    0x2               ./AniBike2.o

Memory Configuration

Name             Origin             Length             Attributes
text             0x00000000         0x00020000         xr
data             0x00800060         0x0000ffa0         rw !x
eeprom           0x00810000         0x00010000         rw !x
fuse             0x00820000         0x00000400         rw !x
lock             0x00830000         0x00000400         rw !x
signature        0x00840000         0x00000400         rw !x
*default*        0x00000000         0xffffffff

Linker script and memory map

Address of section .data set to 0x800100
LOAD c:/winavr-20100110/bin/../lib/gcc/avr/4.3.3/../../../../avr/lib/avr5/crtm325p.o
LOAD ./AniBike2.o
LOAD ./AniBike2_DataFlash.o
LOAD ./AniBike2_FileSystem.o
LOAD ./AniBike2_Processing.o
LOAD ./AniBike2_TransferMode.o
LOAD ./AniBike2_Usart_Comm.o
LOAD c:/winavr-20100110/bin/../lib/gcc/avr/4.3.3/avr5\libgcc.a
LOAD c:/winavr-20100110/bin/../lib/gcc/avr/4.3.3/../../../../avr/lib/avr5\libc.a
LOAD c:/winavr-20100110/bin/../lib/gcc/avr/4.3.3/avr5\libgcc.a

.hash
 *(.hash)

.dynsym
 *(.dynsym)

.dynstr
 *(.dynstr)

.gnu.version
 *(.gnu.version)

.gnu.version_d
 *(.gnu.version_d)

.gnu.version_r
 *(.gnu.version_r)

.rel.init
 *(.rel.init)

.rela.init
 *(.rela.init)

.rel.text
 *(.rel.text)
 *(.rel.text.*)
 *(.rel.gnu.linkonce.t*)

.rela.text
 *(.rela.text)
 *(.rela.text.*)
 *(.rela.gnu.linkonce.t*)

.rel.fini
 *(.rel.fini)

.rela.fini
 *(.rela.fini)

.rel.rodata
 *(.rel.rodata)
 *(.rel.rodata.*)
 *(.rel.gnu.linkonce.r*)

.rela.rodata
 *(.rela.rodata)
 *(.rela.rodata.*)
 *(.rela.gnu.linkonce.r*)

.rel.data
 *(.rel.data)
 *(.rel.data.*)
 *(.rel.gnu.linkonce.d*)

.rela.data
 *(.rela.data)
 *(.rela.data.*)
 *(.rela.gnu.linkonce.d*)

.rel.ctors
 *(.rel.ctors)

.rela.ctors
 *(.rela.ctors)

.rel.dtors
 *(.rel.dtors)

.rela.dtors
 *(.rela.dtors)

.rel.got
 *(.rel.got)

.rela.got
 *(.rela.got)

.rel.bss
 *(.rel.bss)

.rela.bss
 *(.rela.bss)

.rel.plt
 *(.rel.plt)

.rela.plt
 *(.rela.plt)

.text           0x00000000     0x29d2
 *(.vectors)
 .vectors       0x00000000       0x5c c:/winavr-20100110/bin/../lib/gcc/avr/4.3.3/../../../../avr/lib/avr5/crtm325p.o
                0x00000000                __vectors
                0x00000000                __vector_default
 *(.vectors)
 *(.progmem.gcc*)
 *(.progmem*)
                0x0000005c                . = ALIGN (0x2)
                0x0000005c                __trampolines_start = .
 *(.trampolines)
 .trampolines   0x0000005c        0x0 linker stubs
 *(.trampolines*)
                0x0000005c                __trampolines_end = .
 *(.jumptables)
 *(.jumptables*)
 *(.lowtext)
 *(.lowtext*)
                0x0000005c                __ctors_start = .
 *(.ctors)
                0x0000005c                __ctors_end = .
                0x0000005c                __dtors_start = .
 *(.dtors)
                0x0000005c                __dtors_end = .
 SORT(*)(.ctors)
 SORT(*)(.dtors)
 *(.init0)
 .init0         0x0000005c        0x0 c:/winavr-20100110/bin/../lib/gcc/avr/4.3.3/../../../../avr/lib/avr5/crtm325p.o
                0x0000005c                __init
 *(.init0)
 *(.init1)
 *(.init1)
 *(.init2)
 .init2         0x0000005c        0xc c:/winavr-20100110/bin/../lib/gcc/avr/4.3.3/../../../../avr/lib/avr5/crtm325p.o
 *(.init2)
 *(.init3)
 *(.init3)
 *(.init4)
 .init4         0x00000068       0x16 c:/winavr-20100110/bin/../lib/gcc/avr/4.3.3/avr5\libgcc.a(_copy_data.o)
                0x00000068                __do_copy_data
 .init4         0x0000007e       0x10 c:/winavr-20100110/bin/../lib/gcc/avr/4.3.3/avr5\libgcc.a(_clear_bss.o)
                0x0000007e                __do_clear_bss
 *(.init4)
 *(.init5)
 *(.init5)
 *(.init6)
 *(.init6)
 *(.init7)
 *(.init7)
 *(.init8)
 *(.init8)
 *(.init9)
 .init9         0x0000008e        0x8 c:/winavr-20100110/bin/../lib/gcc/avr/4.3.3/../../../../avr/lib/avr5/crtm325p.o
 *(.init9)
 *(.text)
 .text          0x00000096        0x4 c:/winavr-20100110/bin/../lib/gcc/avr/4.3.3/../../../../avr/lib/avr5/crtm325p.o
                0x00000096                __vector_22
                0x00000096                __vector_12
                0x00000096                __bad_interrupt
                0x00000096                __vector_6
                0x00000096                __vector_3
                0x00000096                __vector_17
                0x00000096                __vector_19
                0x00000096                __vector_5
                0x00000096                __vector_9
                0x00000096                __vector_2
                0x00000096                __vector_21
                0x00000096                __vector_15
                0x00000096                __vector_8
                0x00000096                __vector_14
                0x00000096                __vector_10
                0x00000096                __vector_16
                0x00000096                __vector_18
                0x00000096                __vector_20
 .text          0x0000009a      0x6e4 ./AniBike2.o
                0x00000278                __vector_1
                0x0000009a                Anibike_InitLeds
                0x0000020a                __vector_11
                0x00000398                __vector_13
                0x0000011a                __vector_7
                0x000003fa                main
                0x000001b2                __vector_4
                0x000000c2                Anibike_LightLEDs
 .text          0x0000077e      0x390 ./AniBike2_DataFlash.o
                0x00000a4e                dataflash_protect_all
                0x00000978                dataflash_unprotect_block4
                0x00000a2c                dataflash_read_status
                0x00000aae                dataflash_unprotect_all
                0x00000790                spi_transfer
                0x0000077e                dataflash_spi_init
                0x00000852                dataflash_read
                0x0000079c                dataflash_spi_idn
                0x000007ee                dataflash_write
                0x000009d2                dataflash_protect_block4
                0x0000091e                dataflash_erase_block4
                0x0000089e                dataflash_erase_all
 .text          0x00000b0e      0xa4c ./AniBike2_FileSystem.o
                0x00000f6a                FS_ReadEntry
                0x000010f8                FS_ShowFileInformation
                0x00000b0e                FS_StopReadingFrame
                0x00000d8a                FS_SearchFile
                0x00000b14                transfer_word
                0x00000b12                FS_WriteNewEntryTable
                0x0000129e                FS_ReadFileContents
                0x00001248                FS_ReadNextEntry
                0x00000bc0                FS_ReadEntry_FileMatch
                0x00000b56                FS_ReadFrame
 .text          0x0000155a      0x196 ./AniBike2_Processing.o
                0x000016b2                ProcessNewLine
                0x00001570                PrepareBuffers
 .text          0x000016f0      0xc12 ./AniBike2_TransferMode.o
                0x00001ac2                TM_Spi
                0x0000185a                TM_WriteMemory
                0x0000197e                TM_FlashStatus
                0x00001b9c                TM_ReadMemory
                0x00001a36                TM_ShowParameters
                0x000016f2                TM_WriteBlocks
                0x00001d40                TM_Identify
                0x00001904                TM_FetchCommand
                0x000016f0                TM_EchoCommand
                0x00001e62                DataTransferMode
 .text          0x00002302       0x56 ./AniBike2_Usart_Comm.o
                0x0000232a                USARTWriteChar
                0x0000231c                USARTReadChar
                0x0000233a                USARTWriteString
                0x00002302                USARTInit
 .text          0x00002358        0x0 c:/winavr-20100110/bin/../lib/gcc/avr/4.3.3/avr5\libgcc.a(_exit.o)
 .text          0x00002358        0x0 c:/winavr-20100110/bin/../lib/gcc/avr/4.3.3/avr5\libgcc.a(_copy_data.o)
 .text          0x00002358        0x0 c:/winavr-20100110/bin/../lib/gcc/avr/4.3.3/avr5\libgcc.a(_clear_bss.o)
 .text          0x00002358        0x0 c:/winavr-20100110/bin/../lib/gcc/avr/4.3.3/../../../../avr/lib/avr5\libc.a(atoi.o)
 .text          0x00002358        0x0 c:/winavr-20100110/bin/../lib/gcc/avr/4.3.3/../../../../avr/lib/avr5\libc.a(toupper.o)
 .text          0x00002358        0x0 c:/winavr-20100110/bin/../lib/gcc/avr/4.3.3/../../../../avr/lib/avr5\libc.a(strtok.o)
 .text          0x00002358        0x0 c:/winavr-20100110/bin/../lib/gcc/avr/4.3.3/../../../../avr/lib/avr5\libc.a(strcmp.o)
 .text          0x00002358        0x0 c:/winavr-20100110/bin/../lib/gcc/avr/4.3.3/../../../../avr/lib/avr5\libc.a(strtok_r.o)
 .text          0x00002358        0x0 c:/winavr-20100110/bin/../lib/gcc/avr/4.3.3/../../../../avr/lib/avr5\libc.a(mul10.o)
 .text          0x00002358        0x0 c:/winavr-20100110/bin/../lib/gcc/avr/4.3.3/../../../../avr/lib/avr5\libc.a(sprintf.o)
 .text          0x00002358        0x0 c:/winavr-20100110/bin/../lib/gcc/avr/4.3.3/../../../../avr/lib/avr5\libc.a(vfprintf_std.o)
 .text          0x00002358        0x0 c:/winavr-20100110/bin/../lib/gcc/avr/4.3.3/../../../../avr/lib/avr5\libc.a(strnlen_P.o)
 .text          0x00002358        0x0 c:/winavr-20100110/bin/../lib/gcc/avr/4.3.3/../../../../avr/lib/avr5\libc.a(strnlen.o)
 .text          0x00002358        0x0 c:/winavr-20100110/bin/../lib/gcc/avr/4.3.3/../../../../avr/lib/avr5\libc.a(fputc.o)
 .text          0x00002358        0x0 c:/winavr-20100110/bin/../lib/gcc/avr/4.3.3/../../../../avr/lib/avr5\libc.a(ultoa_invert.o)
 .text          0x00002358        0x0 c:/winavr-20100110/bin/../lib/gcc/avr/4.3.3/avr5\libgcc.a(_prologue.o)
 .text          0x00002358        0x0 c:/winavr-20100110/bin/../lib/gcc/avr/4.3.3/avr5\libgcc.a(_epilogue.o)
                0x00002358                . = ALIGN (0x2)
 *(.text.*)
 .text.libgcc   0x00002358        0x0 c:/winavr-20100110/bin/../lib/gcc/avr/4.3.3/avr5\libgcc.a(_exit.o)
 .text.libgcc   0x00002358        0x0 c:/winavr-20100110/bin/../lib/gcc/avr/4.3.3/avr5\libgcc.a(_copy_data.o)
 .text.libgcc   0x00002358        0x0 c:/winavr-20100110/bin/../lib/gcc/avr/4.3.3/avr5\libgcc.a(_clear_bss.o)
 .text.avr-libc
                0x00002358       0x3c c:/winavr-20100110/bin/../lib/gcc/avr/4.3.3/../../../../avr/lib/avr5\libc.a(atoi.o)
                0x00002358                atoi
 .text.avr-libc
                0x00002394       0x10 c:/winavr-20100110/bin/../lib/gcc/avr/4.3.3/../../../../avr/lib/avr5\libc.a(toupper.o)
                0x00002394                toupper
 .text.avr-libc
                0x000023a4        0xa c:/winavr-20100110/bin/../lib/gcc/avr/4.3.3/../../../../avr/lib/avr5\libc.a(strtok.o)
                0x000023a4                strtok
 .text.avr-libc
                0x000023ae       0x12 c:/winavr-20100110/bin/../lib/gcc/avr/4.3.3/../../../../avr/lib/avr5\libc.a(strcmp.o)
                0x000023ae                strcmp
 .text.avr-libc
                0x000023c0       0x4e c:/winavr-20100110/bin/../lib/gcc/avr/4.3.3/../../../../avr/lib/avr5\libc.a(strtok_r.o)
                0x000023c0                strtok_r
 .text.avr-libc
                0x0000240e       0x10 c:/winavr-20100110/bin/../lib/gcc/avr/4.3.3/../../../../avr/lib/avr5\libc.a(mul10.o)
                0x0000240e                __mulhi_const_10
 .text.avr-libc
                0x0000241e       0x48 c:/winavr-20100110/bin/../lib/gcc/avr/4.3.3/../../../../avr/lib/avr5\libc.a(sprintf.o)
                0x0000241e                sprintf
 .text.avr-libc
                0x00002466      0x3ba c:/winavr-20100110/bin/../lib/gcc/avr/4.3.3/../../../../avr/lib/avr5\libc.a(vfprintf_std.o)
                0x00002466                vfprintf
 .text.avr-libc
                0x00002820       0x16 c:/winavr-20100110/bin/../lib/gcc/avr/4.3.3/../../../../avr/lib/avr5\libc.a(strnlen_P.o)
                0x00002820                strnlen_P
 .text.avr-libc
                0x00002836       0x16 c:/winavr-20100110/bin/../lib/gcc/avr/4.3.3/../../../../avr/lib/avr5\libc.a(strnlen.o)
                0x00002836                strnlen
 .text.avr-libc
                0x0000284c       0x58 c:/winavr-20100110/bin/../lib/gcc/avr/4.3.3/../../../../avr/lib/avr5\libc.a(fputc.o)
                0x0000284c                fputc
 .text.avr-libc
                0x000028a4       0xbc c:/winavr-20100110/bin/../lib/gcc/avr/4.3.3/../../../../avr/lib/avr5\libc.a(ultoa_invert.o)
                0x000028a4                __ultoa_invert
 .text.libgcc   0x00002960       0x38 c:/winavr-20100110/bin/../lib/gcc/avr/4.3.3/avr5\libgcc.a(_prologue.o)
                0x00002960                __prologue_saves__
 .text.libgcc   0x00002998       0x36 c:/winavr-20100110/bin/../lib/gcc/avr/4.3.3/avr5\libgcc.a(_epilogue.o)
                0x00002998                __epilogue_restores__
                0x000029ce                . = ALIGN (0x2)
 *(.fini9)
 .fini9         0x000029ce        0x0 c:/winavr-20100110/bin/../lib/gcc/avr/4.3.3/avr5\libgcc.a(_exit.o)
                0x000029ce                exit
                0x000029ce                _exit
 *(.fini9)
 *(.fini8)
 *(.fini8)
 *(.fini7)
 *(.fini7)
 *(.fini6)
 *(.fini6)
 *(.fini5)
 *(.fini5)
 *(.fini4)
 *(.fini4)
 *(.fini3)
 *(.fini3)
 *(.fini2)
 *(.fini2)
 *(.fini1)
 *(.fini1)
 *(.fini0)
 .fini0         0x000029ce        0x4 c:/winavr-20100110/bin/../lib/gcc/avr/4.3.3/avr5\libgcc.a(_exit.o)
 *(.fini0)
                0x000029d2                _etext = .

.data           0x00800100      0x4fc load address 0x000029d2
                0x00800100                PROVIDE (__data_start, .)
 *(.data)
 .data          0x00800100        0x0 c:/winavr-20100110/bin/../lib/gcc/avr/4.3.3/../../../../avr/lib/avr5/crtm325p.o
 .data          0x00800100       0x1c ./AniBike2.o
                0x00800113                LUT
                0x0080011b                g_bHighSpeedMode
                0x00800102                g_iProcessNeed
                0x00800101                g_iFlashRead
                0x00800100                g_iPWM_Line_MASK
                0x00800103                g_iRowPatterns
                0x0080010b                g_iPWM_Mask
 .data          0x0080011c        0x0 ./AniBike2_DataFlash.o
 .data          0x0080011c      0x122 ./AniBike2_FileSystem.o
                0x00800238                iCurrentAddress
                0x0080023c                iNumOfFiles
 .data          0x0080023e        0x0 ./AniBike2_Processing.o
 .data          0x0080023e      0x3bd ./AniBike2_TransferMode.o
 .data          0x008005fb        0x0 ./AniBike2_Usart_Comm.o
 .data          0x008005fb        0x0 c:/winavr-20100110/bin/../lib/gcc/avr/4.3.3/avr5\libgcc.a(_exit.o)
 .data          0x008005fb        0x0 c:/winavr-20100110/bin/../lib/gcc/avr/4.3.3/avr5\libgcc.a(_copy_data.o)
 .data          0x008005fb        0x0 c:/winavr-20100110/bin/../lib/gcc/avr/4.3.3/avr5\libgcc.a(_clear_bss.o)
 .data          0x008005fb        0x0 c:/winavr-20100110/bin/../lib/gcc/avr/4.3.3/../../../../avr/lib/avr5\libc.a(atoi.o)
 .data          0x008005fb        0x0 c:/winavr-20100110/bin/../lib/gcc/avr/4.3.3/../../../../avr/lib/avr5\libc.a(toupper.o)
 .data          0x008005fb        0x0 c:/winavr-20100110/bin/../lib/gcc/avr/4.3.3/../../../../avr/lib/avr5\libc.a(strtok.o)
 .data          0x008005fb        0x0 c:/winavr-20100110/bin/../lib/gcc/avr/4.3.3/../../../../avr/lib/avr5\libc.a(strcmp.o)
 .data          0x008005fb        0x0 c:/winavr-20100110/bin/../lib/gcc/avr/4.3.3/../../../../avr/lib/avr5\libc.a(strtok_r.o)
 .data          0x008005fb        0x0 c:/winavr-20100110/bin/../lib/gcc/avr/4.3.3/../../../../avr/lib/avr5\libc.a(mul10.o)
 .data          0x008005fb        0x0 c:/winavr-20100110/bin/../lib/gcc/avr/4.3.3/../../../../avr/lib/avr5\libc.a(sprintf.o)
 .data          0x008005fb        0x0 c:/winavr-20100110/bin/../lib/gcc/avr/4.3.3/../../../../avr/lib/avr5\libc.a(vfprintf_std.o)
 .data          0x008005fb        0x0 c:/winavr-20100110/bin/../lib/gcc/avr/4.3.3/../../../../avr/lib/avr5\libc.a(strnlen_P.o)
 .data          0x008005fb        0x0 c:/winavr-20100110/bin/../lib/gcc/avr/4.3.3/../../../../avr/lib/avr5\libc.a(strnlen.o)
 .data          0x008005fb        0x0 c:/winavr-20100110/bin/../lib/gcc/avr/4.3.3/../../../../avr/lib/avr5\libc.a(fputc.o)
 .data          0x008005fb        0x0 c:/winavr-20100110/bin/../lib/gcc/avr/4.3.3/../../../../avr/lib/avr5\libc.a(ultoa_invert.o)
 .data          0x008005fb        0x0 c:/winavr-20100110/bin/../lib/gcc/avr/4.3.3/avr5\libgcc.a(_prologue.o)
 .data          0x008005fb        0x0 c:/winavr-20100110/bin/../lib/gcc/avr/4.3.3/avr5\libgcc.a(_epilogue.o)
 *(.data*)
 *(.rodata)
 *(.rodata*)
 *(.gnu.linkonce.d*)
                0x008005fc                . = ALIGN (0x2)
 *fill*         0x008005fb        0x1 00
                0x008005fc                _edata = .
                0x008005fc                PROVIDE (__data_end, .)

.bss            0x008005fc      0x1ab
                0x008005fc                PROVIDE (__bss_start, .)
 *(.bss)
 .bss           0x008005fc        0x0 c:/winavr-20100110/bin/../lib/gcc/avr/4.3.3/../../../../avr/lib/avr5/crtm325p.o
 .bss           0x008005fc       0x20 ./AniBike2.o
                0x0080061b                g_iCurrentPolarity
                0x00800611                g_iPORTD_Buf
                0x00800618                g_iCurrentFrameIndex
                0x00800613                g_iTimer0OvfCounter
                0x0080060f                g_iPORTB_Buf
                0x00800610                g_iPORTC_Buf
                0x00800612                g_iPORTF_Buf
                0x00800602                g_iTimePerAngleElement
                0x00800601                g_iCurrent
                0x0080060a                g_iRadiusLast
                0x0080060d                g_iPWMLine
                0x008005fc                g_iTimeCount
                0x00800617                g_bPowerSafeMode
                0x00800606                g_iTimeElapsedRadius
                0x0080061a                g_iCurrentPosition
                0x0080060b                g_iRadiusCurrent
                0x00800600                g_iLast
                0x0080060c                g_iRowNum
                0x0080060e                g_iBuffersReady
 .bss           0x0080061c        0x0 ./AniBike2_DataFlash.o
 .bss           0x0080061c        0x3 ./AniBike2_FileSystem.o
                0x0080061c                iCurrentFileNum
                0x0080061e                bFS_Empty
 .bss           0x0080061f        0x0 ./AniBike2_Processing.o
 .bss           0x0080061f        0x0 ./AniBike2_TransferMode.o
 .bss           0x0080061f        0x0 ./AniBike2_Usart_Comm.o
 .bss           0x0080061f        0x0 c:/winavr-20100110/bin/../lib/gcc/avr/4.3.3/avr5\libgcc.a(_exit.o)
 .bss           0x0080061f        0x0 c:/winavr-20100110/bin/../lib/gcc/avr/4.3.3/avr5\libgcc.a(_copy_data.o)
 .bss           0x0080061f        0x0 c:/winavr-20100110/bin/../lib/gcc/avr/4.3.3/avr5\libgcc.a(_clear_bss.o)
 .bss           0x0080061f        0x0 c:/winavr-20100110/bin/../lib/gcc/avr/4.3.3/../../../../avr/lib/avr5\libc.a(atoi.o)
 .bss           0x0080061f        0x0 c:/winavr-20100110/bin/../lib/gcc/avr/4.3.3/../../../../avr/lib/avr5\libc.a(toupper.o)
 .bss           0x0080061f        0x2 c:/winavr-20100110/bin/../lib/gcc/avr/4.3.3/../../../../avr/lib/avr5\libc.a(strtok.o)
 .bss           0x00800621        0x0 c:/winavr-20100110/bin/../lib/gcc/avr/4.3.3/../../../../avr/lib/avr5\libc.a(strcmp.o)
 .bss           0x00800621        0x0 c:/winavr-20100110/bin/../lib/gcc/avr/4.3.3/../../../../avr/lib/avr5\libc.a(strtok_r.o)
 .bss           0x00800621        0x0 c:/winavr-20100110/bin/../lib/gcc/avr/4.3.3/../../../../avr/lib/avr5\libc.a(mul10.o)
 .bss           0x00800621        0x0 c:/winavr-20100110/bin/../lib/gcc/avr/4.3.3/../../../../avr/lib/avr5\libc.a(sprintf.o)
 .bss           0x00800621        0x0 c:/winavr-20100110/bin/../lib/gcc/avr/4.3.3/../../../../avr/lib/avr5\libc.a(vfprintf_std.o)
 .bss           0x00800621        0x0 c:/winavr-20100110/bin/../lib/gcc/avr/4.3.3/../../../../avr/lib/avr5\libc.a(strnlen_P.o)
 .bss           0x00800621        0x0 c:/winavr-20100110/bin/../lib/gcc/avr/4.3.3/../../../../avr/lib/avr5\libc.a(strnlen.o)
 .bss           0x00800621        0x0 c:/winavr-20100110/bin/../lib/gcc/avr/4.3.3/../../../../avr/lib/avr5\libc.a(fputc.o)
 .bss           0x00800621        0x0 c:/winavr-20100110/bin/../lib/gcc/avr/4.3.3/../../../../avr/lib/avr5\libc.a(ultoa_invert.o)
 .bss           0x00800621        0x0 c:/winavr-20100110/bin/../lib/gcc/avr/4.3.3/avr5\libgcc.a(_prologue.o)
 .bss           0x00800621        0x0 c:/winavr-20100110/bin/../lib/gcc/avr/4.3.3/avr5\libgcc.a(_epilogue.o)
 *(.bss*)
 *(COMMON)
 COMMON         0x00800621      0x186 ./AniBike2.o
                0x00800621                g_iRow_Offset
                0x00800622                g_bProcessRawData
                0x00800623                g_iPWM_Seq_L1_Buff2
                0x008006e3                g_iPWM_Seq_L1_NotActive
                0x008006e5                g_iPWM_Seq_L1_Buff1
                0x008007a5                g_iPWM_Seq_L1_Active
                0x008007a7                PROVIDE (__bss_end, .)
                0x000029d2                __data_load_start = LOADADDR (.data)
                0x00002ece                __data_load_end = (__data_load_start + SIZEOF (.data))

.noinit         0x008007a7        0x0
                0x008007a7                PROVIDE (__noinit_start, .)
 *(.noinit*)
                0x008007a7                PROVIDE (__noinit_end, .)
                0x008007a7                _end = .
                0x008007a7                PROVIDE (__heap_start, .)

.eeprom         0x00810000        0x0
 *(.eeprom*)
                0x00810000                __eeprom_end = .

.fuse
 *(.fuse)
 *(.lfuse)
 *(.hfuse)
 *(.efuse)

.lock
 *(.lock*)

.signature
 *(.signature*)

.stab           0x00000000     0x3f78
 *(.stab)
 .stab          0x00000000      0xf3c ./AniBike2.o
 .stab          0x00000f3c      0xfd8 ./AniBike2_DataFlash.o
                               0x1224 (size before relaxing)
 .stab          0x00001f14      0xe28 ./AniBike2_FileSystem.o
                               0x10bc (size before relaxing)
 .stab          0x00002d3c      0xfa8 ./AniBike2_TransferMode.o
                               0x123c (size before relaxing)
 .stab          0x00003ce4      0x294 ./AniBike2_Usart_Comm.o
                                0x4bc (size before relaxing)

.stabstr        0x00000000     0x18fb
 *(.stabstr)
 .stabstr       0x00000000     0x18fb ./AniBike2.o

.stab.excl
 *(.stab.excl)

.stab.exclstr
 *(.stab.exclstr)

.stab.index
 *(.stab.index)

.stab.indexstr
 *(.stab.indexstr)

.comment
 *(.comment)

.debug
 *(.debug)

.line
 *(.line)

.debug_srcinfo
 *(.debug_srcinfo)

.debug_sfnames
 *(.debug_sfnames)

.debug_aranges
 *(.debug_aranges)

.debug_pubnames
 *(.debug_pubnames)

.debug_info
 *(.debug_info)
 *(.gnu.linkonce.wi.*)

.debug_abbrev
 *(.debug_abbrev)

.debug_line
 *(.debug_line)

.debug_frame
 *(.debug_frame)

.debug_str
 *(.debug_str)

.debug_loc
 *(.debug_loc)

.debug_macinfo
 *(.debug_macinfo)
OUTPUT(AniBike2.elf elf32-avr)
LOAD linker stubs
